#
# There is insufficient memory for the Java Runtime Environment to continue.
# Native memory allocation (malloc) failed to allocate 740448 bytes. Error detail: Chunk::new
# Possible reasons:
#   The system is out of physical RAM or swap space
#   This process is running with CompressedOops enabled, and the Java Heap may be blocking the growth of the native heap
# Possible solutions:
#   Reduce memory load on the system
#   Increase physical memory or swap space
#   Check if swap backing store is full
#   Decrease Java heap size (-Xmx/-Xms)
#   Decrease number of Java threads
#   Decrease Java thread stack sizes (-Xss)
#   Set larger code cache with -XX:ReservedCodeCacheSize=
#   JVM is running with Unscaled Compressed Oops mode in which the Java heap is
#     placed in the first 4GB address space. The Java Heap base address is the
#     maximum limit for the native heap growth. Please use -XX:HeapBaseMinAddress
#     to set the Java Heap base and to place the Java Heap above 4GB virtual address.
# This output file may be truncated or incomplete.
#
#  Out of Memory Error (arena.cpp:168), pid=4280, tid=7868
#
# JRE version: OpenJDK Runtime Environment Temurin-21.0.5+11 (21.0.5+11) (build 21.0.5+11-LTS)
# Java VM: OpenJDK 64-Bit Server VM Temurin-21.0.5+11 (21.0.5+11-LTS, mixed mode, sharing, tiered, compressed oops, compressed class ptrs, g1 gc, windows-amd64)
# No core dump will be written. Minidumps are not enabled by default on client versions of Windows
#

---------------  S U M M A R Y ------------

Command Line: -DMX_LOG_LEVEL=INFO -Djava.library.path=C:/Users/Admin/Mendix/LearnNow Training management-main/deployment/model/lib/userlib -Dfile.encoding=UTF-8 -Djava.io.tmpdir=C:/Users/Admin/Mendix/LearnNow Training management-main/deployment/data/tmp -Dmendix.live-preview=enabled C:\Program Files\Mendix\10.24.9.81004\runtime\launcher\runtimelauncher.jar C:\Users\Admin\Mendix\LearnNow Training management-main\deployment

Host: 13th Gen Intel(R) Core(TM) i7-1355U, 8 cores, 3G,  Windows 10 , 64 bit Build 19041 (10.0.19041.5915)
Time: Mon Dec  1 18:11:12 2025 Central Standard Time (Mexico) elapsed time: 1704.261843 seconds (0d 0h 28m 24s)

---------------  T H R E A D  ---------------

Current thread (0x0000022917762170):  JavaThread "C2 CompilerThread0" daemon [_thread_in_native, id=7868, stack(0x000000436a800000,0x000000436a900000) (1024K)]


Current CompileTask:
C2:1704262 13983       4       com.mendix.datastorage.query.plans.From::mapChildren (48 bytes)

Stack: [0x000000436a800000,0x000000436a900000]
Native frames: (J=compiled Java code, j=interpreted, Vv=VM code, C=native code)
V  [jvm.dll+0x6cd4e9]
V  [jvm.dll+0x8a7941]
V  [jvm.dll+0x8a9e6e]
V  [jvm.dll+0x8aa543]
V  [jvm.dll+0x27f6d6]
V  [jvm.dll+0xc500d]
V  [jvm.dll+0xc5543]
V  [jvm.dll+0x3b660c]
V  [jvm.dll+0x382835]
V  [jvm.dll+0x381c9a]
V  [jvm.dll+0x2479d0]
V  [jvm.dll+0x246faf]
V  [jvm.dll+0x1c75ce]
V  [jvm.dll+0x25682a]
V  [jvm.dll+0x254dca]
V  [jvm.dll+0x3f00d6]
V  [jvm.dll+0x8514fb]
V  [jvm.dll+0x6cbbed]
C  [ucrtbase.dll+0x21bb2]
C  [KERNEL32.DLL+0x17374]
C  [ntdll.dll+0x4cc91]


---------------  P R O C E S S  ---------------

Threads class SMR info:
_java_thread_list=0x0000022961825090, length=61, elements={
0x0000022976abc270, 0x00000229177523b0, 0x00000229177532c0, 0x000002291775d0f0,
0x000002291775db40, 0x00000229177605a0, 0x00000229177613f0, 0x0000022917762170,
0x000002291777c030, 0x00000229179c45f0, 0x00000229179cce20, 0x000002295f8e9620,
0x000002295f8e8f90, 0x00000229628a2030, 0x000002296289bdc0, 0x000002296289c450,
0x000002296289cae0, 0x00000229628a26c0, 0x00000229628a05f0, 0x000002296289b730,
0x000002296289d170, 0x000002296289ff60, 0x00000229628a19a0, 0x00000229628a0c80,
0x000002296289d800, 0x000002296289e520, 0x000002296289de90, 0x000002296289ebb0,
0x00000229601e05a0, 0x00000229601e1950, 0x00000229601e3a20, 0x00000229601dde40,
0x00000229601dca90, 0x00000229601e0c30, 0x00000229601df880, 0x00000229601e1fe0,
0x00000229601dd120, 0x00000229601dd7b0, 0x00000229601deb60, 0x00000229601dff10,
0x00000229606eee00, 0x00000229606ef490, 0x00000229606efb20, 0x00000229606f0ed0,
0x00000229606f01b0, 0x00000229606f0840, 0x00000229606f1560, 0x00000229606f2280,
0x00000229606f1bf0, 0x00000229628f1690, 0x00000229628edb80, 0x00000229628ed4f0,
0x00000229628f1d20, 0x00000229628ef5c0, 0x00000229628ee8a0, 0x00000229628f23b0,
0x00000229628eef30, 0x00000229628efc50, 0x00000229628f1000, 0x00000229628f30d0,
0x00000229628ee210
}

Java Threads: ( => current thread )
  0x0000022976abc270 JavaThread "main"                              [_thread_blocked, id=6620, stack(0x0000004369a00000,0x0000004369b00000) (1024K)]
  0x00000229177523b0 JavaThread "Reference Handler"          daemon [_thread_blocked, id=5940, stack(0x000000436a200000,0x000000436a300000) (1024K)]
  0x00000229177532c0 JavaThread "Finalizer"                  daemon [_thread_blocked, id=1272, stack(0x000000436a300000,0x000000436a400000) (1024K)]
  0x000002291775d0f0 JavaThread "Signal Dispatcher"          daemon [_thread_blocked, id=2332, stack(0x000000436a400000,0x000000436a500000) (1024K)]
  0x000002291775db40 JavaThread "Attach Listener"            daemon [_thread_blocked, id=2980, stack(0x000000436a500000,0x000000436a600000) (1024K)]
  0x00000229177605a0 JavaThread "Service Thread"             daemon [_thread_blocked, id=7156, stack(0x000000436a600000,0x000000436a700000) (1024K)]
  0x00000229177613f0 JavaThread "Monitor Deflation Thread"   daemon [_thread_blocked, id=2260, stack(0x000000436a700000,0x000000436a800000) (1024K)]
=>0x0000022917762170 JavaThread "C2 CompilerThread0"         daemon [_thread_in_native, id=7868, stack(0x000000436a800000,0x000000436a900000) (1024K)]
  0x000002291777c030 JavaThread "C1 CompilerThread0"         daemon [_thread_blocked, id=4796, stack(0x000000436a900000,0x000000436aa00000) (1024K)]
  0x00000229179c45f0 JavaThread "Notification Thread"        daemon [_thread_blocked, id=8816, stack(0x000000436aa00000,0x000000436ab00000) (1024K)]
  0x00000229179cce20 JavaThread "Common-Cleaner"             daemon [_thread_blocked, id=2976, stack(0x000000436ab00000,0x000000436ac00000) (1024K)]
  0x000002295f8e9620 JavaThread "qtp1837602497-38"                  [_thread_in_native, id=5588, stack(0x000000436bb00000,0x000000436bc00000) (1024K)]
  0x000002295f8e8f90 JavaThread "qtp1837602497-39"                  [_thread_blocked, id=468, stack(0x000000436bc00000,0x000000436bd00000) (1024K)]
  0x00000229628a2030 JavaThread "qtp1837602497-41"                  [_thread_in_native, id=4540, stack(0x000000436be00000,0x000000436bf00000) (1024K)]
  0x000002296289bdc0 JavaThread "qtp1837602497-42-acceptor-0@78218bf3-ServerConnector@76e66a87{HTTP/1.1, (http/1.1)}{127.0.0.1:8090}"        [_thread_in_native, id=3060, stack(0x000000436bf00000,0x000000436c000000) (1024K)]
  0x000002296289c450 JavaThread "qtp1837602497-43"                  [_thread_in_native, id=7072, stack(0x000000436c000000,0x000000436c100000) (1024K)]
  0x000002296289cae0 JavaThread "qtp1837602497-44"                  [_thread_in_native, id=5572, stack(0x000000436c100000,0x000000436c200000) (1024K)]
  0x00000229628a26c0 JavaThread "qtp1837602497-45"                  [_thread_in_native, id=1640, stack(0x000000436c200000,0x000000436c300000) (1024K)]
  0x00000229628a05f0 JavaThread "qtp1837602497-46"                  [_thread_in_native, id=10048, stack(0x000000436c300000,0x000000436c400000) (1024K)]
  0x000002296289b730 JavaThread "qtp1837602497-47-acceptor-0@30264dc7-ServerConnector@3ee1a5b3{HTTP/1.1, (http/1.1)}{::1:8090}"        [_thread_in_native, id=6936, stack(0x000000436c400000,0x000000436c500000) (1024K)]
  0x000002296289d170 JavaThread "qtp1837602497-48"                  [_thread_in_native, id=2156, stack(0x000000436ba00000,0x000000436bb00000) (1024K)]
  0x000002296289ff60 JavaThread "Scheduler-1532644077-1"            [_thread_blocked, id=6476, stack(0x000000436c500000,0x000000436c600000) (1024K)]
  0x00000229628a19a0 JavaThread "qtp1837602497-50"                  [_thread_in_native, id=4492, stack(0x000000436c600000,0x000000436c700000) (1024K)]
  0x00000229628a0c80 JavaThread "Thread-14"                         [_thread_blocked, id=4948, stack(0x000000436c700000,0x000000436c800000) (1024K)]
  0x000002296289d800 JavaThread "Thread-0"                          [_thread_blocked, id=9992, stack(0x000000436c800000,0x000000436c900000) (1024K)]
  0x000002296289e520 JavaThread "commons-pool-metrics-updater" daemon [_thread_blocked, id=8800, stack(0x000000436ca00000,0x000000436cb00000) (1024K)]
  0x000002296289de90 JavaThread "commons-pool-evictor"       daemon [_thread_blocked, id=1252, stack(0x000000436cb00000,0x000000436cc00000) (1024K)]
  0x000002296289ebb0 JavaThread "HSQLDB Timer @7330244"      daemon [_thread_blocked, id=4116, stack(0x000000436cc00000,0x000000436cd00000) (1024K)]
  0x00000229601e05a0 JavaThread "ConnectionBus-scheduled-1"         [_thread_blocked, id=9504, stack(0x000000436ce00000,0x000000436cf00000) (1024K)]
  0x00000229601e1950 JavaThread "ActionManager-scheduled-1"  daemon [_thread_blocked, id=472, stack(0x000000436cf00000,0x000000436d000000) (1024K)]
  0x00000229601e3a20 JavaThread "ActionManager-scheduled-2"  daemon [_thread_blocked, id=3836, stack(0x000000436d000000,0x000000436d100000) (1024K)]
  0x00000229601dde40 JavaThread "ActionManager-scheduled-3"  daemon [_thread_blocked, id=6140, stack(0x000000436d100000,0x000000436d200000) (1024K)]
  0x00000229601dca90 JavaThread "ActionManager-scheduled-4"  daemon [_thread_blocked, id=4144, stack(0x000000436d200000,0x000000436d300000) (1024K)]
  0x00000229601e0c30 JavaThread "ActionManager-scheduled-5"  daemon [_thread_blocked, id=896, stack(0x000000436d300000,0x000000436d400000) (1024K)]
  0x00000229601df880 JavaThread "ActionManager-scheduled-6"  daemon [_thread_blocked, id=10208, stack(0x000000436d400000,0x000000436d500000) (1024K)]
  0x00000229601e1fe0 JavaThread "ActionManager-scheduled-7"  daemon [_thread_blocked, id=7444, stack(0x000000436d500000,0x000000436d600000) (1024K)]
  0x00000229601dd120 JavaThread "ActionManager-scheduled-8"  daemon [_thread_blocked, id=2704, stack(0x000000436d600000,0x000000436d700000) (1024K)]
  0x00000229601dd7b0 JavaThread "ActionManager-scheduled-9"  daemon [_thread_blocked, id=4332, stack(0x000000436d700000,0x000000436d800000) (1024K)]
  0x00000229601deb60 JavaThread "ActionManager-scheduled-10" daemon [_thread_blocked, id=8252, stack(0x000000436d800000,0x000000436d900000) (1024K)]
  0x00000229601dff10 JavaThread "TaskQueueDispatcher-System.MendixWorkflows-WorkflowExecution"        [_thread_blocked, id=7084, stack(0x000000436d900000,0x000000436da00000) (1024K)]
  0x00000229606eee00 JavaThread "TaskQueueDispatcher-System.MendixWorkflows-DefaultTaskExecution"        [_thread_blocked, id=848, stack(0x000000436da00000,0x000000436db00000) (1024K)]
  0x00000229606ef490 JavaThread "TaskQueueDispatcher-System.ScheduledEventsQueue"        [_thread_blocked, id=7220, stack(0x000000436db00000,0x000000436dc00000) (1024K)]
  0x00000229606efb20 JavaThread "JettyServer-1"                     [_thread_in_native, id=5080, stack(0x000000436dc00000,0x000000436dd00000) (1024K)]
  0x00000229606f0ed0 JavaThread "JettyServer-2"                     [_thread_in_native, id=9424, stack(0x000000436dd00000,0x000000436de00000) (1024K)]
  0x00000229606f01b0 JavaThread "JettyServer-3"                     [_thread_blocked, id=2476, stack(0x000000436de00000,0x000000436df00000) (1024K)]
  0x00000229606f0840 JavaThread "JettyServer-4"                     [_thread_in_native, id=4752, stack(0x000000436df00000,0x000000436e000000) (1024K)]
  0x00000229606f1560 JavaThread "JettyServer-5-acceptor-0@58d38f7c-ServerConnector@56146a16{HTTP/1.1, (http/1.1)}{0.0.0.0:8080}"        [_thread_in_native, id=2040, stack(0x000000436e000000,0x000000436e100000) (1024K)]
  0x00000229606f2280 JavaThread "JettyServer-6"                     [_thread_blocked, id=3212, stack(0x000000436e100000,0x000000436e200000) (1024K)]
  0x00000229606f1bf0 JavaThread "JettyServer-7"                     [_thread_in_native, id=1396, stack(0x000000436e200000,0x000000436e300000) (1024K)]
  0x00000229628f1690 JavaThread "JettyServer-8"                     [_thread_blocked, id=9656, stack(0x000000436e300000,0x000000436e400000) (1024K)]
  0x00000229628edb80 JavaThread "Scheduler-725885040-1"             [_thread_blocked, id=5088, stack(0x000000436e500000,0x000000436e600000) (1024K)]
  0x00000229628ed4f0 JavaThread "TaskQueueDispatcher-System.ScheduledEventsQueue-1"        [_thread_blocked, id=5728, stack(0x000000436e600000,0x000000436e700000) (1024K)]
  0x00000229628f1d20 JavaThread "TaskQueueDispatcher-System.ScheduledEventsQueue-2"        [_thread_blocked, id=5772, stack(0x000000436e700000,0x000000436e800000) (1024K)]
  0x00000229628ef5c0 JavaThread "TaskQueueDispatcher-System.ScheduledEventsQueue-3"        [_thread_blocked, id=7316, stack(0x000000436e800000,0x000000436e900000) (1024K)]
  0x00000229628ee8a0 JavaThread "TaskQueueDispatcher-System.ScheduledEventsQueue-4"        [_thread_blocked, id=7984, stack(0x000000436e900000,0x000000436ea00000) (1024K)]
  0x00000229628f23b0 JavaThread "TaskQueueDispatcher-System.ScheduledEventsQueue-5"        [_thread_blocked, id=2276, stack(0x000000436ea00000,0x000000436eb00000) (1024K)]
  0x00000229628eef30 JavaThread "TaskQueueDispatcher-System.ScheduledEventsQueue-6"        [_thread_blocked, id=5048, stack(0x000000436eb00000,0x000000436ec00000) (1024K)]
  0x00000229628efc50 JavaThread "TaskQueueDispatcher-System.ScheduledEventsQueue-7"        [_thread_blocked, id=6824, stack(0x000000436ec00000,0x000000436ed00000) (1024K)]
  0x00000229628f1000 JavaThread "TaskQueueDispatcher-System.ScheduledEventsQueue-8"        [_thread_blocked, id=3280, stack(0x000000436ed00000,0x000000436ee00000) (1024K)]
  0x00000229628f30d0 JavaThread "TaskQueueDispatcher-System.ScheduledEventsQueue-9"        [_thread_blocked, id=1416, stack(0x000000436ee00000,0x000000436ef00000) (1024K)]
  0x00000229628ee210 JavaThread "TaskQueueDispatcher-System.ScheduledEventsQueue-10"        [_thread_blocked, id=9468, stack(0x000000436ef00000,0x000000436f000000) (1024K)]
Total: 61

Other Threads:
  0x0000022978e19180 VMThread "VM Thread"                           [id=8060, stack(0x000000436a100000,0x000000436a200000) (1024K)]
  0x0000022978e0ce20 WatcherThread "VM Periodic Task Thread"        [id=4264, stack(0x000000436a000000,0x000000436a100000) (1024K)]
  0x0000022978d84e30 WorkerThread "GC Thread#0"                     [id=2556, stack(0x0000004369b00000,0x0000004369c00000) (1024K)]
  0x000002295d134c60 WorkerThread "GC Thread#1"                     [id=6336, stack(0x000000436ac00000,0x000000436ad00000) (1024K)]
  0x000002295d133300 WorkerThread "GC Thread#2"                     [id=10000, stack(0x000000436ad00000,0x000000436ae00000) (1024K)]
  0x000002295d1336a0 WorkerThread "GC Thread#3"                     [id=1948, stack(0x000000436ae00000,0x000000436af00000) (1024K)]
  0x000002295d579260 WorkerThread "GC Thread#4"                     [id=3248, stack(0x000000436b000000,0x000000436b100000) (1024K)]
  0x000002295d579d40 WorkerThread "GC Thread#5"                     [id=4632, stack(0x000000436b100000,0x000000436b200000) (1024K)]
  0x000002295d57bde0 WorkerThread "GC Thread#6"                     [id=9452, stack(0x000000436b200000,0x000000436b300000) (1024K)]
  0x000002295f164700 WorkerThread "GC Thread#7"                     [id=3596, stack(0x000000436b300000,0x000000436b400000) (1024K)]
  0x0000022978d8de10 ConcurrentGCThread "G1 Main Marker"            [id=792, stack(0x0000004369c00000,0x0000004369d00000) (1024K)]
  0x0000022978d8e910 WorkerThread "G1 Conc#0"                       [id=916, stack(0x0000004369d00000,0x0000004369e00000) (1024K)]
  0x000002295f1634e0 WorkerThread "G1 Conc#1"                       [id=1444, stack(0x000000436b400000,0x000000436b500000) (1024K)]
  0x0000022978df7820 ConcurrentGCThread "G1 Refine#0"               [id=9500, stack(0x0000004369e00000,0x0000004369f00000) (1024K)]
  0x0000022978df92b0 ConcurrentGCThread "G1 Service"                [id=5548, stack(0x0000004369f00000,0x000000436a000000) (1024K)]
Total: 15

Threads with active compile tasks:
C2 CompilerThread0  1704323 13983       4       com.mendix.datastorage.query.plans.From::mapChildren (48 bytes)
Total: 1

VM state: not at safepoint (normal execution)

VM Mutex/Monitor currently owned by a thread: None

Heap address: 0x00000000c0000000, size: 1024 MB, Compressed Oops mode: 32-bit

CDS archive(s) mapped at: [0x0000022918000000-0x0000022918c80000-0x0000022918c80000), size 13107200, SharedBaseAddress: 0x0000022918000000, ArchiveRelocationMode: 1.
Compressed class space mapped at: 0x0000022919000000-0x0000022959000000, reserved size: 1073741824
Narrow klass base: 0x0000022918000000, Narrow klass shift: 0, Narrow klass range: 0x100000000

GC Precious Log:
 CardTable entry size: 512
 Card Set container configuration: InlinePtr #cards 5 size 8 Array Of Cards #cards 12 size 40 Howl #buckets 4 coarsen threshold 1843 Howl Bitmap #cards 512 size 80 coarsen threshold 460 Card regions per heap region 1 cards per card region 2048
 CPUs: 8 total, 8 available
 Memory: 4095M
 Large Page Support: Disabled
 NUMA Support: Disabled
 Compressed Oops: Enabled (32-bit)
 Heap Region Size: 1M
 Heap Min Capacity: 8M
 Heap Initial Capacity: 64M
 Heap Max Capacity: 1G
 Pre-touch: Disabled
 Parallel Workers: 8
 Concurrent Workers: 2
 Concurrent Refinement Workers: 8
 Periodic GC: Disabled

Heap:
 garbage-first heap   total 97280K, used 80585K [0x00000000c0000000, 0x0000000100000000)
  region size 1024K, 33 young (33792K), 1 survivors (1024K)
 Metaspace       used 103068K, committed 104640K, reserved 1179648K
  class space    used 11980K, committed 12608K, reserved 1048576K

Heap Regions: E=young(eden), S=young(survivor), O=old, HS=humongous(starts), HC=humongous(continues), CS=collection set, F=free, TAMS=top-at-mark-start, PB=parsable bottom
|   0|0x00000000c0000000, 0x00000000c0100000, 0x00000000c0100000|100%| O|  |TAMS 0x00000000c0000000| PB 0x00000000c0000000| Untracked 
|   1|0x00000000c0100000, 0x00000000c0200000, 0x00000000c0200000|100%|HS|  |TAMS 0x00000000c0100000| PB 0x00000000c0100000| Complete 
|   2|0x00000000c0200000, 0x00000000c0300000, 0x00000000c0300000|100%| O|  |TAMS 0x00000000c0200000| PB 0x00000000c0200000| Untracked 
|   3|0x00000000c0300000, 0x00000000c0400000, 0x00000000c0400000|100%| O|  |TAMS 0x00000000c0300000| PB 0x00000000c0300000| Untracked 
|   4|0x00000000c0400000, 0x00000000c0500000, 0x00000000c0500000|100%| O|  |TAMS 0x00000000c0400000| PB 0x00000000c0400000| Untracked 
|   5|0x00000000c0500000, 0x00000000c0600000, 0x00000000c0600000|100%| O|  |TAMS 0x00000000c0500000| PB 0x00000000c0500000| Untracked 
|   6|0x00000000c0600000, 0x00000000c0700000, 0x00000000c0700000|100%| O|  |TAMS 0x00000000c0600000| PB 0x00000000c0600000| Untracked 
|   7|0x00000000c0700000, 0x00000000c0800000, 0x00000000c0800000|100%| O|  |TAMS 0x00000000c0700000| PB 0x00000000c0700000| Untracked 
|   8|0x00000000c0800000, 0x00000000c0800000, 0x00000000c0900000|  0%| F|  |TAMS 0x00000000c0800000| PB 0x00000000c0800000| Untracked 
|   9|0x00000000c0900000, 0x00000000c0a00000, 0x00000000c0a00000|100%|HS|  |TAMS 0x00000000c0900000| PB 0x00000000c0900000| Complete 
|  10|0x00000000c0a00000, 0x00000000c0b00000, 0x00000000c0b00000|100%| O|  |TAMS 0x00000000c0a00000| PB 0x00000000c0a00000| Untracked 
|  11|0x00000000c0b00000, 0x00000000c0c00000, 0x00000000c0c00000|100%| O|  |TAMS 0x00000000c0b00000| PB 0x00000000c0b00000| Untracked 
|  12|0x00000000c0c00000, 0x00000000c0d00000, 0x00000000c0d00000|100%| O|  |TAMS 0x00000000c0c00000| PB 0x00000000c0c00000| Untracked 
|  13|0x00000000c0d00000, 0x00000000c0e00000, 0x00000000c0e00000|100%| O|  |TAMS 0x00000000c0d00000| PB 0x00000000c0d00000| Untracked 
|  14|0x00000000c0e00000, 0x00000000c0f00000, 0x00000000c0f00000|100%| O|  |TAMS 0x00000000c0e00000| PB 0x00000000c0e00000| Untracked 
|  15|0x00000000c0f00000, 0x00000000c1000000, 0x00000000c1000000|100%| O|  |TAMS 0x00000000c0f00000| PB 0x00000000c0f00000| Untracked 
|  16|0x00000000c1000000, 0x00000000c1100000, 0x00000000c1100000|100%| O|  |TAMS 0x00000000c1000000| PB 0x00000000c1000000| Untracked 
|  17|0x00000000c1100000, 0x00000000c1200000, 0x00000000c1200000|100%| O|  |TAMS 0x00000000c1100000| PB 0x00000000c1100000| Untracked 
|  18|0x00000000c1200000, 0x00000000c1300000, 0x00000000c1300000|100%| O|  |TAMS 0x00000000c1200000| PB 0x00000000c1200000| Untracked 
|  19|0x00000000c1300000, 0x00000000c1400000, 0x00000000c1400000|100%| O|  |TAMS 0x00000000c1300000| PB 0x00000000c1300000| Untracked 
|  20|0x00000000c1400000, 0x00000000c1500000, 0x00000000c1500000|100%| O|  |TAMS 0x00000000c1400000| PB 0x00000000c1400000| Untracked 
|  21|0x00000000c1500000, 0x00000000c1600000, 0x00000000c1600000|100%| O|  |TAMS 0x00000000c1500000| PB 0x00000000c1500000| Untracked 
|  22|0x00000000c1600000, 0x00000000c1700000, 0x00000000c1700000|100%| O|  |TAMS 0x00000000c1600000| PB 0x00000000c1600000| Untracked 
|  23|0x00000000c1700000, 0x00000000c1800000, 0x00000000c1800000|100%|HS|  |TAMS 0x00000000c1700000| PB 0x00000000c1700000| Complete 
|  24|0x00000000c1800000, 0x00000000c1900000, 0x00000000c1900000|100%|HS|  |TAMS 0x00000000c1800000| PB 0x00000000c1800000| Complete 
|  25|0x00000000c1900000, 0x00000000c1a00000, 0x00000000c1a00000|100%| O|  |TAMS 0x00000000c1900000| PB 0x00000000c1900000| Untracked 
|  26|0x00000000c1a00000, 0x00000000c1b00000, 0x00000000c1b00000|100%| O|  |TAMS 0x00000000c1a00000| PB 0x00000000c1a00000| Untracked 
|  27|0x00000000c1b00000, 0x00000000c1c00000, 0x00000000c1c00000|100%| O|  |TAMS 0x00000000c1b00000| PB 0x00000000c1b00000| Untracked 
|  28|0x00000000c1c00000, 0x00000000c1d00000, 0x00000000c1d00000|100%| O|  |TAMS 0x00000000c1c00000| PB 0x00000000c1c00000| Untracked 
|  29|0x00000000c1d00000, 0x00000000c1e00000, 0x00000000c1e00000|100%| O|  |TAMS 0x00000000c1d00000| PB 0x00000000c1d00000| Untracked 
|  30|0x00000000c1e00000, 0x00000000c1f00000, 0x00000000c1f00000|100%| O|  |TAMS 0x00000000c1e00000| PB 0x00000000c1e00000| Untracked 
|  31|0x00000000c1f00000, 0x00000000c2000000, 0x00000000c2000000|100%|HS|  |TAMS 0x00000000c1f00000| PB 0x00000000c1f00000| Complete 
|  32|0x00000000c2000000, 0x00000000c2100000, 0x00000000c2100000|100%|HC|  |TAMS 0x00000000c2000000| PB 0x00000000c2000000| Complete 
|  33|0x00000000c2100000, 0x00000000c2200000, 0x00000000c2200000|100%| O|  |TAMS 0x00000000c2100000| PB 0x00000000c2100000| Untracked 
|  34|0x00000000c2200000, 0x00000000c2300000, 0x00000000c2300000|100%| O|  |TAMS 0x00000000c2200000| PB 0x00000000c2200000| Untracked 
|  35|0x00000000c2300000, 0x00000000c2400000, 0x00000000c2400000|100%| O|  |TAMS 0x00000000c2300000| PB 0x00000000c2300000| Untracked 
|  36|0x00000000c2400000, 0x00000000c2500000, 0x00000000c2500000|100%| O|  |TAMS 0x00000000c2400000| PB 0x00000000c2400000| Untracked 
|  37|0x00000000c2500000, 0x00000000c2600000, 0x00000000c2600000|100%| O|  |TAMS 0x00000000c2500000| PB 0x00000000c2500000| Untracked 
|  38|0x00000000c2600000, 0x00000000c2700000, 0x00000000c2700000|100%| O|  |TAMS 0x00000000c2600000| PB 0x00000000c2600000| Untracked 
|  39|0x00000000c2700000, 0x00000000c2800000, 0x00000000c2800000|100%| O|  |TAMS 0x00000000c2700000| PB 0x00000000c2700000| Untracked 
|  40|0x00000000c2800000, 0x00000000c287b090, 0x00000000c2900000| 48%| O|  |TAMS 0x00000000c2800000| PB 0x00000000c2800000| Untracked 
|  41|0x00000000c2900000, 0x00000000c2900000, 0x00000000c2a00000|  0%| F|  |TAMS 0x00000000c2900000| PB 0x00000000c2900000| Untracked 
|  42|0x00000000c2a00000, 0x00000000c2a00000, 0x00000000c2b00000|  0%| F|  |TAMS 0x00000000c2a00000| PB 0x00000000c2a00000| Untracked 
|  43|0x00000000c2b00000, 0x00000000c2c00000, 0x00000000c2c00000|100%| O|  |TAMS 0x00000000c2b00000| PB 0x00000000c2b00000| Untracked 
|  44|0x00000000c2c00000, 0x00000000c2d00000, 0x00000000c2d00000|100%| O|  |TAMS 0x00000000c2c00000| PB 0x00000000c2c00000| Untracked 
|  45|0x00000000c2d00000, 0x00000000c2e00000, 0x00000000c2e00000|100%| O|  |TAMS 0x00000000c2d00000| PB 0x00000000c2d00000| Untracked 
|  46|0x00000000c2e00000, 0x00000000c2e00000, 0x00000000c2f00000|  0%| F|  |TAMS 0x00000000c2e00000| PB 0x00000000c2e00000| Untracked 
|  47|0x00000000c2f00000, 0x00000000c2f00000, 0x00000000c3000000|  0%| F|  |TAMS 0x00000000c2f00000| PB 0x00000000c2f00000| Untracked 
|  48|0x00000000c3000000, 0x00000000c3000000, 0x00000000c3100000|  0%| F|  |TAMS 0x00000000c3000000| PB 0x00000000c3000000| Untracked 
|  49|0x00000000c3100000, 0x00000000c3137488, 0x00000000c3200000| 21%| S|CS|TAMS 0x00000000c3100000| PB 0x00000000c3100000| Complete 
|  50|0x00000000c3200000, 0x00000000c3200000, 0x00000000c3300000|  0%| F|  |TAMS 0x00000000c3200000| PB 0x00000000c3200000| Untracked 
|  51|0x00000000c3300000, 0x00000000c3300000, 0x00000000c3400000|  0%| F|  |TAMS 0x00000000c3300000| PB 0x00000000c3300000| Untracked 
|  52|0x00000000c3400000, 0x00000000c3400000, 0x00000000c3500000|  0%| F|  |TAMS 0x00000000c3400000| PB 0x00000000c3400000| Untracked 
|  53|0x00000000c3500000, 0x00000000c3500000, 0x00000000c3600000|  0%| F|  |TAMS 0x00000000c3500000| PB 0x00000000c3500000| Untracked 
|  54|0x00000000c3600000, 0x00000000c3600000, 0x00000000c3700000|  0%| F|  |TAMS 0x00000000c3600000| PB 0x00000000c3600000| Untracked 
|  55|0x00000000c3700000, 0x00000000c3700000, 0x00000000c3800000|  0%| F|  |TAMS 0x00000000c3700000| PB 0x00000000c3700000| Untracked 
|  56|0x00000000c3800000, 0x00000000c3800000, 0x00000000c3900000|  0%| F|  |TAMS 0x00000000c3800000| PB 0x00000000c3800000| Untracked 
|  57|0x00000000c3900000, 0x00000000c3900000, 0x00000000c3a00000|  0%| F|  |TAMS 0x00000000c3900000| PB 0x00000000c3900000| Untracked 
|  58|0x00000000c3a00000, 0x00000000c3abffe0, 0x00000000c3b00000| 74%| E|  |TAMS 0x00000000c3a00000| PB 0x00000000c3a00000| Complete 
|  59|0x00000000c3b00000, 0x00000000c3c00000, 0x00000000c3c00000|100%| E|CS|TAMS 0x00000000c3b00000| PB 0x00000000c3b00000| Complete 
|  60|0x00000000c3c00000, 0x00000000c3d00000, 0x00000000c3d00000|100%| E|CS|TAMS 0x00000000c3c00000| PB 0x00000000c3c00000| Complete 
|  61|0x00000000c3d00000, 0x00000000c3e00000, 0x00000000c3e00000|100%| E|CS|TAMS 0x00000000c3d00000| PB 0x00000000c3d00000| Complete 
|  62|0x00000000c3e00000, 0x00000000c3f00000, 0x00000000c3f00000|100%| E|CS|TAMS 0x00000000c3e00000| PB 0x00000000c3e00000| Complete 
|  63|0x00000000c3f00000, 0x00000000c4000000, 0x00000000c4000000|100%| E|CS|TAMS 0x00000000c3f00000| PB 0x00000000c3f00000| Complete 
|  64|0x00000000c4000000, 0x00000000c4100000, 0x00000000c4100000|100%| E|CS|TAMS 0x00000000c4000000| PB 0x00000000c4000000| Complete 
|  65|0x00000000c4100000, 0x00000000c4200000, 0x00000000c4200000|100%| E|CS|TAMS 0x00000000c4100000| PB 0x00000000c4100000| Complete 
|  66|0x00000000c4200000, 0x00000000c4300000, 0x00000000c4300000|100%| E|CS|TAMS 0x00000000c4200000| PB 0x00000000c4200000| Complete 
|  67|0x00000000c4300000, 0x00000000c4400000, 0x00000000c4400000|100%| E|CS|TAMS 0x00000000c4300000| PB 0x00000000c4300000| Complete 
|  68|0x00000000c4400000, 0x00000000c4500000, 0x00000000c4500000|100%| E|CS|TAMS 0x00000000c4400000| PB 0x00000000c4400000| Complete 
|  69|0x00000000c4500000, 0x00000000c4600000, 0x00000000c4600000|100%| E|CS|TAMS 0x00000000c4500000| PB 0x00000000c4500000| Complete 
|  70|0x00000000c4600000, 0x00000000c4700000, 0x00000000c4700000|100%| E|CS|TAMS 0x00000000c4600000| PB 0x00000000c4600000| Complete 
|  71|0x00000000c4700000, 0x00000000c4800000, 0x00000000c4800000|100%| E|CS|TAMS 0x00000000c4700000| PB 0x00000000c4700000| Complete 
|  72|0x00000000c4800000, 0x00000000c4900000, 0x00000000c4900000|100%| E|CS|TAMS 0x00000000c4800000| PB 0x00000000c4800000| Complete 
|  73|0x00000000c4900000, 0x00000000c4a00000, 0x00000000c4a00000|100%| E|CS|TAMS 0x00000000c4900000| PB 0x00000000c4900000| Complete 
|  74|0x00000000c4a00000, 0x00000000c4b00000, 0x00000000c4b00000|100%| E|CS|TAMS 0x00000000c4a00000| PB 0x00000000c4a00000| Complete 
|  75|0x00000000c4b00000, 0x00000000c4c00000, 0x00000000c4c00000|100%| E|CS|TAMS 0x00000000c4b00000| PB 0x00000000c4b00000| Complete 
|  76|0x00000000c4c00000, 0x00000000c4d00000, 0x00000000c4d00000|100%| E|CS|TAMS 0x00000000c4c00000| PB 0x00000000c4c00000| Complete 
|  77|0x00000000c4d00000, 0x00000000c4e00000, 0x00000000c4e00000|100%| E|CS|TAMS 0x00000000c4d00000| PB 0x00000000c4d00000| Complete 
|  78|0x00000000c4e00000, 0x00000000c4f00000, 0x00000000c4f00000|100%| E|CS|TAMS 0x00000000c4e00000| PB 0x00000000c4e00000| Complete 
|  79|0x00000000c4f00000, 0x00000000c5000000, 0x00000000c5000000|100%| E|CS|TAMS 0x00000000c4f00000| PB 0x00000000c4f00000| Complete 
|  80|0x00000000c5000000, 0x00000000c5100000, 0x00000000c5100000|100%| E|CS|TAMS 0x00000000c5000000| PB 0x00000000c5000000| Complete 
|  81|0x00000000c5100000, 0x00000000c5200000, 0x00000000c5200000|100%| E|CS|TAMS 0x00000000c5100000| PB 0x00000000c5100000| Complete 
|  82|0x00000000c5200000, 0x00000000c5300000, 0x00000000c5300000|100%| E|CS|TAMS 0x00000000c5200000| PB 0x00000000c5200000| Complete 
|  83|0x00000000c5300000, 0x00000000c5400000, 0x00000000c5400000|100%| E|CS|TAMS 0x00000000c5300000| PB 0x00000000c5300000| Complete 
|  84|0x00000000c5400000, 0x00000000c5500000, 0x00000000c5500000|100%| E|CS|TAMS 0x00000000c5400000| PB 0x00000000c5400000| Complete 
|  85|0x00000000c5500000, 0x00000000c5600000, 0x00000000c5600000|100%| E|CS|TAMS 0x00000000c5500000| PB 0x00000000c5500000| Complete 
|  86|0x00000000c5600000, 0x00000000c5700000, 0x00000000c5700000|100%| E|CS|TAMS 0x00000000c5600000| PB 0x00000000c5600000| Complete 
|  87|0x00000000c5700000, 0x00000000c5800000, 0x00000000c5800000|100%| E|CS|TAMS 0x00000000c5700000| PB 0x00000000c5700000| Complete 
|1017|0x00000000ff900000, 0x00000000ffa00000, 0x00000000ffa00000|100%| E|CS|TAMS 0x00000000ff900000| PB 0x00000000ff900000| Complete 
|1018|0x00000000ffa00000, 0x00000000ffb00000, 0x00000000ffb00000|100%| O|  |TAMS 0x00000000ffa00000| PB 0x00000000ffa00000| Untracked 
|1019|0x00000000ffb00000, 0x00000000ffc00000, 0x00000000ffc00000|100%| O|  |TAMS 0x00000000ffb00000| PB 0x00000000ffb00000| Untracked 
|1020|0x00000000ffc00000, 0x00000000ffd00000, 0x00000000ffd00000|100%| O|  |TAMS 0x00000000ffc00000| PB 0x00000000ffc00000| Untracked 
|1021|0x00000000ffd00000, 0x00000000ffe00000, 0x00000000ffe00000|100%| O|  |TAMS 0x00000000ffd00000| PB 0x00000000ffd00000| Untracked 
|1022|0x00000000ffe00000, 0x00000000fff00000, 0x00000000fff00000|100%| E|CS|TAMS 0x00000000ffe00000| PB 0x00000000ffe00000| Complete 
|1023|0x00000000fff00000, 0x0000000100000000, 0x0000000100000000|100%| O|  |TAMS 0x00000000fff00000| PB 0x00000000fff00000| Untracked 

Card table byte_map: [0x0000022979350000,0x0000022979550000] _byte_map_base: 0x0000022978d50000

Marking Bits: (CMBitMap*) 0x0000022978d85530
 Bits: [0x0000022979550000, 0x000002297a550000)

Polling page: 0x0000022976ca0000

Metaspace:

Usage:
  Non-class:     88.95 MB used.
      Class:     11.70 MB used.
       Both:    100.65 MB used.

Virtual space:
  Non-class space:      128.00 MB reserved,      89.88 MB ( 70%) committed,  2 nodes.
      Class space:        1.00 GB reserved,      12.31 MB (  1%) committed,  1 nodes.
             Both:        1.12 GB reserved,     102.19 MB (  9%) committed. 

Chunk freelists:
   Non-Class:  6.62 MB
       Class:  3.97 MB
        Both:  10.58 MB

MaxMetaspaceSize: unlimited
CompressedClassSpaceSize: 1.00 GB
Initial GC threshold: 21.00 MB
Current GC threshold: 170.31 MB
CDS: on
 - commit_granule_bytes: 65536.
 - commit_granule_words: 8192.
 - virtual_space_node_default_size: 8388608.
 - enlarge_chunks_in_place: 1.
 - use_allocation_guard: 0.


Internal statistics:

num_allocs_failed_limit: 9.
num_arena_births: 1554.
num_arena_deaths: 812.
num_vsnodes_births: 3.
num_vsnodes_deaths: 0.
num_space_committed: 1635.
num_space_uncommitted: 0.
num_chunks_returned_to_freelist: 1027.
num_chunks_taken_from_freelist: 5494.
num_chunk_merges: 363.
num_chunk_splits: 3923.
num_chunks_enlarged: 2832.
num_inconsistent_stats: 0.

CodeHeap 'non-profiled nmethods': size=120000Kb used=5917Kb max_used=6279Kb free=114082Kb
 bounds [0x00000229100f0000, 0x0000022910750000, 0x0000022917620000]
CodeHeap 'profiled nmethods': size=120000Kb used=9179Kb max_used=22299Kb free=110821Kb
 bounds [0x0000022908620000, 0x0000022909c00000, 0x000002290fb50000]
CodeHeap 'non-nmethods': size=5760Kb used=1929Kb max_used=1991Kb free=3830Kb
 bounds [0x000002290fb50000, 0x000002290fdc0000, 0x00000229100f0000]
 total_blobs=6189 nmethods=5293 adapters=797
 compilation: enabled
              stopped_count=0, restarted_count=0
 full_count=0

Compilation events (20 events):
Event: 1697.838 Thread 0x0000022917762170 nmethod 13973 0x00000229104f6610 code [0x00000229104f67a0, 0x00000229104f68d8]
Event: 1698.148 Thread 0x0000022917762170 13974       4       com.mendix.logging.impl.LogNode::isDebugEnabled (28 bytes)
Event: 1698.150 Thread 0x0000022917762170 nmethod 13974 0x00000229104f6f10 code [0x00000229104f70a0, 0x00000229104f71d8]
Event: 1698.163 Thread 0x0000022917762170 13975       4       sun.security.provider.DigestBase::implCompressMultiBlockCheck (58 bytes)
Event: 1698.167 Thread 0x0000022917762170 nmethod 13975 0x0000022910500c90 code [0x0000022910500e20, 0x0000022910500f70]
Event: 1700.179 Thread 0x0000022917762170 13976       4       scala.collection.AbstractSet::hashCode (5 bytes)
Event: 1700.183 Thread 0x0000022917762170 nmethod 13976 0x0000022910501590 code [0x0000022910501720, 0x00000229105017d8]
Event: 1700.199 Thread 0x0000022917762170 13977       4       com.mendix.datastorage.query.plans.Select::mapChildren (155 bytes)
Event: 1700.350 Thread 0x0000022917762170 nmethod 13977 0x0000022910371b90 code [0x0000022910372220, 0x0000022910376b20]
Event: 1701.216 Thread 0x0000022917762170 13978       4       com.mendix.connectionbus.data.InternalDataTableSchema::<init> (119 bytes)
Event: 1701.233 Thread 0x0000022917762170 nmethod 13978 0x0000022910446490 code [0x0000022910446660, 0x0000022910446d88]
Event: 1701.879 Thread 0x0000022917762170 13979       4       com.mendix.datastorage.query.plans.Table::mapChildren (8 bytes)
Event: 1701.881 Thread 0x0000022917762170 nmethod 13979 0x0000022910590f10 code [0x00000229105910a0, 0x0000022910591128]
Event: 1702.207 Thread 0x0000022917762170 13980       4       scala.collection.MapView$MapValues::$anonfun$iterator$1 (25 bytes)
Event: 1702.225 Thread 0x0000022917762170 nmethod 13980 0x0000022910120990 code [0x0000022910120b60, 0x0000022910120ff0]
Event: 1703.222 Thread 0x0000022917762170 13981       4       com.mendix.connectionbus.ConnectionBusImpl::doRequest (42 bytes)
Event: 1703.757 Thread 0x0000022917762170 nmethod 13981 0x00000229102bb410 code [0x00000229102bbf40, 0x00000229102c5048]
Event: 1704.228 Thread 0x0000022917762170 13982       4       java.nio.CharBuffer::limit (8 bytes)
Event: 1704.229 Thread 0x0000022917762170 nmethod 13982 0x0000022910505490 code [0x0000022910505620, 0x0000022910505730]
Event: 1704.229 Thread 0x0000022917762170 13983       4       com.mendix.datastorage.query.plans.From::mapChildren (48 bytes)

GC Heap History (20 events):
Event: 973.598 GC heap before
{Heap before GC invocations=42 (full 0):
 garbage-first heap   total 97280K, used 86329K [0x00000000c0000000, 0x0000000100000000)
  region size 1024K, 38 young (38912K), 3 survivors (3072K)
 Metaspace       used 103567K, committed 104576K, reserved 1179648K
  class space    used 12179K, committed 12608K, reserved 1048576K
}
Event: 973.611 GC heap after
{Heap after GC invocations=43 (full 0):
 garbage-first heap   total 97280K, used 50344K [0x00000000c0000000, 0x0000000100000000)
  region size 1024K, 1 young (1024K), 1 survivors (1024K)
 Metaspace       used 103567K, committed 104576K, reserved 1179648K
  class space    used 12179K, committed 12608K, reserved 1048576K
}
Event: 1049.372 GC heap before
{Heap before GC invocations=43 (full 0):
 garbage-first heap   total 97280K, used 89256K [0x00000000c0000000, 0x0000000100000000)
  region size 1024K, 39 young (39936K), 1 survivors (1024K)
 Metaspace       used 103574K, committed 104576K, reserved 1179648K
  class space    used 12179K, committed 12608K, reserved 1048576K
}
Event: 1049.387 GC heap after
{Heap after GC invocations=44 (full 0):
 garbage-first heap   total 97280K, used 50466K [0x00000000c0000000, 0x0000000100000000)
  region size 1024K, 1 young (1024K), 1 survivors (1024K)
 Metaspace       used 103574K, committed 104576K, reserved 1179648K
  class space    used 12179K, committed 12608K, reserved 1048576K
}
Event: 1119.202 GC heap before
{Heap before GC invocations=45 (full 0):
 garbage-first heap   total 97280K, used 89378K [0x00000000c0000000, 0x0000000100000000)
  region size 1024K, 39 young (39936K), 1 survivors (1024K)
 Metaspace       used 102853K, committed 104576K, reserved 1179648K
  class space    used 11981K, committed 12608K, reserved 1048576K
}
Event: 1119.212 GC heap after
{Heap after GC invocations=46 (full 0):
 garbage-first heap   total 97280K, used 50516K [0x00000000c0000000, 0x0000000100000000)
  region size 1024K, 1 young (1024K), 1 survivors (1024K)
 Metaspace       used 102853K, committed 104576K, reserved 1179648K
  class space    used 11981K, committed 12608K, reserved 1048576K
}
Event: 1193.332 GC heap before
{Heap before GC invocations=46 (full 0):
 garbage-first heap   total 97280K, used 89428K [0x00000000c0000000, 0x0000000100000000)
  region size 1024K, 39 young (39936K), 1 survivors (1024K)
 Metaspace       used 102883K, committed 104576K, reserved 1179648K
  class space    used 11981K, committed 12608K, reserved 1048576K
}
Event: 1193.348 GC heap after
{Heap after GC invocations=47 (full 0):
 garbage-first heap   total 97280K, used 49757K [0x00000000c0000000, 0x0000000100000000)
  region size 1024K, 1 young (1024K), 1 survivors (1024K)
 Metaspace       used 102883K, committed 104576K, reserved 1179648K
  class space    used 11981K, committed 12608K, reserved 1048576K
}
Event: 1267.055 GC heap before
{Heap before GC invocations=47 (full 0):
 garbage-first heap   total 97280K, used 88669K [0x00000000c0000000, 0x0000000100000000)
  region size 1024K, 39 young (39936K), 1 survivors (1024K)
 Metaspace       used 102892K, committed 104576K, reserved 1179648K
  class space    used 11981K, committed 12608K, reserved 1048576K
}
Event: 1267.065 GC heap after
{Heap after GC invocations=48 (full 0):
 garbage-first heap   total 97280K, used 49916K [0x00000000c0000000, 0x0000000100000000)
  region size 1024K, 1 young (1024K), 1 survivors (1024K)
 Metaspace       used 102892K, committed 104576K, reserved 1179648K
  class space    used 11981K, committed 12608K, reserved 1048576K
}
Event: 1342.158 GC heap before
{Heap before GC invocations=49 (full 0):
 garbage-first heap   total 97280K, used 88828K [0x00000000c0000000, 0x0000000100000000)
  region size 1024K, 39 young (39936K), 1 survivors (1024K)
 Metaspace       used 102897K, committed 104640K, reserved 1179648K
  class space    used 11979K, committed 12608K, reserved 1048576K
}
Event: 1342.171 GC heap after
{Heap after GC invocations=50 (full 0):
 garbage-first heap   total 97280K, used 49945K [0x00000000c0000000, 0x0000000100000000)
  region size 1024K, 1 young (1024K), 1 survivors (1024K)
 Metaspace       used 102897K, committed 104640K, reserved 1179648K
  class space    used 11979K, committed 12608K, reserved 1048576K
}
Event: 1418.077 GC heap before
{Heap before GC invocations=50 (full 0):
 garbage-first heap   total 97280K, used 88857K [0x00000000c0000000, 0x0000000100000000)
  region size 1024K, 39 young (39936K), 1 survivors (1024K)
 Metaspace       used 102946K, committed 104640K, reserved 1179648K
  class space    used 11979K, committed 12608K, reserved 1048576K
}
Event: 1418.093 GC heap after
{Heap after GC invocations=51 (full 0):
 garbage-first heap   total 97280K, used 49151K [0x00000000c0000000, 0x0000000100000000)
  region size 1024K, 1 young (1024K), 1 survivors (1024K)
 Metaspace       used 102946K, committed 104640K, reserved 1179648K
  class space    used 11979K, committed 12608K, reserved 1048576K
}
Event: 1489.051 GC heap before
{Heap before GC invocations=51 (full 0):
 garbage-first heap   total 97280K, used 89087K [0x00000000c0000000, 0x0000000100000000)
  region size 1024K, 40 young (40960K), 1 survivors (1024K)
 Metaspace       used 102997K, committed 104640K, reserved 1179648K
  class space    used 11979K, committed 12608K, reserved 1048576K
}
Event: 1489.058 GC heap after
{Heap after GC invocations=52 (full 0):
 garbage-first heap   total 97280K, used 49229K [0x00000000c0000000, 0x0000000100000000)
  region size 1024K, 1 young (1024K), 1 survivors (1024K)
 Metaspace       used 102997K, committed 104640K, reserved 1179648K
  class space    used 11979K, committed 12608K, reserved 1048576K
}
Event: 1564.681 GC heap before
{Heap before GC invocations=53 (full 0):
 garbage-first heap   total 97280K, used 89165K [0x00000000c0000000, 0x0000000100000000)
  region size 1024K, 40 young (40960K), 1 survivors (1024K)
 Metaspace       used 103011K, committed 104640K, reserved 1179648K
  class space    used 11979K, committed 12608K, reserved 1048576K
}
Event: 1564.685 GC heap after
{Heap after GC invocations=54 (full 0):
 garbage-first heap   total 97280K, used 49257K [0x00000000c0000000, 0x0000000100000000)
  region size 1024K, 1 young (1024K), 1 survivors (1024K)
 Metaspace       used 103011K, committed 104640K, reserved 1179648K
  class space    used 11979K, committed 12608K, reserved 1048576K
}
Event: 1642.150 GC heap before
{Heap before GC invocations=54 (full 0):
 garbage-first heap   total 97280K, used 89193K [0x00000000c0000000, 0x0000000100000000)
  region size 1024K, 40 young (40960K), 1 survivors (1024K)
 Metaspace       used 103032K, committed 104640K, reserved 1179648K
  class space    used 11980K, committed 12608K, reserved 1048576K
}
Event: 1642.164 GC heap after
{Heap after GC invocations=55 (full 0):
 garbage-first heap   total 97280K, used 48841K [0x00000000c0000000, 0x0000000100000000)
  region size 1024K, 1 young (1024K), 1 survivors (1024K)
 Metaspace       used 103032K, committed 104640K, reserved 1179648K
  class space    used 11980K, committed 12608K, reserved 1048576K
}

Dll operation events (13 events):
Event: 0.030 Loaded shared library C:\Program Files\Eclipse Adoptium\jdk-21.0.5.11-hotspot\bin\java.dll
Event: 0.086 Loaded shared library C:\Program Files\Eclipse Adoptium\jdk-21.0.5.11-hotspot\bin\jsvml.dll
Event: 0.118 Loaded shared library C:\Program Files\Eclipse Adoptium\jdk-21.0.5.11-hotspot\bin\net.dll
Event: 0.120 Loaded shared library C:\Program Files\Eclipse Adoptium\jdk-21.0.5.11-hotspot\bin\nio.dll
Event: 0.137 Loaded shared library C:\Program Files\Eclipse Adoptium\jdk-21.0.5.11-hotspot\bin\zip.dll
Event: 0.729 Loaded shared library C:\Program Files\Eclipse Adoptium\jdk-21.0.5.11-hotspot\bin\jimage.dll
Event: 3.776 Loaded shared library C:\Program Files\Eclipse Adoptium\jdk-21.0.5.11-hotspot\bin\verify.dll
Event: 5.720 Loaded shared library C:\Program Files\Eclipse Adoptium\jdk-21.0.5.11-hotspot\bin\management.dll
Event: 5.775 Loaded shared library C:\Program Files\Eclipse Adoptium\jdk-21.0.5.11-hotspot\bin\management_ext.dll
Event: 6.912 Loaded shared library C:\Program Files\Eclipse Adoptium\jdk-21.0.5.11-hotspot\bin\extnet.dll
Event: 7.419 Loaded shared library C:\Program Files\Eclipse Adoptium\jdk-21.0.5.11-hotspot\bin\sunmscapi.dll
Event: 16.912 Loaded shared library C:\Program Files\Eclipse Adoptium\jdk-21.0.5.11-hotspot\bin\prefs.dll
Event: 16.993 Loaded shared library C:\Program Files\Eclipse Adoptium\jdk-21.0.5.11-hotspot\bin\awt.dll

Deoptimization events (20 events):
Event: 1634.006 Thread 0x00000229606ef490 Uncommon trap: trap_request=0xffffff76 fr.pc=0x00000229101a8c24 relative=0x0000000000000204
Event: 1634.006 Thread 0x00000229606ef490 Uncommon trap: reason=predicate action=maybe_recompile pc=0x00000229101a8c24 method=org.hsqldb.lib.ArrayUtil.projectRow([Ljava/lang/Object;[I[Ljava/lang/Object;)V @ 5 c2
Event: 1634.006 Thread 0x00000229606ef490 DEOPT PACKING pc=0x00000229101a8c24 sp=0x000000436dbfcf40
Event: 1634.006 Thread 0x00000229606ef490 DEOPT UNPACKING pc=0x000002290fba46a2 sp=0x000000436dbfcef8 mode 2
Event: 1635.087 Thread 0x00000229606ef490 Uncommon trap: trap_request=0xffffff45 fr.pc=0x00000229106f727c relative=0x000000000000023c
Event: 1635.087 Thread 0x00000229606ef490 Uncommon trap: reason=unstable_if action=reinterpret pc=0x00000229106f727c method=sun.security.provider.AbstractDrbg.engineNextBytes([BLjava/security/SecureRandomParameters;)V @ 33 c2
Event: 1635.087 Thread 0x00000229606ef490 DEOPT PACKING pc=0x00000229106f727c sp=0x000000436dbfe8b0
Event: 1635.087 Thread 0x00000229606ef490 DEOPT UNPACKING pc=0x000002290fba46a2 sp=0x000000436dbfe7d0 mode 2
Event: 1676.527 Thread 0x00000229606ef490 Uncommon trap: trap_request=0xffffff6e fr.pc=0x000002291047d30c relative=0x000000000000056c
Event: 1676.527 Thread 0x00000229606ef490 Uncommon trap: reason=loop_limit_check action=maybe_recompile pc=0x000002291047d30c method=org.hsqldb.ParserDQL$CompileContext.rewindRangeVariables(I)V @ 11 c2
Event: 1676.527 Thread 0x00000229606ef490 DEOPT PACKING pc=0x000002291047d30c sp=0x000000436dbfd0e0
Event: 1676.527 Thread 0x00000229606ef490 DEOPT UNPACKING pc=0x000002290fba46a2 sp=0x000000436dbfd018 mode 2
Event: 1676.527 Thread 0x00000229606ef490 Uncommon trap: trap_request=0xffffffd6 fr.pc=0x0000022910424404 relative=0x00000000000005c4
Event: 1676.527 Thread 0x00000229606ef490 Uncommon trap: reason=array_check action=maybe_recompile pc=0x0000022910424404 method=org.hsqldb.lib.ArrayUtil.projectRow([Ljava/lang/Object;[I[Ljava/lang/Object;)V @ 21 c2
Event: 1676.528 Thread 0x00000229606ef490 DEOPT PACKING pc=0x0000022910424404 sp=0x000000436dbfcf40
Event: 1676.528 Thread 0x00000229606ef490 DEOPT UNPACKING pc=0x000002290fba46a2 sp=0x000000436dbfcef0 mode 2
Event: 1676.529 Thread 0x00000229606ef490 Uncommon trap: trap_request=0xffffffd6 fr.pc=0x0000022910424404 relative=0x00000000000005c4
Event: 1676.529 Thread 0x00000229606ef490 Uncommon trap: reason=array_check action=maybe_recompile pc=0x0000022910424404 method=org.hsqldb.lib.ArrayUtil.projectRow([Ljava/lang/Object;[I[Ljava/lang/Object;)V @ 21 c2
Event: 1676.529 Thread 0x00000229606ef490 DEOPT PACKING pc=0x0000022910424404 sp=0x000000436dbfd020
Event: 1676.529 Thread 0x00000229606ef490 DEOPT UNPACKING pc=0x000002290fba46a2 sp=0x000000436dbfcfd0 mode 2

Classes loaded (20 events):
Event: 17.170 Loading class java/awt/Point
Event: 17.170 Loading class java/awt/geom/Point2D
Event: 17.170 Loading class java/awt/geom/Point2D done
Event: 17.170 Loading class java/awt/Point done
Event: 17.187 Loading class javax/imageio/metadata/IIOMetadataFormat
Event: 17.187 Loading class javax/imageio/metadata/IIOMetadataFormat done
Event: 17.187 Loading class javax/imageio/ImageTypeSpecifier
Event: 17.188 Loading class javax/imageio/ImageTypeSpecifier done
Event: 17.565 Loading class java/time/Month
Event: 17.567 Loading class java/time/Month done
Event: 17.568 Loading class java/time/DayOfWeek
Event: 17.569 Loading class java/time/DayOfWeek done
Event: 17.570 Loading class java/time/zone/ZoneOffsetTransitionRule$TimeDefinition
Event: 17.572 Loading class java/time/zone/ZoneOffsetTransitionRule$TimeDefinition done
Event: 18.782 Loading class java/util/concurrent/locks/ReentrantReadWriteLock$Sync$HoldCounter
Event: 18.784 Loading class java/util/concurrent/locks/ReentrantReadWriteLock$Sync$HoldCounter done
Event: 19.490 Loading class java/util/IdentityHashMap$EntryIterator$Entry
Event: 19.491 Loading class java/util/IdentityHashMap$EntryIterator$Entry done
Event: 37.106 Loading class java/lang/foreign/MemorySegment
Event: 37.109 Loading class java/lang/foreign/MemorySegment done

Classes unloaded (20 events):
Event: 1049.441 Thread 0x0000022978e19180 Unloading class 0x00000229193c4800 'java/lang/invoke/LambdaForm$MH+0x00000229193c4800'
Event: 1049.441 Thread 0x0000022978e19180 Unloading class 0x00000229193c4400 'java/lang/invoke/LambdaForm$MH+0x00000229193c4400'
Event: 1049.441 Thread 0x0000022978e19180 Unloading class 0x00000229193c4000 'java/lang/invoke/LambdaForm$MH+0x00000229193c4000'
Event: 1049.441 Thread 0x0000022978e19180 Unloading class 0x0000022919390400 'java/lang/invoke/LambdaForm$MH+0x0000022919390400'
Event: 1049.441 Thread 0x0000022978e19180 Unloading class 0x0000022919390000 'java/lang/invoke/LambdaForm$MH+0x0000022919390000'
Event: 1049.441 Thread 0x0000022978e19180 Unloading class 0x0000022919320400 'java/lang/invoke/LambdaForm$MH+0x0000022919320400'
Event: 1049.441 Thread 0x0000022978e19180 Unloading class 0x0000022919320000 'java/lang/invoke/LambdaForm$MH+0x0000022919320000'
Event: 1049.441 Thread 0x0000022978e19180 Unloading class 0x000002291931d400 'java/lang/invoke/LambdaForm$MH+0x000002291931d400'
Event: 1049.441 Thread 0x0000022978e19180 Unloading class 0x000002291931d000 'java/lang/invoke/LambdaForm$MH+0x000002291931d000'
Event: 1049.441 Thread 0x0000022978e19180 Unloading class 0x000002291931c800 'java/lang/invoke/LambdaForm$MH+0x000002291931c800'
Event: 1049.442 Thread 0x0000022978e19180 Unloading class 0x00000229191ac400 'java/lang/invoke/LambdaForm$MH+0x00000229191ac400'
Event: 1049.442 Thread 0x0000022978e19180 Unloading class 0x00000229191a5400 'java/lang/invoke/LambdaForm$DMH+0x00000229191a5400'
Event: 1049.442 Thread 0x0000022978e19180 Unloading class 0x00000229191a4c00 'java/lang/invoke/LambdaForm$DMH+0x00000229191a4c00'
Event: 1049.442 Thread 0x0000022978e19180 Unloading class 0x0000022919111800 'java/lang/invoke/LambdaForm$MH+0x0000022919111800'
Event: 1049.442 Thread 0x0000022978e19180 Unloading class 0x0000022919111000 'java/lang/invoke/LambdaForm$MH+0x0000022919111000'
Event: 1049.442 Thread 0x0000022978e19180 Unloading class 0x0000022919110800 'java/lang/invoke/LambdaForm$MH+0x0000022919110800'
Event: 1049.442 Thread 0x0000022978e19180 Unloading class 0x0000022919110000 'java/lang/invoke/LambdaForm$MH+0x0000022919110000'
Event: 1267.135 Thread 0x0000022978e19180 Unloading class 0x000002291957bc00 'java/lang/invoke/LambdaForm$MH+0x000002291957bc00'
Event: 1267.135 Thread 0x0000022978e19180 Unloading class 0x000002291957b800 'java/lang/invoke/LambdaForm$MH+0x000002291957b800'
Event: 1267.135 Thread 0x0000022978e19180 Unloading class 0x000002291957b400 'java/lang/invoke/LambdaForm$MH+0x000002291957b400'

Classes redefined (0 events):
No events

Internal exceptions (20 events):
Event: 19.210 Thread 0x00000229628f1d20 Exception <a 'java/lang/NoSuchMethodError'{0x00000000c376b2d0}: 'java.lang.Object java.lang.invoke.Invokers$Holder.linkToTargetMethod(long, java.lang.Object, int, java.lang.Object)'> (0x00000000c376b2d0) 
thrown [s\src\hotspot\share\interpreter\linkResolver.cpp, line 773]
Event: 19.211 Thread 0x00000229628eef30 Exception <a 'java/lang/NoSuchMethodError'{0x00000000c3714980}: 'java.lang.Object java.lang.invoke.Invokers$Holder.linkToTargetMethod(long, java.lang.Object, int, java.lang.Object)'> (0x00000000c3714980) 
thrown [s\src\hotspot\share\interpreter\linkResolver.cpp, line 773]
Event: 19.211 Thread 0x00000229628ef5c0 Exception <a 'java/lang/NoSuchMethodError'{0x00000000c3786528}: 'java.lang.Object java.lang.invoke.Invokers$Holder.linkToTargetMethod(long, java.lang.Object, int, java.lang.Object)'> (0x00000000c3786528) 
thrown [s\src\hotspot\share\interpreter\linkResolver.cpp, line 773]
Event: 19.413 Thread 0x00000229628f1690 Implicit null exception at 0x0000022910411eda to 0x0000022910411f64
Event: 19.435 Thread 0x00000229628f23b0 Implicit null exception at 0x0000022910112120 to 0x0000022910112768
Event: 19.435 Thread 0x00000229628f30d0 Implicit null exception at 0x0000022910112120 to 0x0000022910112768
Event: 19.435 Thread 0x00000229628ef5c0 Implicit null exception at 0x0000022910112120 to 0x0000022910112768
Event: 19.435 Thread 0x00000229628ee8a0 Implicit null exception at 0x0000022910112120 to 0x0000022910112768
Event: 19.435 Thread 0x00000229628efc50 Implicit null exception at 0x0000022910112120 to 0x0000022910112768
Event: 79.090 Thread 0x00000229601e0c30 Exception <a 'java/lang/NoSuchMethodError'{0x00000000c4374b60}: 'java.lang.Object java.lang.invoke.DirectMethodHandle$Holder.invokeStatic(java.lang.Object, long, java.lang.Object, java.lang.Object)'> (0x00000000c4374b60) 
thrown [s\src\hotspot\share\interpreter\linkResolver.cpp, line 773]
Event: 259.085 Thread 0x00000229601dca90 Implicit null exception at 0x0000022910606d03 to 0x0000022910607a44
Event: 618.712 Thread 0x00000229628edb80 Exception <a 'java/lang/NoSuchMethodError'{0x00000000c40bc300}: 'java.lang.Object java.lang.invoke.DirectMethodHandle$Holder.newInvokeSpecial(java.lang.Object, java.lang.Object, java.lang.Object, long, java.lang.Object)'> (0x00000000c40bc300) 
thrown [s\src\hotspot\share\interpreter\linkResolver.cpp, line 773]
Event: 618.713 Thread 0x00000229628edb80 Exception <a 'java/lang/NoSuchMethodError'{0x00000000c40c12c0}: 'java.lang.Object java.lang.invoke.DirectMethodHandle$Holder.invokeSpecial(java.lang.Object, java.lang.Object, java.lang.Object, java.lang.Object, long, java.lang.Object)'> (0x00000000c40c12c0) 
thrown [s\src\hotspot\share\interpreter\linkResolver.cpp, line 773]
Event: 618.714 Thread 0x00000229628edb80 Exception <a 'java/lang/NoSuchMethodError'{0x00000000c40c5af8}: 'java.lang.Object java.lang.invoke.Invokers$Holder.linkToTargetMethod(java.lang.Object, java.lang.Object, long, java.lang.Object, java.lang.Object)'> (0x00000000c40c5af8) 
thrown [s\src\hotspot\share\interpreter\linkResolver.cpp, line 773]
Event: 618.715 Thread 0x00000229628edb80 Exception <a 'java/lang/NoSuchMethodError'{0x00000000c40d06b0}: 'java.lang.Object java.lang.invoke.DirectMethodHandle$Holder.newInvokeSpecial(java.lang.Object, java.lang.Object, long, java.lang.Object)'> (0x00000000c40d06b0) 
thrown [s\src\hotspot\share\interpreter\linkResolver.cpp, line 773]
Event: 618.716 Thread 0x00000229628edb80 Exception <a 'java/lang/NoSuchMethodError'{0x00000000c40d52d0}: 'void java.lang.invoke.DirectMethodHandle$Holder.invokeSpecial(java.lang.Object, java.lang.Object, long)'> (0x00000000c40d52d0) 
thrown [s\src\hotspot\share\interpreter\linkResolver.cpp, line 773]
Event: 1595.591 Thread 0x00000229606ef490 Implicit null exception at 0x000002291024edbc to 0x000002291024f3b8
Event: 1596.106 Thread 0x00000229601dff10 Implicit null exception at 0x000002291024edbc to 0x000002291024f3b8
Event: 1596.106 Thread 0x00000229606eee00 Implicit null exception at 0x000002291024edbc to 0x000002291024f3b8
Event: 1596.597 Thread 0x00000229606ef490 Implicit null exception at 0x000002291024edbc to 0x000002291024f3b8

ZGC Phase Switch (0 events):
No events

VM Operations (20 events):
Event: 1655.261 Executing VM operation: Cleanup
Event: 1655.261 Executing VM operation: Cleanup done
Event: 1671.397 Executing VM operation: Cleanup
Event: 1671.398 Executing VM operation: Cleanup done
Event: 1673.401 Executing VM operation: Cleanup
Event: 1673.401 Executing VM operation: Cleanup done
Event: 1677.442 Executing VM operation: Cleanup
Event: 1677.442 Executing VM operation: Cleanup done
Event: 1683.252 Executing VM operation: HandshakeAllThreads (HandshakeForDeflation)
Event: 1683.253 Executing VM operation: HandshakeAllThreads (HandshakeForDeflation) done
Event: 1683.253 Executing VM operation: RendezvousGCThreads
Event: 1683.253 Executing VM operation: RendezvousGCThreads done
Event: 1694.364 Executing VM operation: Cleanup
Event: 1694.365 Executing VM operation: Cleanup done
Event: 1698.410 Executing VM operation: Cleanup
Event: 1698.410 Executing VM operation: Cleanup done
Event: 1700.439 Executing VM operation: Cleanup
Event: 1700.439 Executing VM operation: Cleanup done
Event: 1701.445 Executing VM operation: Cleanup
Event: 1701.445 Executing VM operation: Cleanup done

Memory protections (0 events):
No events

Nmethod flushes (20 events):
Event: 1489.131 Thread 0x0000022978e19180 flushing  nmethod 0x000002290925ca10
Event: 1489.131 Thread 0x0000022978e19180 flushing  nmethod 0x00000229092dfa90
Event: 1489.131 Thread 0x0000022978e19180 flushing  nmethod 0x00000229094edf10
Event: 1489.131 Thread 0x0000022978e19180 flushing  nmethod 0x000002290968ac10
Event: 1489.131 Thread 0x0000022978e19180 flushing  nmethod 0x000002290974ad10
Event: 1489.131 Thread 0x0000022978e19180 flushing  nmethod 0x0000022908d2b090
Event: 1489.131 Thread 0x0000022978e19180 flushing  nmethod 0x0000022908d2d510
Event: 1489.131 Thread 0x0000022978e19180 flushing  nmethod 0x0000022909121690
Event: 1489.131 Thread 0x0000022978e19180 flushing  nmethod 0x00000229090b2b90
Event: 1489.131 Thread 0x0000022978e19180 flushing  nmethod 0x0000022908ad3f10
Event: 1489.131 Thread 0x0000022978e19180 flushing  nmethod 0x0000022908778710
Event: 1489.131 Thread 0x0000022978e19180 flushing  nmethod 0x0000022908982710
Event: 1489.131 Thread 0x0000022978e19180 flushing  nmethod 0x00000229089a5c90
Event: 1489.131 Thread 0x0000022978e19180 flushing  nmethod 0x0000022909208290
Event: 1489.131 Thread 0x0000022978e19180 flushing  nmethod 0x0000022909641990
Event: 1489.131 Thread 0x0000022978e19180 flushing  nmethod 0x0000022909be6690
Event: 1489.131 Thread 0x0000022978e19180 flushing  nmethod 0x0000022908a82110
Event: 1489.131 Thread 0x0000022978e19180 flushing  nmethod 0x0000022909a38610
Event: 1489.131 Thread 0x0000022978e19180 flushing  nmethod 0x0000022909b43490
Event: 1489.131 Thread 0x0000022978e19180 flushing  nmethod 0x0000022909b43810

Events (20 events):
Event: 19.806 Thread 0x000002295f35bc70 Thread exited: 0x000002295f35bc70
Event: 52.629 Thread 0x000002291777c030 Thread added: 0x000002295f35bc70
Event: 54.656 Thread 0x000002295f35bc70 Thread exited: 0x000002295f35bc70
Event: 65.782 Thread 0x000002295f8e6ec0 Thread exited: 0x000002295f8e6ec0
Event: 79.432 Thread 0x00000229601e12c0 Thread exited: 0x00000229601e12c0
Event: 125.793 Thread 0x000002295f8ea340 Thread exited: 0x000002295f8ea340
Event: 139.094 Thread 0x00000229601dd7b0 Thread added: 0x00000229628ece60
Event: 164.780 Thread 0x00000229628a1310 Thread exited: 0x00000229628a1310
Event: 177.050 Thread 0x000002291777c030 Thread added: 0x000002295f35d0e0
Event: 177.862 Thread 0x000002295f35d0e0 Thread exited: 0x000002295f35d0e0
Event: 185.798 Thread 0x000002295f8e7be0 Thread exited: 0x000002295f8e7be0
Event: 199.095 Thread 0x00000229628ece60 Thread exited: 0x00000229628ece60
Event: 239.801 Thread 0x000002295f8e9cb0 Thread exited: 0x000002295f8e9cb0
Event: 245.803 Thread 0x000002295f8e7550 Thread exited: 0x000002295f8e7550
Event: 259.121 Thread 0x00000229601dca90 Thread added: 0x000002295f8e9cb0
Event: 305.807 Thread 0x000002295e4ef4a0 Thread exited: 0x000002295e4ef4a0
Event: 319.136 Thread 0x000002295f8e9cb0 Thread exited: 0x000002295f8e9cb0
Event: 365.808 Thread 0x000002295edb18a0 Thread exited: 0x000002295edb18a0
Event: 519.640 Thread 0x000002291777c030 Thread added: 0x000002295f35f2f0
Event: 520.203 Thread 0x000002295f35f2f0 Thread exited: 0x000002295f35f2f0


Dynamic libraries:
0x00007ff7013a0000 - 0x00007ff7013ae000 	C:\Program Files\Eclipse Adoptium\jdk-21.0.5.11-hotspot\bin\javaw.exe
0x00007ffe69c10000 - 0x00007ffe69e08000 	C:\Windows\SYSTEM32\ntdll.dll
0x00007ffe69940000 - 0x00007ffe69a02000 	C:\Windows\System32\KERNEL32.DLL
0x00007ffe67900000 - 0x00007ffe67bf6000 	C:\Windows\System32\KERNELBASE.dll
0x00007ffe67690000 - 0x00007ffe67790000 	C:\Windows\System32\ucrtbase.dll
0x00007ffe525e0000 - 0x00007ffe525fe000 	C:\Program Files\Eclipse Adoptium\jdk-21.0.5.11-hotspot\bin\VCRUNTIME140.dll
0x00007ffe52600000 - 0x00007ffe52618000 	C:\Program Files\Eclipse Adoptium\jdk-21.0.5.11-hotspot\bin\jli.dll
0x00007ffe67dd0000 - 0x00007ffe67f71000 	C:\Windows\System32\USER32.dll
0x00007ffe67c00000 - 0x00007ffe67c22000 	C:\Windows\System32\win32u.dll
0x00007ffe54570000 - 0x00007ffe5480b000 	C:\Windows\WinSxS\amd64_microsoft.windows.common-controls_6595b64144ccf1df_6.0.19041.6456_none_60b8a6cb71f64256\COMCTL32.dll
0x00007ffe69b30000 - 0x00007ffe69b5b000 	C:\Windows\System32\GDI32.dll
0x00007ffe67c30000 - 0x00007ffe67cce000 	C:\Windows\System32\msvcrt.dll
0x00007ffe677e0000 - 0x00007ffe678f9000 	C:\Windows\System32\gdi32full.dll
0x00007ffe672a0000 - 0x00007ffe6733d000 	C:\Windows\System32\msvcp_win.dll
0x00007ffe69850000 - 0x00007ffe6987f000 	C:\Windows\System32\IMM32.DLL
0x00007ffe525d0000 - 0x00007ffe525dc000 	C:\Program Files\Eclipse Adoptium\jdk-21.0.5.11-hotspot\bin\vcruntime140_1.dll
0x00007ffe4b010000 - 0x00007ffe4b09d000 	C:\Program Files\Eclipse Adoptium\jdk-21.0.5.11-hotspot\bin\msvcp140.dll
0x00007ffe2d0a0000 - 0x00007ffe2de2f000 	C:\Program Files\Eclipse Adoptium\jdk-21.0.5.11-hotspot\bin\server\jvm.dll
0x00007ffe69880000 - 0x00007ffe69931000 	C:\Windows\System32\ADVAPI32.dll
0x00007ffe67d30000 - 0x00007ffe67dcf000 	C:\Windows\System32\sechost.dll
0x00007ffe68030000 - 0x00007ffe68150000 	C:\Windows\System32\RPCRT4.dll
0x00007ffe675d0000 - 0x00007ffe675f7000 	C:\Windows\System32\bcrypt.dll
0x00007ffe68580000 - 0x00007ffe685eb000 	C:\Windows\System32\WS2_32.dll
0x00007ffe53b70000 - 0x00007ffe53b97000 	C:\Windows\SYSTEM32\WINMM.dll
0x00007ffe67100000 - 0x00007ffe6714b000 	C:\Windows\SYSTEM32\POWRPROF.dll
0x00007ffe5e2c0000 - 0x00007ffe5e2ca000 	C:\Windows\SYSTEM32\VERSION.dll
0x00007ffe670e0000 - 0x00007ffe670f2000 	C:\Windows\SYSTEM32\UMPDC.dll
0x00007ffe65110000 - 0x00007ffe65122000 	C:\Windows\SYSTEM32\kernel.appcore.dll
0x00007ffe4bfd0000 - 0x00007ffe4bfda000 	C:\Program Files\Eclipse Adoptium\jdk-21.0.5.11-hotspot\bin\jimage.dll
0x00007ffe58060000 - 0x00007ffe58261000 	C:\Windows\SYSTEM32\DBGHELP.DLL
0x00007ffe58020000 - 0x00007ffe58054000 	C:\Windows\SYSTEM32\dbgcore.DLL
0x00007ffe67600000 - 0x00007ffe67682000 	C:\Windows\System32\bcryptPrimitives.dll
0x00007ffe4afe0000 - 0x00007ffe4afff000 	C:\Program Files\Eclipse Adoptium\jdk-21.0.5.11-hotspot\bin\java.dll
0x00007ffe68ff0000 - 0x00007ffe69760000 	C:\Windows\System32\SHELL32.dll
0x00007ffe65310000 - 0x00007ffe65ab5000 	C:\Windows\SYSTEM32\windows.storage.dll
0x00007ffe68150000 - 0x00007ffe684a4000 	C:\Windows\System32\combase.dll
0x00007ffe66bf0000 - 0x00007ffe66c1b000 	C:\Windows\SYSTEM32\Wldp.dll
0x00007ffe685f0000 - 0x00007ffe686bd000 	C:\Windows\System32\OLEAUT32.dll
0x00007ffe67f80000 - 0x00007ffe6802d000 	C:\Windows\System32\SHCORE.dll
0x00007ffe68f00000 - 0x00007ffe68f5b000 	C:\Windows\System32\shlwapi.dll
0x00007ffe671d0000 - 0x00007ffe671f4000 	C:\Windows\SYSTEM32\profapi.dll
0x00007ffe31af0000 - 0x00007ffe31bc7000 	C:\Program Files\Eclipse Adoptium\jdk-21.0.5.11-hotspot\bin\jsvml.dll
0x00007ffe4afb0000 - 0x00007ffe4afc0000 	C:\Program Files\Eclipse Adoptium\jdk-21.0.5.11-hotspot\bin\net.dll
0x00007ffe60810000 - 0x00007ffe6091a000 	C:\Windows\SYSTEM32\WINHTTP.dll
0x00007ffe66950000 - 0x00007ffe669ba000 	C:\Windows\system32\mswsock.dll
0x00007ffe4a520000 - 0x00007ffe4a536000 	C:\Program Files\Eclipse Adoptium\jdk-21.0.5.11-hotspot\bin\nio.dll
0x00007ffe4afc0000 - 0x00007ffe4afd8000 	C:\Program Files\Eclipse Adoptium\jdk-21.0.5.11-hotspot\bin\zip.dll
0x00007ffe66b40000 - 0x00007ffe66b58000 	C:\Windows\SYSTEM32\CRYPTSP.dll
0x00007ffe66270000 - 0x00007ffe662a8000 	C:\Windows\system32\rsaenh.dll
0x00007ffe67190000 - 0x00007ffe671be000 	C:\Windows\SYSTEM32\USERENV.dll
0x00007ffe66b60000 - 0x00007ffe66b6c000 	C:\Windows\SYSTEM32\CRYPTBASE.dll
0x00007ffe66630000 - 0x00007ffe6666b000 	C:\Windows\SYSTEM32\IPHLPAPI.DLL
0x00007ffe688f0000 - 0x00007ffe688f8000 	C:\Windows\System32\NSI.dll
0x00007ffe4abb0000 - 0x00007ffe4abc0000 	C:\Program Files\Eclipse Adoptium\jdk-21.0.5.11-hotspot\bin\verify.dll
0x00007ffe4ab90000 - 0x00007ffe4ab9a000 	C:\Program Files\Eclipse Adoptium\jdk-21.0.5.11-hotspot\bin\management.dll
0x00007ffe4a550000 - 0x00007ffe4a55b000 	C:\Program Files\Eclipse Adoptium\jdk-21.0.5.11-hotspot\bin\management_ext.dll
0x00007ffe69b60000 - 0x00007ffe69b68000 	C:\Windows\System32\PSAPI.DLL
0x00007ffe66670000 - 0x00007ffe6673a000 	C:\Windows\SYSTEM32\DNSAPI.dll
0x00007ffe5f320000 - 0x00007ffe5f32a000 	C:\Windows\System32\rasadhlp.dll
0x00007ffe5e970000 - 0x00007ffe5e9f0000 	C:\Windows\System32\fwpuclnt.dll
0x00007ffe4a510000 - 0x00007ffe4a519000 	C:\Program Files\Eclipse Adoptium\jdk-21.0.5.11-hotspot\bin\extnet.dll
0x00007ffe37740000 - 0x00007ffe3774e000 	C:\Program Files\Eclipse Adoptium\jdk-21.0.5.11-hotspot\bin\sunmscapi.dll
0x00007ffe673c0000 - 0x00007ffe6751d000 	C:\Windows\System32\CRYPT32.dll
0x00007ffe66c60000 - 0x00007ffe66c87000 	C:\Windows\SYSTEM32\ncrypt.dll
0x00007ffe66c20000 - 0x00007ffe66c5b000 	C:\Windows\SYSTEM32\NTASN1.dll
0x00007ffe2e090000 - 0x00007ffe2e097000 	C:\Windows\system32\wshunix.dll
0x00007ffe62cf0000 - 0x00007ffe62cf9000 	C:\Program Files\Eclipse Adoptium\jdk-21.0.5.11-hotspot\bin\prefs.dll
0x00007ffe31090000 - 0x00007ffe3121e000 	C:\Program Files\Eclipse Adoptium\jdk-21.0.5.11-hotspot\bin\awt.dll
0x00007ffe647a0000 - 0x00007ffe64834000 	C:\Windows\SYSTEM32\apphelp.dll

dbghelp: loaded successfully - version: 4.0.5 - missing functions: none
symbol engine: initialized successfully - sym options: 0x614 - pdb path: .;C:\Program Files\Eclipse Adoptium\jdk-21.0.5.11-hotspot\bin;C:\Windows\SYSTEM32;C:\Windows\WinSxS\amd64_microsoft.windows.common-controls_6595b64144ccf1df_6.0.19041.6456_none_60b8a6cb71f64256;C:\Program Files\Eclipse Adoptium\jdk-21.0.5.11-hotspot\bin\server

VM Arguments:
jvm_args: -DMX_LOG_LEVEL=INFO -Djava.library.path=C:/Users/Admin/Mendix/LearnNow Training management-main/deployment/model/lib/userlib -Dfile.encoding=UTF-8 -Djava.io.tmpdir=C:/Users/Admin/Mendix/LearnNow Training management-main/deployment/data/tmp -Dmendix.live-preview=enabled 
java_command: C:\Program Files\Mendix\10.24.9.81004\runtime\launcher\runtimelauncher.jar C:\Users\Admin\Mendix\LearnNow Training management-main\deployment
java_class_path (initial): C:\Program Files\Mendix\10.24.9.81004\runtime\launcher\runtimelauncher.jar
Launcher Type: SUN_STANDARD

[Global flags]
     intx CICompilerCount                          = 4                                         {product} {ergonomic}
     uint ConcGCThreads                            = 2                                         {product} {ergonomic}
     uint G1ConcRefinementThreads                  = 8                                         {product} {ergonomic}
   size_t G1HeapRegionSize                         = 1048576                                   {product} {ergonomic}
    uintx GCDrainStackTargetSize                   = 64                                        {product} {ergonomic}
   size_t InitialHeapSize                          = 67108864                                  {product} {ergonomic}
   size_t MarkStackSize                            = 4194304                                   {product} {ergonomic}
   size_t MaxHeapSize                              = 1073741824                                {product} {ergonomic}
   size_t MaxNewSize                               = 643825664                                 {product} {ergonomic}
   size_t MinHeapDeltaBytes                        = 1048576                                   {product} {ergonomic}
   size_t MinHeapSize                              = 8388608                                   {product} {ergonomic}
    uintx NonNMethodCodeHeapSize                   = 5839372                                {pd product} {ergonomic}
    uintx NonProfiledCodeHeapSize                  = 122909434                              {pd product} {ergonomic}
    uintx ProfiledCodeHeapSize                     = 122909434                              {pd product} {ergonomic}
    uintx ReservedCodeCacheSize                    = 251658240                              {pd product} {ergonomic}
     bool SegmentedCodeCache                       = true                                      {product} {ergonomic}
   size_t SoftMaxHeapSize                          = 1073741824                             {manageable} {ergonomic}
     bool UseCompressedOops                        = true                           {product lp64_product} {ergonomic}
     bool UseG1GC                                  = true                                      {product} {ergonomic}
     bool UseLargePagesIndividualAllocation        = false                                  {pd product} {ergonomic}

Logging:
Log output configuration:
 #0: stdout all=warning uptime,level,tags foldmultilines=false
 #1: stderr all=off uptime,level,tags foldmultilines=false

Environment Variables:
PATH=C:\Windows\system32;C:\Windows;C:\Windows\System32\Wbem;C:\Windows\System32\WindowsPowerShell\v1.0\;C:\Windows\System32\OpenSSH\;C:\Program Files\dotnet\;C:\Program Files\Git\cmd;C:\Users\Admin\AppData\Local\Microsoft\WindowsApps;
USERNAME=Admin
OS=Windows_NT
PROCESSOR_IDENTIFIER=Intel64 Family 6 Model 186 Stepping 3, GenuineIntel
TMP=C:\Users\Admin\AppData\Local\Temp
TEMP=C:\Users\Admin\AppData\Local\Temp




Periodic native trim disabled

---------------  S Y S T E M  ---------------

OS:
 Windows 10 , 64 bit Build 19041 (10.0.19041.5915)
OS uptime: 0 days 2:00 hours

CPU: total 8 (initial active 8) (8 cores per cpu, 1 threads per core) family 6 model 186 stepping 3 microcode 0x4128, cx8, cmov, fxsr, mmx, 3dnowpref, sse, sse2, sse3, ssse3, sse4.1, sse4.2, popcnt, lzcnt, tsc, tscinvbit, avx, avx2, aes, clmul, bmi1, bmi2, adx, sha, fma, vzeroupper, clflush, clflushopt, hv, rdtscp, f16c
Processor Information for all 8 processors :
  Max Mhz: 2626, Current Mhz: 2626, Mhz Limit: 2626

Memory: 4k page, system-wide physical 4095M (774M free)
TotalPageFile size 6468M (AvailPageFile size 0M)
current process WorkingSet (physical memory assigned to process): 293M, peak: 308M
current process commit charge ("private bytes"): 399M, peak: 403M

vm_info: OpenJDK 64-Bit Server VM (21.0.5+11-LTS) for windows-amd64 JRE (21.0.5+11-LTS), built on 2024-10-15T00:00:00Z by "admin" with MS VC++ 17.7 (VS2022)

END.
