#
# There is insufficient memory for the Java Runtime Environment to continue.
# Native memory allocation (malloc) failed to allocate 294112 bytes. Error detail: Chunk::new
# Possible reasons:
#   The system is out of physical RAM or swap space
#   This process is running with CompressedOops enabled, and the Java Heap may be blocking the growth of the native heap
# Possible solutions:
#   Reduce memory load on the system
#   Increase physical memory or swap space
#   Check if swap backing store is full
#   Decrease Java heap size (-Xmx/-Xms)
#   Decrease number of Java threads
#   Decrease Java thread stack sizes (-Xss)
#   Set larger code cache with -XX:ReservedCodeCacheSize=
#   JVM is running with Unscaled Compressed Oops mode in which the Java heap is
#     placed in the first 4GB address space. The Java Heap base address is the
#     maximum limit for the native heap growth. Please use -XX:HeapBaseMinAddress
#     to set the Java Heap base and to place the Java Heap above 4GB virtual address.
# This output file may be truncated or incomplete.
#
#  Out of Memory Error (arena.cpp:168), pid=2004, tid=7252
#
# JRE version: OpenJDK Runtime Environment Temurin-21.0.5+11 (21.0.5+11) (build 21.0.5+11-LTS)
# Java VM: OpenJDK 64-Bit Server VM Temurin-21.0.5+11 (21.0.5+11-LTS, mixed mode, sharing, tiered, compressed oops, compressed class ptrs, g1 gc, windows-amd64)
# No core dump will be written. Minidumps are not enabled by default on client versions of Windows
#

---------------  S U M M A R Y ------------

Command Line: -DMX_LOG_LEVEL=INFO -Djava.library.path=C:/Users/Admin/Mendix/LearnNow Training management-main/deployment/model/lib/userlib -Dfile.encoding=UTF-8 -Djava.io.tmpdir=C:/Users/Admin/Mendix/LearnNow Training management-main/deployment/data/tmp -Dmendix.live-preview=enabled C:\Program Files\Mendix\10.24.9.81004\runtime\launcher\runtimelauncher.jar C:\Users\Admin\Mendix\LearnNow Training management-main\deployment

Host: 13th Gen Intel(R) Core(TM) i7-1355U, 8 cores, 3G,  Windows 10 , 64 bit Build 19041 (10.0.19041.5915)
Time: Mon Dec  1 19:01:10 2025 Central Standard Time (Mexico) elapsed time: 11.850128 seconds (0d 0h 0m 11s)

---------------  T H R E A D  ---------------

Current thread (0x00000217d08a3530):  JavaThread "C2 CompilerThread0" daemon [_thread_in_native, id=7252, stack(0x000000e241700000,0x000000e241800000) (1024K)]


Current CompileTask:
C2:11850 6451  s    4       java.util.jar.JarFile::getInputStream (88 bytes)

Stack: [0x000000e241700000,0x000000e241800000]
Native frames: (J=compiled Java code, j=interpreted, Vv=VM code, C=native code)
V  [jvm.dll+0x6cd4e9]
V  [jvm.dll+0x8a7941]
V  [jvm.dll+0x8a9e6e]
V  [jvm.dll+0x8aa543]
V  [jvm.dll+0x27f6d6]
V  [jvm.dll+0xc500d]
V  [jvm.dll+0xc5543]
V  [jvm.dll+0x3b660c]
V  [jvm.dll+0x382835]
V  [jvm.dll+0x381c9a]
V  [jvm.dll+0x2479d0]
V  [jvm.dll+0x246faf]
V  [jvm.dll+0x1c75ce]
V  [jvm.dll+0x25682a]
V  [jvm.dll+0x254dca]
V  [jvm.dll+0x3f00d6]
V  [jvm.dll+0x8514fb]
V  [jvm.dll+0x6cbbed]
C  [ucrtbase.dll+0x21bb2]
C  [KERNEL32.DLL+0x17374]
C  [ntdll.dll+0x4cc91]


---------------  P R O C E S S  ---------------

Threads class SMR info:
_java_thread_list=0x0000021819b942c0, length=36, elements={
0x00000217b3149750, 0x00000217d08847e0, 0x00000217d08856f0, 0x00000217d088b740,
0x00000217d08941a0, 0x00000217d0894bf0, 0x00000217d08a07a0, 0x00000217d08a3530,
0x00000217d08a5fe0, 0x00000217d0b587e0, 0x00000217d0b79420, 0x000002181894b220,
0x0000021817da3340, 0x0000021817da39a0, 0x0000021817da4000, 0x00000218188fb930,
0x00000218188fd370, 0x00000218188fbfc0, 0x00000218188fcce0, 0x00000218188fa580,
0x00000218188fac10, 0x00000218188fb2a0, 0x0000021819cdd680, 0x0000021819cddd10,
0x0000021819cde3a0, 0x0000021819ce0b00, 0x0000021819cdea30, 0x0000021819cdf0c0,
0x0000021819cdf750, 0x0000021819cdfde0, 0x0000021819ce0470, 0x0000021819993da0,
0x0000021819994430, 0x0000021819991cd0, 0x0000021819991640, 0x0000021819990fb0
}

Java Threads: ( => current thread )
  0x00000217b3149750 JavaThread "main"                              [_thread_blocked, id=980, stack(0x000000e240900000,0x000000e240a00000) (1024K)]
  0x00000217d08847e0 JavaThread "Reference Handler"          daemon [_thread_blocked, id=7176, stack(0x000000e241100000,0x000000e241200000) (1024K)]
  0x00000217d08856f0 JavaThread "Finalizer"                  daemon [_thread_blocked, id=272, stack(0x000000e241200000,0x000000e241300000) (1024K)]
  0x00000217d088b740 JavaThread "Signal Dispatcher"          daemon [_thread_blocked, id=7104, stack(0x000000e241300000,0x000000e241400000) (1024K)]
  0x00000217d08941a0 JavaThread "Attach Listener"            daemon [_thread_blocked, id=6672, stack(0x000000e241400000,0x000000e241500000) (1024K)]
  0x00000217d0894bf0 JavaThread "Service Thread"             daemon [_thread_blocked, id=10228, stack(0x000000e241500000,0x000000e241600000) (1024K)]
  0x00000217d08a07a0 JavaThread "Monitor Deflation Thread"   daemon [_thread_blocked, id=32, stack(0x000000e241600000,0x000000e241700000) (1024K)]
=>0x00000217d08a3530 JavaThread "C2 CompilerThread0"         daemon [_thread_in_native, id=7252, stack(0x000000e241700000,0x000000e241800000) (1024K)]
  0x00000217d08a5fe0 JavaThread "C1 CompilerThread0"         daemon [_thread_in_native, id=2356, stack(0x000000e241800000,0x000000e241900000) (1024K)]
  0x00000217d0b587e0 JavaThread "Notification Thread"        daemon [_thread_blocked, id=2640, stack(0x000000e241900000,0x000000e241a00000) (1024K)]
  0x00000217d0b79420 JavaThread "Common-Cleaner"             daemon [_thread_blocked, id=9212, stack(0x000000e241a00000,0x000000e241b00000) (1024K)]
  0x000002181894b220 JavaThread "scala-execution-context-global-31" daemon [_thread_blocked, id=9308, stack(0x000000e242400000,0x000000e242500000) (1024K)]
  0x0000021817da3340 JavaThread "scala-execution-context-global-32" daemon [_thread_blocked, id=3128, stack(0x000000e242500000,0x000000e242600000) (1024K)]
  0x0000021817da39a0 JavaThread "scala-execution-context-global-33" daemon [_thread_blocked, id=8432, stack(0x000000e242600000,0x000000e242700000) (1024K)]
  0x0000021817da4000 JavaThread "scala-execution-context-global-34" daemon [_thread_blocked, id=3232, stack(0x000000e242700000,0x000000e242800000) (1024K)]
  0x00000218188fb930 JavaThread "scala-execution-context-global-35" daemon [_thread_blocked, id=9892, stack(0x000000e242800000,0x000000e242900000) (1024K)]
  0x00000218188fd370 JavaThread "scala-execution-context-global-36" daemon [_thread_blocked, id=3748, stack(0x000000e242900000,0x000000e242a00000) (1024K)]
  0x00000218188fbfc0 JavaThread "qtp796168203-38"                   [_thread_in_native, id=7684, stack(0x000000e241e00000,0x000000e241f00000) (1024K)]
  0x00000218188fcce0 JavaThread "qtp796168203-39"                   [_thread_blocked, id=9404, stack(0x000000e242a00000,0x000000e242b00000) (1024K)]
  0x00000218188fa580 JavaThread "qtp796168203-40"                   [_thread_in_native, id=9796, stack(0x000000e242b00000,0x000000e242c00000) (1024K)]
  0x00000218188fac10 JavaThread "qtp796168203-41"                   [_thread_in_native, id=7712, stack(0x000000e242c00000,0x000000e242d00000) (1024K)]
  0x00000218188fb2a0 JavaThread "qtp796168203-42-acceptor-0@1965f77d-ServerConnector@17a21a21{HTTP/1.1, (http/1.1)}{127.0.0.1:8090}"        [_thread_in_native, id=5416, stack(0x000000e242d00000,0x000000e242e00000) (1024K)]
  0x0000021819cdd680 JavaThread "qtp796168203-43"                   [_thread_in_native, id=7724, stack(0x000000e242e00000,0x000000e242f00000) (1024K)]
  0x0000021819cddd10 JavaThread "qtp796168203-44"                   [_thread_in_native, id=7144, stack(0x000000e242f00000,0x000000e243000000) (1024K)]
  0x0000021819cde3a0 JavaThread "qtp796168203-45"                   [_thread_in_native, id=1712, stack(0x000000e243000000,0x000000e243100000) (1024K)]
  0x0000021819ce0b00 JavaThread "qtp796168203-46"                   [_thread_in_native, id=4632, stack(0x000000e243100000,0x000000e243200000) (1024K)]
  0x0000021819cdea30 JavaThread "qtp796168203-47-acceptor-0@38d53fd9-ServerConnector@3612c6b3{HTTP/1.1, (http/1.1)}{::1:8090}"        [_thread_in_native, id=3528, stack(0x000000e243200000,0x000000e243300000) (1024K)]
  0x0000021819cdf0c0 JavaThread "qtp796168203-48"                   [_thread_in_native, id=9392, stack(0x000000e243300000,0x000000e243400000) (1024K)]
  0x0000021819cdf750 JavaThread "Scheduler-658563862-1"             [_thread_blocked, id=3264, stack(0x000000e243400000,0x000000e243500000) (1024K)]
  0x0000021819cdfde0 JavaThread "qtp796168203-50"                   [_thread_in_Java, id=1300, stack(0x000000e243500000,0x000000e243600000) (1024K)]
  0x0000021819ce0470 JavaThread "Thread-14"                         [_thread_blocked, id=7696, stack(0x000000e243600000,0x000000e243700000) (1024K)]
  0x0000021819993da0 JavaThread "Thread-0"                          [_thread_blocked, id=1880, stack(0x000000e243700000,0x000000e243800000) (1024K)]
  0x0000021819994430 JavaThread "commons-pool-metrics-updater" daemon [_thread_blocked, id=3140, stack(0x000000e243800000,0x000000e243900000) (1024K)]
  0x0000021819991cd0 JavaThread "commons-pool-evictor"       daemon [_thread_blocked, id=2300, stack(0x000000e243900000,0x000000e243a00000) (1024K)]
  0x0000021819991640 JavaThread "HSQLDB Timer @7fe0fec0"     daemon [_thread_blocked, id=9476, stack(0x000000e243a00000,0x000000e243b00000) (1024K)]
  0x0000021819990fb0 JavaThread "qtp796168203-55"                   [_thread_blocked, id=9880, stack(0x000000e243b00000,0x000000e243c00000) (1024K)]
Total: 36

Other Threads:
  0x00000217b321b4d0 VMThread "VM Thread"                           [id=5880, stack(0x000000e241000000,0x000000e241100000) (1024K)]
  0x00000217d086d030 WatcherThread "VM Periodic Task Thread"        [id=2908, stack(0x000000e240f00000,0x000000e241000000) (1024K)]
  0x00000217b3185560 WorkerThread "GC Thread#0"                     [id=5768, stack(0x000000e240a00000,0x000000e240b00000) (1024K)]
  0x000002181618a870 WorkerThread "GC Thread#1"                     [id=4188, stack(0x000000e241b00000,0x000000e241c00000) (1024K)]
  0x000002181618afb0 WorkerThread "GC Thread#2"                     [id=9184, stack(0x000000e241c00000,0x000000e241d00000) (1024K)]
  0x0000021816188f10 WorkerThread "GC Thread#3"                     [id=3936, stack(0x000000e241d00000,0x000000e241e00000) (1024K)]
  0x00000218165a2940 WorkerThread "GC Thread#4"                     [id=5012, stack(0x000000e241f00000,0x000000e242000000) (1024K)]
  0x00000218165a5120 WorkerThread "GC Thread#5"                     [id=1220, stack(0x000000e242000000,0x000000e242100000) (1024K)]
  0x00000218165a2ce0 WorkerThread "GC Thread#6"                     [id=7980, stack(0x000000e242100000,0x000000e242200000) (1024K)]
  0x0000021818276c90 WorkerThread "GC Thread#7"                     [id=9836, stack(0x000000e242300000,0x000000e242400000) (1024K)]
  0x00000217b318ed50 ConcurrentGCThread "G1 Main Marker"            [id=2512, stack(0x000000e240b00000,0x000000e240c00000) (1024K)]
  0x00000217b318f850 WorkerThread "G1 Conc#0"                       [id=7900, stack(0x000000e240c00000,0x000000e240d00000) (1024K)]
  0x0000021818277770 WorkerThread "G1 Conc#1"                       [id=9312, stack(0x000000e242200000,0x000000e242300000) (1024K)]
  0x00000217b31fcf50 ConcurrentGCThread "G1 Refine#0"               [id=2980, stack(0x000000e240d00000,0x000000e240e00000) (1024K)]
  0x00000217b31fdac0 ConcurrentGCThread "G1 Service"                [id=3552, stack(0x000000e240e00000,0x000000e240f00000) (1024K)]
Total: 15

Threads with active compile tasks:
C2 CompilerThread0  11927 6451  s    4       java.util.jar.JarFile::getInputStream (88 bytes)
Total: 1

VM state: not at safepoint (normal execution)

VM Mutex/Monitor currently owned by a thread: None

Heap address: 0x00000000c0000000, size: 1024 MB, Compressed Oops mode: 32-bit

CDS archive(s) mapped at: [0x00000217d1000000-0x00000217d1c80000-0x00000217d1c80000), size 13107200, SharedBaseAddress: 0x00000217d1000000, ArchiveRelocationMode: 1.
Compressed class space mapped at: 0x00000217d2000000-0x0000021812000000, reserved size: 1073741824
Narrow klass base: 0x00000217d1000000, Narrow klass shift: 0, Narrow klass range: 0x100000000

GC Precious Log:
 CardTable entry size: 512
 Card Set container configuration: InlinePtr #cards 5 size 8 Array Of Cards #cards 12 size 40 Howl #buckets 4 coarsen threshold 1843 Howl Bitmap #cards 512 size 80 coarsen threshold 460 Card regions per heap region 1 cards per card region 2048
 CPUs: 8 total, 8 available
 Memory: 4095M
 Large Page Support: Disabled
 NUMA Support: Disabled
 Compressed Oops: Enabled (32-bit)
 Heap Region Size: 1M
 Heap Min Capacity: 8M
 Heap Initial Capacity: 64M
 Heap Max Capacity: 1G
 Pre-touch: Disabled
 Parallel Workers: 8
 Concurrent Workers: 2
 Concurrent Refinement Workers: 8
 Periodic GC: Disabled

Heap:
 garbage-first heap   total 71680K, used 59349K [0x00000000c0000000, 0x0000000100000000)
  region size 1024K, 22 young (22528K), 3 survivors (3072K)
 Metaspace       used 71506K, committed 72192K, reserved 1114112K
  class space    used 7883K, committed 8192K, reserved 1048576K

Heap Regions: E=young(eden), S=young(survivor), O=old, HS=humongous(starts), HC=humongous(continues), CS=collection set, F=free, TAMS=top-at-mark-start, PB=parsable bottom
|   0|0x00000000c0000000, 0x00000000c0100000, 0x00000000c0100000|100%| O|  |TAMS 0x00000000c0000000| PB 0x00000000c0000000| Untracked 
|   1|0x00000000c0100000, 0x00000000c0200000, 0x00000000c0200000|100%|HS|  |TAMS 0x00000000c0100000| PB 0x00000000c0100000| Complete 
|   2|0x00000000c0200000, 0x00000000c0300000, 0x00000000c0300000|100%| O|  |TAMS 0x00000000c0200000| PB 0x00000000c0200000| Untracked 
|   3|0x00000000c0300000, 0x00000000c0400000, 0x00000000c0400000|100%| O|  |TAMS 0x00000000c0300000| PB 0x00000000c0300000| Untracked 
|   4|0x00000000c0400000, 0x00000000c0500000, 0x00000000c0500000|100%| O|  |TAMS 0x00000000c0400000| PB 0x00000000c0400000| Untracked 
|   5|0x00000000c0500000, 0x00000000c0600000, 0x00000000c0600000|100%| O|  |TAMS 0x00000000c0500000| PB 0x00000000c0500000| Untracked 
|   6|0x00000000c0600000, 0x00000000c0700000, 0x00000000c0700000|100%| O|  |TAMS 0x00000000c0600000| PB 0x00000000c0600000| Untracked 
|   7|0x00000000c0700000, 0x00000000c0800000, 0x00000000c0800000|100%| O|  |TAMS 0x00000000c0700000| PB 0x00000000c0700000| Untracked 
|   8|0x00000000c0800000, 0x00000000c0900000, 0x00000000c0900000|100%| O|  |TAMS 0x00000000c0800000| PB 0x00000000c0800000| Untracked 
|   9|0x00000000c0900000, 0x00000000c0a00000, 0x00000000c0a00000|100%|HS|  |TAMS 0x00000000c0900000| PB 0x00000000c0900000| Complete 
|  10|0x00000000c0a00000, 0x00000000c0b00000, 0x00000000c0b00000|100%| O|Cm|TAMS 0x00000000c0a00000| PB 0x00000000c0a00000| Complete 
|  11|0x00000000c0b00000, 0x00000000c0c00000, 0x00000000c0c00000|100%| O|  |TAMS 0x00000000c0b00000| PB 0x00000000c0b00000| Untracked 
|  12|0x00000000c0c00000, 0x00000000c0d00000, 0x00000000c0d00000|100%| O|  |TAMS 0x00000000c0c00000| PB 0x00000000c0c00000| Untracked 
|  13|0x00000000c0d00000, 0x00000000c0e00000, 0x00000000c0e00000|100%|HS|  |TAMS 0x00000000c0d00000| PB 0x00000000c0d00000| Complete 
|  14|0x00000000c0e00000, 0x00000000c0f00000, 0x00000000c0f00000|100%| O|  |TAMS 0x00000000c0e00000| PB 0x00000000c0e00000| Untracked 
|  15|0x00000000c0f00000, 0x00000000c1000000, 0x00000000c1000000|100%| O|  |TAMS 0x00000000c0f00000| PB 0x00000000c0f00000| Untracked 
|  16|0x00000000c1000000, 0x00000000c1100000, 0x00000000c1100000|100%| O|  |TAMS 0x00000000c1000000| PB 0x00000000c1000000| Untracked 
|  17|0x00000000c1100000, 0x00000000c1200000, 0x00000000c1200000|100%| O|  |TAMS 0x00000000c1100000| PB 0x00000000c1100000| Untracked 
|  18|0x00000000c1200000, 0x00000000c1300000, 0x00000000c1300000|100%| O|  |TAMS 0x00000000c1200000| PB 0x00000000c1200000| Untracked 
|  19|0x00000000c1300000, 0x00000000c1400000, 0x00000000c1400000|100%| O|  |TAMS 0x00000000c1300000| PB 0x00000000c1300000| Untracked 
|  20|0x00000000c1400000, 0x00000000c1500000, 0x00000000c1500000|100%| O|  |TAMS 0x00000000c1400000| PB 0x00000000c1400000| Untracked 
|  21|0x00000000c1500000, 0x00000000c1600000, 0x00000000c1600000|100%| O|  |TAMS 0x00000000c1500000| PB 0x00000000c1500000| Untracked 
|  22|0x00000000c1600000, 0x00000000c1700000, 0x00000000c1700000|100%| O|  |TAMS 0x00000000c1600000| PB 0x00000000c1600000| Untracked 
|  23|0x00000000c1700000, 0x00000000c1800000, 0x00000000c1800000|100%|HS|  |TAMS 0x00000000c1700000| PB 0x00000000c1700000| Complete 
|  24|0x00000000c1800000, 0x00000000c1900000, 0x00000000c1900000|100%| O|  |TAMS 0x00000000c1800000| PB 0x00000000c1800000| Untracked 
|  25|0x00000000c1900000, 0x00000000c1a00000, 0x00000000c1a00000|100%| O|  |TAMS 0x00000000c1900000| PB 0x00000000c1900000| Untracked 
|  26|0x00000000c1a00000, 0x00000000c1b00000, 0x00000000c1b00000|100%|HS|  |TAMS 0x00000000c1a00000| PB 0x00000000c1a00000| Complete 
|  27|0x00000000c1b00000, 0x00000000c1c00000, 0x00000000c1c00000|100%|HC|  |TAMS 0x00000000c1b00000| PB 0x00000000c1b00000| Complete 
|  28|0x00000000c1c00000, 0x00000000c1d00000, 0x00000000c1d00000|100%| O|  |TAMS 0x00000000c1c00000| PB 0x00000000c1c00000| Untracked 
|  29|0x00000000c1d00000, 0x00000000c1e00000, 0x00000000c1e00000|100%| O|  |TAMS 0x00000000c1d00000| PB 0x00000000c1d00000| Untracked 
|  30|0x00000000c1e00000, 0x00000000c1ee12d0, 0x00000000c1f00000| 87%| O|  |TAMS 0x00000000c1e00000| PB 0x00000000c1e00000| Untracked 
|  31|0x00000000c1f00000, 0x00000000c2000000, 0x00000000c2000000|100%| O|  |TAMS 0x00000000c1f00000| PB 0x00000000c1f00000| Untracked 
|  32|0x00000000c2000000, 0x00000000c2100000, 0x00000000c2100000|100%| O|  |TAMS 0x00000000c2000000| PB 0x00000000c2000000| Untracked 
|  33|0x00000000c2100000, 0x00000000c2200000, 0x00000000c2200000|100%| O|  |TAMS 0x00000000c2100000| PB 0x00000000c2100000| Untracked 
|  34|0x00000000c2200000, 0x00000000c2200000, 0x00000000c2300000|  0%| F|  |TAMS 0x00000000c2200000| PB 0x00000000c2200000| Untracked 
|  35|0x00000000c2300000, 0x00000000c2300000, 0x00000000c2400000|  0%| F|  |TAMS 0x00000000c2300000| PB 0x00000000c2300000| Untracked 
|  36|0x00000000c2400000, 0x00000000c2400000, 0x00000000c2500000|  0%| F|  |TAMS 0x00000000c2400000| PB 0x00000000c2400000| Untracked 
|  37|0x00000000c2500000, 0x00000000c2500000, 0x00000000c2600000|  0%| F|  |TAMS 0x00000000c2500000| PB 0x00000000c2500000| Untracked 
|  38|0x00000000c2600000, 0x00000000c2600000, 0x00000000c2700000|  0%| F|  |TAMS 0x00000000c2600000| PB 0x00000000c2600000| Untracked 
|  39|0x00000000c2700000, 0x00000000c2700000, 0x00000000c2800000|  0%| F|  |TAMS 0x00000000c2700000| PB 0x00000000c2700000| Untracked 
|  40|0x00000000c2800000, 0x00000000c2814410, 0x00000000c2900000|  7%| S|CS|TAMS 0x00000000c2800000| PB 0x00000000c2800000| Complete 
|  41|0x00000000c2900000, 0x00000000c2a00000, 0x00000000c2a00000|100%| S|CS|TAMS 0x00000000c2900000| PB 0x00000000c2900000| Complete 
|  42|0x00000000c2a00000, 0x00000000c2b00000, 0x00000000c2b00000|100%| S|CS|TAMS 0x00000000c2a00000| PB 0x00000000c2a00000| Complete 
|  43|0x00000000c2b00000, 0x00000000c2b00000, 0x00000000c2c00000|  0%| F|  |TAMS 0x00000000c2b00000| PB 0x00000000c2b00000| Untracked 
|  44|0x00000000c2c00000, 0x00000000c2c00000, 0x00000000c2d00000|  0%| F|  |TAMS 0x00000000c2c00000| PB 0x00000000c2c00000| Untracked 
|  45|0x00000000c2d00000, 0x00000000c2d00000, 0x00000000c2e00000|  0%| F|  |TAMS 0x00000000c2d00000| PB 0x00000000c2d00000| Untracked 
|  46|0x00000000c2e00000, 0x00000000c2e60ca8, 0x00000000c2f00000| 37%| E|  |TAMS 0x00000000c2e00000| PB 0x00000000c2e00000| Complete 
|  47|0x00000000c2f00000, 0x00000000c3000000, 0x00000000c3000000|100%| E|CS|TAMS 0x00000000c2f00000| PB 0x00000000c2f00000| Complete 
|  48|0x00000000c3000000, 0x00000000c3100000, 0x00000000c3100000|100%| E|CS|TAMS 0x00000000c3000000| PB 0x00000000c3000000| Complete 
|  49|0x00000000c3100000, 0x00000000c3200000, 0x00000000c3200000|100%| E|CS|TAMS 0x00000000c3100000| PB 0x00000000c3100000| Complete 
|  50|0x00000000c3200000, 0x00000000c3300000, 0x00000000c3300000|100%| E|CS|TAMS 0x00000000c3200000| PB 0x00000000c3200000| Complete 
|  51|0x00000000c3300000, 0x00000000c3400000, 0x00000000c3400000|100%| E|CS|TAMS 0x00000000c3300000| PB 0x00000000c3300000| Complete 
|  52|0x00000000c3400000, 0x00000000c3500000, 0x00000000c3500000|100%| E|CS|TAMS 0x00000000c3400000| PB 0x00000000c3400000| Complete 
|  53|0x00000000c3500000, 0x00000000c3600000, 0x00000000c3600000|100%| E|CS|TAMS 0x00000000c3500000| PB 0x00000000c3500000| Complete 
|  54|0x00000000c3600000, 0x00000000c3700000, 0x00000000c3700000|100%| E|CS|TAMS 0x00000000c3600000| PB 0x00000000c3600000| Complete 
|  55|0x00000000c3700000, 0x00000000c3800000, 0x00000000c3800000|100%| E|CS|TAMS 0x00000000c3700000| PB 0x00000000c3700000| Complete 
|  56|0x00000000c3800000, 0x00000000c3900000, 0x00000000c3900000|100%| E|CS|TAMS 0x00000000c3800000| PB 0x00000000c3800000| Complete 
|  57|0x00000000c3900000, 0x00000000c3a00000, 0x00000000c3a00000|100%| E|CS|TAMS 0x00000000c3900000| PB 0x00000000c3900000| Complete 
|  58|0x00000000c3a00000, 0x00000000c3b00000, 0x00000000c3b00000|100%| E|CS|TAMS 0x00000000c3a00000| PB 0x00000000c3a00000| Complete 
|  59|0x00000000c3b00000, 0x00000000c3c00000, 0x00000000c3c00000|100%| E|CS|TAMS 0x00000000c3b00000| PB 0x00000000c3b00000| Complete 
|  60|0x00000000c3c00000, 0x00000000c3d00000, 0x00000000c3d00000|100%| E|CS|TAMS 0x00000000c3c00000| PB 0x00000000c3c00000| Complete 
|  61|0x00000000c3d00000, 0x00000000c3e00000, 0x00000000c3e00000|100%| E|CS|TAMS 0x00000000c3d00000| PB 0x00000000c3d00000| Complete 
|  62|0x00000000c3e00000, 0x00000000c3f00000, 0x00000000c3f00000|100%| E|CS|TAMS 0x00000000c3e00000| PB 0x00000000c3e00000| Complete 
|  63|0x00000000c3f00000, 0x00000000c4000000, 0x00000000c4000000|100%| E|CS|TAMS 0x00000000c3f00000| PB 0x00000000c3f00000| Complete 
|1018|0x00000000ffa00000, 0x00000000ffb00000, 0x00000000ffb00000|100%| O|  |TAMS 0x00000000ffa00000| PB 0x00000000ffa00000| Untracked 
|1019|0x00000000ffb00000, 0x00000000ffc00000, 0x00000000ffc00000|100%| O|  |TAMS 0x00000000ffb00000| PB 0x00000000ffb00000| Untracked 
|1020|0x00000000ffc00000, 0x00000000ffd00000, 0x00000000ffd00000|100%| O|  |TAMS 0x00000000ffc00000| PB 0x00000000ffc00000| Untracked 
|1021|0x00000000ffd00000, 0x00000000ffe00000, 0x00000000ffe00000|100%| E|  |TAMS 0x00000000ffd00000| PB 0x00000000ffd00000| Complete 
|1022|0x00000000ffe00000, 0x00000000fff00000, 0x00000000fff00000|100%| O|  |TAMS 0x00000000ffe00000| PB 0x00000000ffe00000| Untracked 
|1023|0x00000000fff00000, 0x0000000100000000, 0x0000000100000000|100%| O|  |TAMS 0x00000000fff00000| PB 0x00000000fff00000| Untracked 

Card table byte_map: [0x00000217ccc80000,0x00000217cce80000] _byte_map_base: 0x00000217cc680000

Marking Bits: (CMBitMap*) 0x00000217b3186470
 Bits: [0x00000217cce80000, 0x00000217cde80000)

Polling page: 0x00000217b3220000

Metaspace:

Usage:
  Non-class:     62.13 MB used.
      Class:      7.70 MB used.
       Both:     69.83 MB used.

Virtual space:
  Non-class space:       64.00 MB reserved,      62.50 MB ( 98%) committed,  1 nodes.
      Class space:        1.00 GB reserved,       8.00 MB ( <1%) committed,  1 nodes.
             Both:        1.06 GB reserved,      70.50 MB (  6%) committed. 

Chunk freelists:
   Non-Class:  1.47 MB
       Class:  7.95 MB
        Both:  9.42 MB

MaxMetaspaceSize: unlimited
CompressedClassSpaceSize: 1.00 GB
Initial GC threshold: 21.00 MB
Current GC threshold: 111.38 MB
CDS: on
 - commit_granule_bytes: 65536.
 - commit_granule_words: 8192.
 - virtual_space_node_default_size: 8388608.
 - enlarge_chunks_in_place: 1.
 - use_allocation_guard: 0.


Internal statistics:

num_allocs_failed_limit: 6.
num_arena_births: 850.
num_arena_deaths: 0.
num_vsnodes_births: 2.
num_vsnodes_deaths: 0.
num_space_committed: 1128.
num_space_uncommitted: 0.
num_chunks_returned_to_freelist: 6.
num_chunks_taken_from_freelist: 3399.
num_chunk_merges: 6.
num_chunk_splits: 2472.
num_chunks_enlarged: 1871.
num_inconsistent_stats: 0.

CodeHeap 'non-profiled nmethods': size=120000Kb used=2820Kb max_used=2853Kb free=117179Kb
 bounds [0x00000217c4ae0000, 0x00000217c4db0000, 0x00000217cc010000]
CodeHeap 'profiled nmethods': size=120000Kb used=10842Kb max_used=10946Kb free=109157Kb
 bounds [0x00000217bd010000, 0x00000217bdad0000, 0x00000217c4540000]
CodeHeap 'non-nmethods': size=5760Kb used=1826Kb max_used=1849Kb free=3933Kb
 bounds [0x00000217c4540000, 0x00000217c47b0000, 0x00000217c4ae0000]
 total_blobs=6637 nmethods=5814 adapters=726
 compilation: enabled
              stopped_count=0, restarted_count=0
 full_count=0

Compilation events (20 events):
Event: 11.803 Thread 0x00000217d08a5fe0 6452       3       scala.jdk.CollectionConverters$::SetHasAsScala (6 bytes)
Event: 11.804 Thread 0x00000217d08a5fe0 nmethod 6452 0x00000217bd742810 code [0x00000217bd7429e0, 0x00000217bd742d90]
Event: 11.804 Thread 0x00000217d08a5fe0 6453       3       scala.collection.convert.AsScalaExtensions::SetHasAsScala$ (6 bytes)
Event: 11.804 Thread 0x00000217d08a5fe0 nmethod 6453 0x00000217bd742110 code [0x00000217bd7422e0, 0x00000217bd7426a8]
Event: 11.804 Thread 0x00000217d08a5fe0 6454       3       scala.collection.convert.AsScalaExtensions$SetHasAsScala::asScala (11 bytes)
Event: 11.805 Thread 0x00000217d08a5fe0 nmethod 6454 0x00000217bd741590 code [0x00000217bd7417a0, 0x00000217bd741f20]
Event: 11.810 Thread 0x00000217d08a5fe0 6455       3       com.mendix.logging.impl.LogNode::subscribers (34 bytes)
Event: 11.810 Thread 0x00000217d08a5fe0 nmethod 6455 0x00000217bd73ef10 code [0x00000217bd73f0c0, 0x00000217bd73f2f8]
Event: 11.820 Thread 0x00000217d08a3530 nmethod 6448 0x00000217c4c27510 code [0x00000217c4c27840, 0x00000217c4c296b0]
Event: 11.821 Thread 0x00000217d08a3530 6450       4       jdk.internal.org.objectweb.asm.Label::resolve (219 bytes)
Event: 11.823 Thread 0x00000217d08a5fe0 6456       3       com.mendix.configuration.Configuration::isInitialized$ (5 bytes)
Event: 11.823 Thread 0x00000217d08a5fe0 nmethod 6456 0x00000217bd73e990 code [0x00000217bd73eb40, 0x00000217bd73edb8]
Event: 11.823 Thread 0x00000217d08a5fe0 6457       3       com.mendix.configuration.Configuration::isInitialized (7 bytes)
Event: 11.823 Thread 0x00000217d08a5fe0 nmethod 6457 0x00000217bd73e590 code [0x00000217bd73e740, 0x00000217bd73e908]
Event: 11.829 Thread 0x00000217d08a3530 nmethod 6450 0x00000217c4c39590 code [0x00000217c4c39740, 0x00000217c4c39b90]
Event: 11.829 Thread 0x00000217d08a3530 6451  s    4       java.util.jar.JarFile::getInputStream (88 bytes)
Event: 11.836 Thread 0x00000217d08a5fe0 6459       3       com.mendix.connectionbus.util.SqlWriter$$$Lambda/0x00000217d26c0808::apply (9 bytes)
Event: 11.836 Thread 0x00000217d08a5fe0 nmethod 6459 0x00000217bd73df10 code [0x00000217bd73e0e0, 0x00000217bd73e448]
Event: 11.836 Thread 0x00000217d08a5fe0 6460       3       com.mendix.connectionbus.util.SqlWriter$::$anonfun$validateName$1$adapted (12 bytes)
Event: 11.837 Thread 0x00000217d08a5fe0 nmethod 6460 0x00000217bd50a210 code [0x00000217bd50a4a0, 0x00000217bd50b048]

GC Heap History (20 events):
Event: 2.970 GC heap before
{Heap before GC invocations=2 (full 0):
 garbage-first heap   total 65536K, used 32537K [0x00000000c0000000, 0x0000000100000000)
  region size 1024K, 33 young (33792K), 4 survivors (4096K)
 Metaspace       used 21302K, committed 21504K, reserved 1114112K
  class space    used 1934K, committed 2048K, reserved 1048576K
}
Event: 2.982 GC heap after
{Heap after GC invocations=3 (full 0):
 garbage-first heap   total 65536K, used 13699K [0x00000000c0000000, 0x0000000100000000)
  region size 1024K, 5 young (5120K), 5 survivors (5120K)
 Metaspace       used 21302K, committed 21504K, reserved 1114112K
  class space    used 1934K, committed 2048K, reserved 1048576K
}
Event: 3.518 GC heap before
{Heap before GC invocations=4 (full 0):
 garbage-first heap   total 48128K, used 46467K [0x00000000c0000000, 0x0000000100000000)
  region size 1024K, 35 young (35840K), 5 survivors (5120K)
 Metaspace       used 25129K, committed 25344K, reserved 1114112K
  class space    used 2356K, committed 2432K, reserved 1048576K
}
Event: 3.528 GC heap after
{Heap after GC invocations=5 (full 0):
 garbage-first heap   total 59392K, used 19788K [0x00000000c0000000, 0x0000000100000000)
  region size 1024K, 5 young (5120K), 5 survivors (5120K)
 Metaspace       used 25129K, committed 25344K, reserved 1114112K
  class space    used 2356K, committed 2432K, reserved 1048576K
}
Event: 4.235 GC heap before
{Heap before GC invocations=5 (full 0):
 garbage-first heap   total 59392K, used 45388K [0x00000000c0000000, 0x0000000100000000)
  region size 1024K, 30 young (30720K), 5 survivors (5120K)
 Metaspace       used 32365K, committed 32640K, reserved 1114112K
  class space    used 3270K, committed 3392K, reserved 1048576K
}
Event: 4.242 GC heap after
{Heap after GC invocations=6 (full 0):
 garbage-first heap   total 59392K, used 20014K [0x00000000c0000000, 0x0000000100000000)
  region size 1024K, 1 young (1024K), 1 survivors (1024K)
 Metaspace       used 32365K, committed 32640K, reserved 1114112K
  class space    used 3270K, committed 3392K, reserved 1048576K
}
Event: 4.657 GC heap before
{Heap before GC invocations=6 (full 0):
 garbage-first heap   total 59392K, used 31278K [0x00000000c0000000, 0x0000000100000000)
  region size 1024K, 13 young (13312K), 1 survivors (1024K)
 Metaspace       used 35707K, committed 35968K, reserved 1114112K
  class space    used 3613K, committed 3776K, reserved 1048576K
}
Event: 4.662 GC heap after
{Heap after GC invocations=7 (full 0):
 garbage-first heap   total 71680K, used 20850K [0x00000000c0000000, 0x0000000100000000)
  region size 1024K, 2 young (2048K), 2 survivors (2048K)
 Metaspace       used 35707K, committed 35968K, reserved 1114112K
  class space    used 3613K, committed 3776K, reserved 1048576K
}
Event: 6.023 GC heap before
{Heap before GC invocations=8 (full 0):
 garbage-first heap   total 71680K, used 56690K [0x00000000c0000000, 0x0000000100000000)
  region size 1024K, 38 young (38912K), 2 survivors (2048K)
 Metaspace       used 44169K, committed 44608K, reserved 1114112K
  class space    used 4603K, committed 4800K, reserved 1048576K
}
Event: 6.034 GC heap after
{Heap after GC invocations=9 (full 0):
 garbage-first heap   total 71680K, used 24651K [0x00000000c0000000, 0x0000000100000000)
  region size 1024K, 5 young (5120K), 5 survivors (5120K)
 Metaspace       used 44169K, committed 44608K, reserved 1114112K
  class space    used 4603K, committed 4800K, reserved 1048576K
}
Event: 7.539 GC heap before
{Heap before GC invocations=9 (full 0):
 garbage-first heap   total 71680K, used 57419K [0x00000000c0000000, 0x0000000100000000)
  region size 1024K, 38 young (38912K), 5 survivors (5120K)
 Metaspace       used 51762K, committed 52352K, reserved 1114112K
  class space    used 5575K, committed 5888K, reserved 1048576K
}
Event: 7.549 GC heap after
{Heap after GC invocations=10 (full 0):
 garbage-first heap   total 71680K, used 28695K [0x00000000c0000000, 0x0000000100000000)
  region size 1024K, 5 young (5120K), 5 survivors (5120K)
 Metaspace       used 51762K, committed 52352K, reserved 1114112K
  class space    used 5575K, committed 5888K, reserved 1048576K
}
Event: 8.452 GC heap before
{Heap before GC invocations=10 (full 0):
 garbage-first heap   total 71680K, used 57367K [0x00000000c0000000, 0x0000000100000000)
  region size 1024K, 29 young (29696K), 5 survivors (5120K)
 Metaspace       used 55897K, committed 56512K, reserved 1114112K
  class space    used 6198K, committed 6528K, reserved 1048576K
}
Event: 8.457 GC heap after
{Heap after GC invocations=11 (full 0):
 garbage-first heap   total 71680K, used 38775K [0x00000000c0000000, 0x0000000100000000)
  region size 1024K, 4 young (4096K), 4 survivors (4096K)
 Metaspace       used 55897K, committed 56512K, reserved 1114112K
  class space    used 6198K, committed 6528K, reserved 1048576K
}
Event: 9.140 GC heap before
{Heap before GC invocations=12 (full 0):
 garbage-first heap   total 71680K, used 63351K [0x00000000c0000000, 0x0000000100000000)
  region size 1024K, 26 young (26624K), 4 survivors (4096K)
 Metaspace       used 59109K, committed 59712K, reserved 1114112K
  class space    used 6620K, committed 6912K, reserved 1048576K
}
Event: 9.143 GC heap after
{Heap after GC invocations=13 (full 0):
 garbage-first heap   total 71680K, used 37063K [0x00000000c0000000, 0x0000000100000000)
  region size 1024K, 2 young (2048K), 2 survivors (2048K)
 Metaspace       used 59109K, committed 59712K, reserved 1114112K
  class space    used 6620K, committed 6912K, reserved 1048576K
}
Event: 10.041 GC heap before
{Heap before GC invocations=13 (full 0):
 garbage-first heap   total 71680K, used 60615K [0x00000000c0000000, 0x0000000100000000)
  region size 1024K, 26 young (26624K), 2 survivors (2048K)
 Metaspace       used 64215K, committed 64896K, reserved 1114112K
  class space    used 7033K, committed 7360K, reserved 1048576K
}
Event: 10.044 GC heap after
{Heap after GC invocations=14 (full 0):
 garbage-first heap   total 71680K, used 39811K [0x00000000c0000000, 0x0000000100000000)
  region size 1024K, 4 young (4096K), 4 survivors (4096K)
 Metaspace       used 64215K, committed 64896K, reserved 1114112K
  class space    used 7033K, committed 7360K, reserved 1048576K
}
Event: 10.995 GC heap before
{Heap before GC invocations=14 (full 0):
 garbage-first heap   total 71680K, used 61315K [0x00000000c0000000, 0x0000000100000000)
  region size 1024K, 26 young (26624K), 4 survivors (4096K)
 Metaspace       used 67611K, committed 68288K, reserved 1114112K
  class space    used 7376K, committed 7744K, reserved 1048576K
}
Event: 10.998 GC heap after
{Heap after GC invocations=15 (full 0):
 garbage-first heap   total 71680K, used 41941K [0x00000000c0000000, 0x0000000100000000)
  region size 1024K, 3 young (3072K), 3 survivors (3072K)
 Metaspace       used 67611K, committed 68288K, reserved 1114112K
  class space    used 7376K, committed 7744K, reserved 1048576K
}

Dll operation events (11 events):
Event: 0.013 Loaded shared library C:\Program Files\Eclipse Adoptium\jdk-21.0.5.11-hotspot\bin\java.dll
Event: 0.078 Loaded shared library C:\Program Files\Eclipse Adoptium\jdk-21.0.5.11-hotspot\bin\jsvml.dll
Event: 0.105 Loaded shared library C:\Program Files\Eclipse Adoptium\jdk-21.0.5.11-hotspot\bin\net.dll
Event: 0.107 Loaded shared library C:\Program Files\Eclipse Adoptium\jdk-21.0.5.11-hotspot\bin\nio.dll
Event: 0.120 Loaded shared library C:\Program Files\Eclipse Adoptium\jdk-21.0.5.11-hotspot\bin\zip.dll
Event: 0.944 Loaded shared library C:\Program Files\Eclipse Adoptium\jdk-21.0.5.11-hotspot\bin\jimage.dll
Event: 3.771 Loaded shared library C:\Program Files\Eclipse Adoptium\jdk-21.0.5.11-hotspot\bin\verify.dll
Event: 5.596 Loaded shared library C:\Program Files\Eclipse Adoptium\jdk-21.0.5.11-hotspot\bin\management.dll
Event: 5.635 Loaded shared library C:\Program Files\Eclipse Adoptium\jdk-21.0.5.11-hotspot\bin\management_ext.dll
Event: 6.531 Loaded shared library C:\Program Files\Eclipse Adoptium\jdk-21.0.5.11-hotspot\bin\extnet.dll
Event: 6.927 Loaded shared library C:\Program Files\Eclipse Adoptium\jdk-21.0.5.11-hotspot\bin\sunmscapi.dll

Deoptimization events (20 events):
Event: 10.401 Thread 0x0000021819cdfde0 DEOPT PACKING pc=0x00000217c4d44344 sp=0x000000e2435fc3d0
Event: 10.401 Thread 0x0000021819cdfde0 DEOPT UNPACKING pc=0x00000217c45946a2 sp=0x000000e2435fc360 mode 2
Event: 10.408 Thread 0x0000021819cdfde0 Uncommon trap: trap_request=0xffffffde fr.pc=0x00000217c4d44344 relative=0x0000000000000264
Event: 10.408 Thread 0x0000021819cdfde0 Uncommon trap: reason=class_check action=maybe_recompile pc=0x00000217c4d44344 method=org.hsqldb.map.BaseHashMap.getLookup(Ljava/lang/Object;)I @ 5 c2
Event: 10.408 Thread 0x0000021819cdfde0 DEOPT PACKING pc=0x00000217c4d44344 sp=0x000000e2435fc3d0
Event: 10.408 Thread 0x0000021819cdfde0 DEOPT UNPACKING pc=0x00000217c45946a2 sp=0x000000e2435fc360 mode 2
Event: 10.658 Thread 0x0000021819cdfde0 DEOPT PACKING pc=0x00000217bd54170b sp=0x000000e2435fc940
Event: 10.658 Thread 0x0000021819cdfde0 DEOPT UNPACKING pc=0x00000217c4594e42 sp=0x000000e2435fbdb8 mode 0
Event: 10.660 Thread 0x0000021819cdfde0 DEOPT PACKING pc=0x00000217bd54170b sp=0x000000e2435fc940
Event: 10.660 Thread 0x0000021819cdfde0 DEOPT UNPACKING pc=0x00000217c4594e42 sp=0x000000e2435fbdb8 mode 0
Event: 10.674 Thread 0x0000021819cdfde0 Uncommon trap: trap_request=0xffffff45 fr.pc=0x00000217c4b04520 relative=0x0000000000000260
Event: 10.674 Thread 0x0000021819cdfde0 Uncommon trap: reason=unstable_if action=reinterpret pc=0x00000217c4b04520 method=java.util.LinkedHashMap.get(Ljava/lang/Object;)Ljava/lang/Object; @ 16 c2
Event: 10.674 Thread 0x0000021819cdfde0 DEOPT PACKING pc=0x00000217c4b04520 sp=0x000000e2435fcb60
Event: 10.674 Thread 0x0000021819cdfde0 DEOPT UNPACKING pc=0x00000217c45946a2 sp=0x000000e2435fcb08 mode 2
Event: 10.675 Thread 0x0000021819cdfde0 DEOPT PACKING pc=0x00000217bd073f6a sp=0x000000e2435fc0c0
Event: 10.675 Thread 0x0000021819cdfde0 DEOPT UNPACKING pc=0x00000217c4594e42 sp=0x000000e2435fb4e0 mode 0
Event: 11.638 Thread 0x0000021819cdfde0 Uncommon trap: trap_request=0xffffff45 fr.pc=0x00000217c4c448a8 relative=0x0000000000000428
Event: 11.638 Thread 0x0000021819cdfde0 Uncommon trap: reason=unstable_if action=reinterpret pc=0x00000217c4c448a8 method=scala.collection.immutable.HashMapBuilder.update(Lscala/collection/immutable/MapNode;Ljava/lang/Object;Ljava/lang/Object;III)V @ 92 c2
Event: 11.638 Thread 0x0000021819cdfde0 DEOPT PACKING pc=0x00000217c4c448a8 sp=0x000000e2435fd8b0
Event: 11.638 Thread 0x0000021819cdfde0 DEOPT UNPACKING pc=0x00000217c45946a2 sp=0x000000e2435fd7d8 mode 2

Classes loaded (20 events):
Event: 10.958 Loading class java/io/FilterReader done
Event: 10.958 Loading class java/io/PushbackReader done
Event: 11.257 Loading class java/util/EmptyStackException
Event: 11.258 Loading class java/util/EmptyStackException done
Event: 11.300 Loading class java/io/InvalidClassException
Event: 11.301 Loading class java/io/InvalidClassException done
Event: 11.313 Loading class java/util/ArrayList$ListItr
Event: 11.313 Loading class java/util/ArrayList$ListItr done
Event: 11.397 Loading class java/util/BitSet
Event: 11.398 Loading class java/util/BitSet done
Event: 11.779 Loading class java/util/concurrent/SynchronousQueue
Event: 11.780 Loading class java/util/concurrent/SynchronousQueue done
Event: 11.780 Loading class java/util/concurrent/SynchronousQueue$Transferer
Event: 11.781 Loading class java/util/concurrent/LinkedTransferQueue
Event: 11.782 Loading class java/util/concurrent/TransferQueue
Event: 11.782 Loading class java/util/concurrent/TransferQueue done
Event: 11.782 Loading class java/util/concurrent/LinkedTransferQueue done
Event: 11.782 Loading class java/util/concurrent/SynchronousQueue$Transferer done
Event: 11.783 Loading class java/util/concurrent/LinkedTransferQueue$DualNode
Event: 11.783 Loading class java/util/concurrent/LinkedTransferQueue$DualNode done

Classes unloaded (0 events):
No events

Classes redefined (0 events):
No events

Internal exceptions (20 events):
Event: 7.675 Thread 0x0000021819993da0 Exception <a 'java/lang/NoSuchMethodError'{0x00000000c3d792f0}: 'int java.lang.invoke.DirectMethodHandle$Holder.invokeStatic(java.lang.Object)'> (0x00000000c3d792f0) 
thrown [s\src\hotspot\share\interpreter\linkResolver.cpp, line 773]
Event: 7.971 Thread 0x0000021819cdfde0 Exception <a 'java/lang/NoSuchMethodError'{0x00000000c3625090}: 'int java.lang.invoke.DirectMethodHandle$Holder.invokeStaticInit(java.lang.Object)'> (0x00000000c3625090) 
thrown [s\src\hotspot\share\interpreter\linkResolver.cpp, line 773]
Event: 7.988 Thread 0x0000021819cdfde0 Exception <a 'java/lang/NoSuchMethodError'{0x00000000c3689ed0}: 'java.lang.Object java.lang.invoke.DirectMethodHandle$Holder.invokeStatic(java.lang.Object, int, java.lang.Object)'> (0x00000000c3689ed0) 
thrown [s\src\hotspot\share\interpreter\linkResolver.cpp, line 773]
Event: 8.017 Thread 0x0000021819cdfde0 Exception <a 'java/lang/NoSuchMethodError'{0x00000000c35190d0}: 'void java.lang.invoke.DirectMethodHandle$Holder.invokeStaticInit(java.lang.Object, java.lang.Object, java.lang.Object, java.lang.Object)'> (0x00000000c35190d0) 
thrown [s\src\hotspot\share\interpreter\linkResolver.cpp, line 773]
Event: 8.050 Thread 0x0000021819cdfde0 Exception <a 'java/lang/NoSuchMethodError'{0x00000000c35c4508}: 'java.lang.Object java.lang.invoke.DirectMethodHandle$Holder.invokeSpecial(java.lang.Object, java.lang.Object, double, java.lang.Object, java.lang.Object)'> (0x00000000c35c4508) 
thrown [s\src\hotspot\share\interpreter\linkResolver.cpp, line 773]
Event: 8.050 Thread 0x0000021819cdfde0 Exception <a 'java/lang/NoSuchMethodError'{0x00000000c35cbee8}: 'java.lang.Object java.lang.invoke.DirectMethodHandle$Holder.newInvokeSpecial(java.lang.Object, java.lang.Object, double)'> (0x00000000c35cbee8) 
thrown [s\src\hotspot\share\interpreter\linkResolver.cpp, line 773]
Event: 8.053 Thread 0x0000021819cdfde0 Exception <a 'java/lang/NoSuchMethodError'{0x00000000c35e4638}: 'double java.lang.invoke.DirectMethodHandle$Holder.invokeStatic(java.lang.Object, java.lang.Object)'> (0x00000000c35e4638) 
thrown [s\src\hotspot\share\interpreter\linkResolver.cpp, line 773]
Event: 8.091 Thread 0x0000021819cdfde0 Exception <a 'java/lang/NoSuchMethodError'{0x00000000c34a53c0}: 'void java.lang.invoke.DirectMethodHandle$Holder.invokeStatic(java.lang.Object, java.lang.Object, double)'> (0x00000000c34a53c0) 
thrown [s\src\hotspot\share\interpreter\linkResolver.cpp, line 773]
Event: 8.092 Thread 0x0000021819cdfde0 Exception <a 'java/lang/NoSuchMethodError'{0x00000000c34af490}: 'long java.lang.invoke.DirectMethodHandle$Holder.invokeVirtual(java.lang.Object, java.lang.Object)'> (0x00000000c34af490) 
thrown [s\src\hotspot\share\interpreter\linkResolver.cpp, line 773]
Event: 8.093 Thread 0x0000021819cdfde0 Exception <a 'java/lang/NoSuchMethodError'{0x00000000c34b4e48}: 'long java.lang.invoke.DirectMethodHandle$Holder.invokeSpecial(java.lang.Object, java.lang.Object)'> (0x00000000c34b4e48) 
thrown [s\src\hotspot\share\interpreter\linkResolver.cpp, line 773]
Event: 8.114 Thread 0x0000021819cdfde0 Exception <a 'java/lang/NoSuchMethodError'{0x00000000c3312ea8}: 'int java.lang.invoke.DirectMethodHandle$Holder.invokeVirtual(java.lang.Object, java.lang.Object)'> (0x00000000c3312ea8) 
thrown [s\src\hotspot\share\interpreter\linkResolver.cpp, line 773]
Event: 8.115 Thread 0x0000021819cdfde0 Exception <a 'java/lang/NoSuchMethodError'{0x00000000c3318dc8}: 'double java.lang.invoke.DirectMethodHandle$Holder.invokeSpecial(java.lang.Object, java.lang.Object, java.lang.Object)'> (0x00000000c3318dc8) 
thrown [s\src\hotspot\share\interpreter\linkResolver.cpp, line 773]
Event: 8.273 Thread 0x0000021819cdfde0 Exception <a 'java/lang/NoSuchMethodError'{0x00000000c31444c0}: 'int java.lang.invoke.DirectMethodHandle$Holder.invokeStatic(java.lang.Object, java.lang.Object, java.lang.Object, java.lang.Object)'> (0x00000000c31444c0) 
thrown [s\src\hotspot\share\interpreter\linkResolver.cpp, line 773]
Event: 8.500 Thread 0x00000217d0b587e0 Exception <a 'java/lang/NoSuchMethodError'{0x00000000c3f40990}: 'long java.lang.invoke.DirectMethodHandle$Holder.invokeStatic(java.lang.Object, java.lang.Object, java.lang.Object)'> (0x00000000c3f40990) 
thrown [s\src\hotspot\share\interpreter\linkResolver.cpp, line 773]
Event: 8.534 Thread 0x0000021819cdfde0 Exception <a 'java/lang/NoSuchMethodError'{0x00000000c39d86c0}: 'java.lang.Object java.lang.invoke.DirectMethodHandle$Holder.invokeSpecial(java.lang.Object, java.lang.Object, int, int, int, int)'> (0x00000000c39d86c0) 
thrown [s\src\hotspot\share\interpreter\linkResolver.cpp, line 773]
Event: 8.721 Thread 0x0000021819cdfde0 Exception <a 'java/lang/NoSuchMethodError'{0x00000000c339d190}: 'java.lang.Object java.lang.invoke.DirectMethodHandle$Holder.newInvokeSpecial(java.lang.Object, java.lang.Object, java.lang.Object, java.lang.Object, java.lang.Object, java.lang.Object, java.lang.Object, java.lang.Object, java.lang.Object, java.lang.Object, java.lang.Object, int, java.lang.Object)'> (0x00000000c339d190) 
thrown [s\src\hotspot\share\interpreter\linkResolver.cpp, line 773]
Event: 8.824 Thread 0x0000021819cdfde0 Exception <a 'java/lang/NoSuchMethodError'{0x00000000c3021450}: 'void java.lang.invoke.DirectMethodHandle$Holder.invokeStatic(java.lang.Object, java.lang.Object, int)'> (0x00000000c3021450) 
thrown [s\src\hotspot\share\interpreter\linkResolver.cpp, line 773]
Event: 9.106 Thread 0x0000021819cdfde0 Exception <a 'java/lang/NoSuchMethodError'{0x00000000c2a75e28}: 'java.lang.Object java.lang.invoke.DirectMethodHandle$Holder.newInvokeSpecial(java.lang.Object, java.lang.Object, int, java.lang.Object, java.lang.Object, java.lang.Object, int, java.lang.Object)'> (0x00000000c2a75e28) 
thrown [s\src\hotspot\share\interpreter\linkResolver.cpp, line 773]
Event: 9.206 Thread 0x0000021819cdfde0 Exception <a 'java/lang/NoSuchMethodError'{0x00000000c3d16cb0}: 'java.lang.Object java.lang.invoke.DirectMethodHandle$Holder.invokeSpecial(java.lang.Object, java.lang.Object, int, java.lang.Object, int)'> (0x00000000c3d16cb0) 
thrown [s\src\hotspot\share\interpreter\linkResolver.cpp, line 773]
Event: 11.076 Thread 0x0000021819cdfde0 Exception <a 'java/lang/NoSuchMethodError'{0x00000000c3fe7278}: 'java.lang.Object java.lang.invoke.DirectMethodHandle$Holder.invokeStaticInit(java.lang.Object, java.lang.Object, java.lang.Object, java.lang.Object, java.lang.Object, java.lang.Object)'> (0x00000000c3fe7278) 
thrown [s\src\hotspot\share\interpreter\linkResolver.cpp, line 773]

ZGC Phase Switch (0 events):
No events

VM Operations (20 events):
Event: 10.154 Executing VM operation: HandshakeAllThreads (Deoptimize)
Event: 10.155 Executing VM operation: HandshakeAllThreads (Deoptimize) done
Event: 10.157 Executing VM operation: HandshakeAllThreads (Deoptimize)
Event: 10.157 Executing VM operation: HandshakeAllThreads (Deoptimize) done
Event: 10.303 Executing VM operation: HandshakeAllThreads (Deoptimize)
Event: 10.303 Executing VM operation: HandshakeAllThreads (Deoptimize) done
Event: 10.636 Executing VM operation: HandshakeAllThreads (Deoptimize)
Event: 10.636 Executing VM operation: HandshakeAllThreads (Deoptimize) done
Event: 10.948 Executing VM operation: HandshakeAllThreads (Deoptimize)
Event: 10.948 Executing VM operation: HandshakeAllThreads (Deoptimize) done
Event: 10.994 Executing VM operation: G1CollectForAllocation (G1 Evacuation Pause)
Event: 10.999 Executing VM operation: G1CollectForAllocation (G1 Evacuation Pause) done
Event: 11.018 Executing VM operation: G1PauseRemark
Event: 11.022 Executing VM operation: G1PauseRemark done
Event: 11.031 Executing VM operation: G1PauseCleanup
Event: 11.031 Executing VM operation: G1PauseCleanup done
Event: 11.315 Executing VM operation: HandshakeAllThreads (Deoptimize)
Event: 11.315 Executing VM operation: HandshakeAllThreads (Deoptimize) done
Event: 11.327 Executing VM operation: HandshakeAllThreads (Deoptimize)
Event: 11.327 Executing VM operation: HandshakeAllThreads (Deoptimize) done

Memory protections (0 events):
No events

Nmethod flushes (20 events):
Event: 11.021 Thread 0x00000217b321b4d0 flushing  nmethod 0x00000217bd5e9090
Event: 11.021 Thread 0x00000217b321b4d0 flushing  nmethod 0x00000217bd5ea090
Event: 11.021 Thread 0x00000217b321b4d0 flushing  nmethod 0x00000217bd685810
Event: 11.021 Thread 0x00000217b321b4d0 flushing  nmethod 0x00000217bd685d90
Event: 11.021 Thread 0x00000217b321b4d0 flushing  nmethod 0x00000217bd68a390
Event: 11.021 Thread 0x00000217b321b4d0 flushing  nmethod 0x00000217bd68bd10
Event: 11.021 Thread 0x00000217b321b4d0 flushing  nmethod 0x00000217bd68ed10
Event: 11.021 Thread 0x00000217b321b4d0 flushing  nmethod 0x00000217bd68f290
Event: 11.021 Thread 0x00000217b321b4d0 flushing  nmethod 0x00000217bd690510
Event: 11.021 Thread 0x00000217b321b4d0 flushing  nmethod 0x00000217bd693d10
Event: 11.021 Thread 0x00000217b321b4d0 flushing  nmethod 0x00000217bd694390
Event: 11.021 Thread 0x00000217b321b4d0 flushing  nmethod 0x00000217bd6d8b10
Event: 11.021 Thread 0x00000217b321b4d0 flushing  nmethod 0x00000217bd6d9010
Event: 11.021 Thread 0x00000217b321b4d0 flushing  nmethod 0x00000217bd73d590
Event: 11.021 Thread 0x00000217b321b4d0 flushing  nmethod 0x00000217bd740090
Event: 11.021 Thread 0x00000217b321b4d0 flushing  nmethod 0x00000217bd741290
Event: 11.021 Thread 0x00000217b321b4d0 flushing  nmethod 0x00000217bd741790
Event: 11.021 Thread 0x00000217b321b4d0 flushing  nmethod 0x00000217bd741b10
Event: 11.021 Thread 0x00000217b321b4d0 flushing  nmethod 0x00000217bd741f10
Event: 11.021 Thread 0x00000217b321b4d0 flushing  nmethod 0x00000217bd743f90

Events (20 events):
Event: 5.087 Thread 0x00000218175b79b0 Thread exited: 0x00000218175b79b0
Event: 6.838 Thread 0x00000217b3149750 Thread added: 0x00000218188fbfc0
Event: 6.839 Thread 0x00000217b3149750 Thread added: 0x00000218188fcce0
Event: 6.839 Thread 0x00000217b3149750 Thread added: 0x00000218188fa580
Event: 6.840 Thread 0x00000217b3149750 Thread added: 0x00000218188fac10
Event: 6.840 Thread 0x00000217b3149750 Thread added: 0x00000218188fb2a0
Event: 6.840 Thread 0x00000217b3149750 Thread added: 0x0000021819cdd680
Event: 6.841 Thread 0x00000217b3149750 Thread added: 0x0000021819cddd10
Event: 6.841 Thread 0x00000217b3149750 Thread added: 0x0000021819cde3a0
Event: 6.969 Thread 0x00000217b3149750 Thread added: 0x0000021819ce0b00
Event: 6.970 Thread 0x00000217b3149750 Thread added: 0x0000021819cdea30
Event: 7.188 Thread 0x00000218188fcce0 Thread added: 0x0000021819cdf0c0
Event: 7.207 Thread 0x0000021819cdf0c0 Thread added: 0x0000021819cdf750
Event: 7.267 Thread 0x00000218188fcce0 Thread added: 0x0000021819cdfde0
Event: 7.613 Thread 0x00000218188fcce0 Thread added: 0x0000021819ce0470
Event: 7.661 Thread 0x0000021819cdf0c0 Thread added: 0x0000021819993da0
Event: 9.055 Thread 0x0000021819cdfde0 Thread added: 0x0000021819994430
Event: 9.067 Thread 0x0000021819cdfde0 Thread added: 0x0000021819991cd0
Event: 9.844 Thread 0x0000021819cdfde0 Thread added: 0x0000021819991640
Event: 10.213 Thread 0x00000218188fa580 Thread added: 0x0000021819990fb0


Dynamic libraries:
0x00007ff7b1570000 - 0x00007ff7b157e000 	C:\Program Files\Eclipse Adoptium\jdk-21.0.5.11-hotspot\bin\javaw.exe
0x00007ffe69c10000 - 0x00007ffe69e08000 	C:\Windows\SYSTEM32\ntdll.dll
0x00007ffe69940000 - 0x00007ffe69a02000 	C:\Windows\System32\KERNEL32.DLL
0x00007ffe67900000 - 0x00007ffe67bf6000 	C:\Windows\System32\KERNELBASE.dll
0x00007ffe67690000 - 0x00007ffe67790000 	C:\Windows\System32\ucrtbase.dll
0x00007ffe525e0000 - 0x00007ffe525fe000 	C:\Program Files\Eclipse Adoptium\jdk-21.0.5.11-hotspot\bin\VCRUNTIME140.dll
0x00007ffe52600000 - 0x00007ffe52618000 	C:\Program Files\Eclipse Adoptium\jdk-21.0.5.11-hotspot\bin\jli.dll
0x00007ffe54570000 - 0x00007ffe5480b000 	C:\Windows\WinSxS\amd64_microsoft.windows.common-controls_6595b64144ccf1df_6.0.19041.6456_none_60b8a6cb71f64256\COMCTL32.dll
0x00007ffe67dd0000 - 0x00007ffe67f71000 	C:\Windows\System32\USER32.dll
0x00007ffe67c30000 - 0x00007ffe67cce000 	C:\Windows\System32\msvcrt.dll
0x00007ffe69b30000 - 0x00007ffe69b5b000 	C:\Windows\System32\GDI32.dll
0x00007ffe67c00000 - 0x00007ffe67c22000 	C:\Windows\System32\win32u.dll
0x00007ffe677e0000 - 0x00007ffe678f9000 	C:\Windows\System32\gdi32full.dll
0x00007ffe672a0000 - 0x00007ffe6733d000 	C:\Windows\System32\msvcp_win.dll
0x00007ffe69850000 - 0x00007ffe6987f000 	C:\Windows\System32\IMM32.DLL
0x00007ffe525d0000 - 0x00007ffe525dc000 	C:\Program Files\Eclipse Adoptium\jdk-21.0.5.11-hotspot\bin\vcruntime140_1.dll
0x00007ffe4b010000 - 0x00007ffe4b09d000 	C:\Program Files\Eclipse Adoptium\jdk-21.0.5.11-hotspot\bin\msvcp140.dll
0x00007ffe2d0a0000 - 0x00007ffe2de2f000 	C:\Program Files\Eclipse Adoptium\jdk-21.0.5.11-hotspot\bin\server\jvm.dll
0x00007ffe69880000 - 0x00007ffe69931000 	C:\Windows\System32\ADVAPI32.dll
0x00007ffe67d30000 - 0x00007ffe67dcf000 	C:\Windows\System32\sechost.dll
0x00007ffe68030000 - 0x00007ffe68150000 	C:\Windows\System32\RPCRT4.dll
0x00007ffe675d0000 - 0x00007ffe675f7000 	C:\Windows\System32\bcrypt.dll
0x00007ffe68580000 - 0x00007ffe685eb000 	C:\Windows\System32\WS2_32.dll
0x00007ffe67100000 - 0x00007ffe6714b000 	C:\Windows\SYSTEM32\POWRPROF.dll
0x00007ffe53b70000 - 0x00007ffe53b97000 	C:\Windows\SYSTEM32\WINMM.dll
0x00007ffe5e2c0000 - 0x00007ffe5e2ca000 	C:\Windows\SYSTEM32\VERSION.dll
0x00007ffe670e0000 - 0x00007ffe670f2000 	C:\Windows\SYSTEM32\UMPDC.dll
0x00007ffe65110000 - 0x00007ffe65122000 	C:\Windows\SYSTEM32\kernel.appcore.dll
0x00007ffe4bfd0000 - 0x00007ffe4bfda000 	C:\Program Files\Eclipse Adoptium\jdk-21.0.5.11-hotspot\bin\jimage.dll
0x00007ffe58060000 - 0x00007ffe58261000 	C:\Windows\SYSTEM32\DBGHELP.DLL
0x00007ffe58020000 - 0x00007ffe58054000 	C:\Windows\SYSTEM32\dbgcore.DLL
0x00007ffe67600000 - 0x00007ffe67682000 	C:\Windows\System32\bcryptPrimitives.dll
0x00007ffe4afe0000 - 0x00007ffe4afff000 	C:\Program Files\Eclipse Adoptium\jdk-21.0.5.11-hotspot\bin\java.dll
0x00007ffe68ff0000 - 0x00007ffe69760000 	C:\Windows\System32\SHELL32.dll
0x00007ffe65310000 - 0x00007ffe65ab5000 	C:\Windows\SYSTEM32\windows.storage.dll
0x00007ffe68150000 - 0x00007ffe684a4000 	C:\Windows\System32\combase.dll
0x00007ffe66bf0000 - 0x00007ffe66c1b000 	C:\Windows\SYSTEM32\Wldp.dll
0x00007ffe685f0000 - 0x00007ffe686bd000 	C:\Windows\System32\OLEAUT32.dll
0x00007ffe67f80000 - 0x00007ffe6802d000 	C:\Windows\System32\SHCORE.dll
0x00007ffe68f00000 - 0x00007ffe68f5b000 	C:\Windows\System32\shlwapi.dll
0x00007ffe671d0000 - 0x00007ffe671f4000 	C:\Windows\SYSTEM32\profapi.dll
0x00007ffe31af0000 - 0x00007ffe31bc7000 	C:\Program Files\Eclipse Adoptium\jdk-21.0.5.11-hotspot\bin\jsvml.dll
0x00007ffe4afb0000 - 0x00007ffe4afc0000 	C:\Program Files\Eclipse Adoptium\jdk-21.0.5.11-hotspot\bin\net.dll
0x00007ffe60810000 - 0x00007ffe6091a000 	C:\Windows\SYSTEM32\WINHTTP.dll
0x00007ffe66950000 - 0x00007ffe669ba000 	C:\Windows\system32\mswsock.dll
0x00007ffe4a520000 - 0x00007ffe4a536000 	C:\Program Files\Eclipse Adoptium\jdk-21.0.5.11-hotspot\bin\nio.dll
0x00007ffe4afc0000 - 0x00007ffe4afd8000 	C:\Program Files\Eclipse Adoptium\jdk-21.0.5.11-hotspot\bin\zip.dll
0x00007ffe66b40000 - 0x00007ffe66b58000 	C:\Windows\SYSTEM32\CRYPTSP.dll
0x00007ffe66270000 - 0x00007ffe662a8000 	C:\Windows\system32\rsaenh.dll
0x00007ffe67190000 - 0x00007ffe671be000 	C:\Windows\SYSTEM32\USERENV.dll
0x00007ffe66b60000 - 0x00007ffe66b6c000 	C:\Windows\SYSTEM32\CRYPTBASE.dll
0x00007ffe66630000 - 0x00007ffe6666b000 	C:\Windows\SYSTEM32\IPHLPAPI.DLL
0x00007ffe688f0000 - 0x00007ffe688f8000 	C:\Windows\System32\NSI.dll
0x00007ffe4abb0000 - 0x00007ffe4abc0000 	C:\Program Files\Eclipse Adoptium\jdk-21.0.5.11-hotspot\bin\verify.dll
0x00007ffe4ab90000 - 0x00007ffe4ab9a000 	C:\Program Files\Eclipse Adoptium\jdk-21.0.5.11-hotspot\bin\management.dll
0x00007ffe4a550000 - 0x00007ffe4a55b000 	C:\Program Files\Eclipse Adoptium\jdk-21.0.5.11-hotspot\bin\management_ext.dll
0x00007ffe69b60000 - 0x00007ffe69b68000 	C:\Windows\System32\PSAPI.DLL
0x00007ffe66670000 - 0x00007ffe6673a000 	C:\Windows\SYSTEM32\DNSAPI.dll
0x00007ffe5f320000 - 0x00007ffe5f32a000 	C:\Windows\System32\rasadhlp.dll
0x00007ffe5e970000 - 0x00007ffe5e9f0000 	C:\Windows\System32\fwpuclnt.dll
0x00007ffe4a510000 - 0x00007ffe4a519000 	C:\Program Files\Eclipse Adoptium\jdk-21.0.5.11-hotspot\bin\extnet.dll
0x00007ffe37740000 - 0x00007ffe3774e000 	C:\Program Files\Eclipse Adoptium\jdk-21.0.5.11-hotspot\bin\sunmscapi.dll
0x00007ffe673c0000 - 0x00007ffe6751d000 	C:\Windows\System32\CRYPT32.dll
0x00007ffe66c60000 - 0x00007ffe66c87000 	C:\Windows\SYSTEM32\ncrypt.dll
0x00007ffe66c20000 - 0x00007ffe66c5b000 	C:\Windows\SYSTEM32\NTASN1.dll
0x00007ffe2e090000 - 0x00007ffe2e097000 	C:\Windows\system32\wshunix.dll

dbghelp: loaded successfully - version: 4.0.5 - missing functions: none
symbol engine: initialized successfully - sym options: 0x614 - pdb path: .;C:\Program Files\Eclipse Adoptium\jdk-21.0.5.11-hotspot\bin;C:\Windows\SYSTEM32;C:\Windows\WinSxS\amd64_microsoft.windows.common-controls_6595b64144ccf1df_6.0.19041.6456_none_60b8a6cb71f64256;C:\Program Files\Eclipse Adoptium\jdk-21.0.5.11-hotspot\bin\server

VM Arguments:
jvm_args: -DMX_LOG_LEVEL=INFO -Djava.library.path=C:/Users/Admin/Mendix/LearnNow Training management-main/deployment/model/lib/userlib -Dfile.encoding=UTF-8 -Djava.io.tmpdir=C:/Users/Admin/Mendix/LearnNow Training management-main/deployment/data/tmp -Dmendix.live-preview=enabled 
java_command: C:\Program Files\Mendix\10.24.9.81004\runtime\launcher\runtimelauncher.jar C:\Users\Admin\Mendix\LearnNow Training management-main\deployment
java_class_path (initial): C:\Program Files\Mendix\10.24.9.81004\runtime\launcher\runtimelauncher.jar
Launcher Type: SUN_STANDARD

[Global flags]
     intx CICompilerCount                          = 4                                         {product} {ergonomic}
     uint ConcGCThreads                            = 2                                         {product} {ergonomic}
     uint G1ConcRefinementThreads                  = 8                                         {product} {ergonomic}
   size_t G1HeapRegionSize                         = 1048576                                   {product} {ergonomic}
    uintx GCDrainStackTargetSize                   = 64                                        {product} {ergonomic}
   size_t InitialHeapSize                          = 67108864                                  {product} {ergonomic}
   size_t MarkStackSize                            = 4194304                                   {product} {ergonomic}
   size_t MaxHeapSize                              = 1073741824                                {product} {ergonomic}
   size_t MaxNewSize                               = 643825664                                 {product} {ergonomic}
   size_t MinHeapDeltaBytes                        = 1048576                                   {product} {ergonomic}
   size_t MinHeapSize                              = 8388608                                   {product} {ergonomic}
    uintx NonNMethodCodeHeapSize                   = 5839372                                {pd product} {ergonomic}
    uintx NonProfiledCodeHeapSize                  = 122909434                              {pd product} {ergonomic}
    uintx ProfiledCodeHeapSize                     = 122909434                              {pd product} {ergonomic}
    uintx ReservedCodeCacheSize                    = 251658240                              {pd product} {ergonomic}
     bool SegmentedCodeCache                       = true                                      {product} {ergonomic}
   size_t SoftMaxHeapSize                          = 1073741824                             {manageable} {ergonomic}
     bool UseCompressedOops                        = true                           {product lp64_product} {ergonomic}
     bool UseG1GC                                  = true                                      {product} {ergonomic}
     bool UseLargePagesIndividualAllocation        = false                                  {pd product} {ergonomic}

Logging:
Log output configuration:
 #0: stdout all=warning uptime,level,tags foldmultilines=false
 #1: stderr all=off uptime,level,tags foldmultilines=false

Environment Variables:
PATH=C:\Windows\system32;C:\Windows;C:\Windows\System32\Wbem;C:\Windows\System32\WindowsPowerShell\v1.0\;C:\Windows\System32\OpenSSH\;C:\Program Files\dotnet\;C:\Program Files\Git\cmd;C:\Users\Admin\AppData\Local\Microsoft\WindowsApps;
USERNAME=Admin
OS=Windows_NT
PROCESSOR_IDENTIFIER=Intel64 Family 6 Model 186 Stepping 3, GenuineIntel
TMP=C:\Users\Admin\AppData\Local\Temp
TEMP=C:\Users\Admin\AppData\Local\Temp




Periodic native trim disabled

---------------  S Y S T E M  ---------------

OS:
 Windows 10 , 64 bit Build 19041 (10.0.19041.5915)
OS uptime: 0 days 2:50 hours

CPU: total 8 (initial active 8) (8 cores per cpu, 1 threads per core) family 6 model 186 stepping 3 microcode 0x4128, cx8, cmov, fxsr, mmx, 3dnowpref, sse, sse2, sse3, ssse3, sse4.1, sse4.2, popcnt, lzcnt, tsc, tscinvbit, avx, avx2, aes, clmul, bmi1, bmi2, adx, sha, fma, vzeroupper, clflush, clflushopt, hv, rdtscp, f16c
Processor Information for all 8 processors :
  Max Mhz: 2626, Current Mhz: 2626, Mhz Limit: 2626

Memory: 4k page, system-wide physical 4095M (188M free)
TotalPageFile size 7148M (AvailPageFile size 6M)
current process WorkingSet (physical memory assigned to process): 237M, peak: 252M
current process commit charge ("private bytes"): 297M, peak: 297M

vm_info: OpenJDK 64-Bit Server VM (21.0.5+11-LTS) for windows-amd64 JRE (21.0.5+11-LTS), built on 2024-10-15T00:00:00Z by "admin" with MS VC++ 17.7 (VS2022)

END.
