#
# There is insufficient memory for the Java Runtime Environment to continue.
# Native memory allocation (malloc) failed to allocate 1209616 bytes. Error detail: Chunk::new
# Possible reasons:
#   The system is out of physical RAM or swap space
#   This process is running with CompressedOops enabled, and the Java Heap may be blocking the growth of the native heap
# Possible solutions:
#   Reduce memory load on the system
#   Increase physical memory or swap space
#   Check if swap backing store is full
#   Decrease Java heap size (-Xmx/-Xms)
#   Decrease number of Java threads
#   Decrease Java thread stack sizes (-Xss)
#   Set larger code cache with -XX:ReservedCodeCacheSize=
#   JVM is running with Unscaled Compressed Oops mode in which the Java heap is
#     placed in the first 4GB address space. The Java Heap base address is the
#     maximum limit for the native heap growth. Please use -XX:HeapBaseMinAddress
#     to set the Java Heap base and to place the Java Heap above 4GB virtual address.
# This output file may be truncated or incomplete.
#
#  Out of Memory Error (arena.cpp:168), pid=4184, tid=7124
#
# JRE version: OpenJDK Runtime Environment Temurin-21.0.5+11 (21.0.5+11) (build 21.0.5+11-LTS)
# Java VM: OpenJDK 64-Bit Server VM Temurin-21.0.5+11 (21.0.5+11-LTS, mixed mode, sharing, tiered, compressed oops, compressed class ptrs, g1 gc, windows-amd64)
# No core dump will be written. Minidumps are not enabled by default on client versions of Windows
#

---------------  S U M M A R Y ------------

Command Line: -DMX_LOG_LEVEL=INFO -Djava.library.path=C:/Users/Admin/Mendix/LearnNow Training management-main/deployment/model/lib/userlib -Dfile.encoding=UTF-8 -Djava.io.tmpdir=C:/Users/Admin/Mendix/LearnNow Training management-main/deployment/data/tmp -Dmendix.live-preview=enabled C:\Program Files\Mendix\10.24.9.81004\runtime\launcher\runtimelauncher.jar C:\Users\Admin\Mendix\LearnNow Training management-main\deployment

Host: 13th Gen Intel(R) Core(TM) i7-1355U, 8 cores, 3G,  Windows 10 , 64 bit Build 19041 (10.0.19041.5915)
Time: Mon Dec  1 16:08:34 2025 Central Standard Time (Mexico) elapsed time: 9.489990 seconds (0d 0h 0m 9s)

---------------  T H R E A D  ---------------

Current thread (0x000001a39776bd90):  JavaThread "C2 CompilerThread0" daemon [_thread_in_native, id=7124, stack(0x000000622fa00000,0x000000622fb00000) (1024K)]


Current CompileTask:
C2:9490 3957   !   4       java.net.URLClassLoader$1::run (81 bytes)

Stack: [0x000000622fa00000,0x000000622fb00000]
Native frames: (J=compiled Java code, j=interpreted, Vv=VM code, C=native code)
V  [jvm.dll+0x6cd4e9]
V  [jvm.dll+0x8a7941]
V  [jvm.dll+0x8a9e6e]
V  [jvm.dll+0x8aa543]
V  [jvm.dll+0x27f6d6]
V  [jvm.dll+0xc500d]
V  [jvm.dll+0xc5543]
V  [jvm.dll+0x3b65d2]
V  [jvm.dll+0x1dffe9]
V  [jvm.dll+0x247b22]
V  [jvm.dll+0x246faf]
V  [jvm.dll+0x1c75ce]
V  [jvm.dll+0x25682a]
V  [jvm.dll+0x254dca]
V  [jvm.dll+0x3f00d6]
V  [jvm.dll+0x8514fb]
V  [jvm.dll+0x6cbbed]
C  [ucrtbase.dll+0x21bb2]
C  [KERNEL32.DLL+0x17374]
C  [ntdll.dll+0x4cc91]


---------------  P R O C E S S  ---------------

Threads class SMR info:
_java_thread_list=0x000001a3e0edafb0, length=32, elements={
0x000001a3f7d4a930, 0x000001a397755640, 0x000001a397756550, 0x000001a39775b430,
0x000001a39775be80, 0x000001a39775ff10, 0x000001a39776a3f0, 0x000001a39776bd90,
0x000001a397770c40, 0x000001a397a36600, 0x000001a397a38d60, 0x000001a3df6ce0a0,
0x000001a3df6cb2b0, 0x000001a3df6ca590, 0x000001a3df6cb940, 0x000001a3df6ce730,
0x000001a3df6cbfd0, 0x000001a3df6c84c0, 0x000001a3df6cd380, 0x000001a3df6cedc0,
0x000001a3df6cac20, 0x000001a3df6c7e30, 0x000001a3df6cf450, 0x000001a3df6cda10,
0x000001a3df6c8b50, 0x000001a3df6c91e0, 0x000001a3df6c9870, 0x000001a3df6c9f00,
0x000001a3e12c7f90, 0x000001a3e12cdb70, 0x000001a3e12cb410, 0x000001a3e12cce50
}

Java Threads: ( => current thread )
  0x000001a3f7d4a930 JavaThread "main"                              [_thread_blocked, id=3640, stack(0x000000622ec00000,0x000000622ed00000) (1024K)]
  0x000001a397755640 JavaThread "Reference Handler"          daemon [_thread_blocked, id=9928, stack(0x000000622f400000,0x000000622f500000) (1024K)]
  0x000001a397756550 JavaThread "Finalizer"                  daemon [_thread_blocked, id=6480, stack(0x000000622f500000,0x000000622f600000) (1024K)]
  0x000001a39775b430 JavaThread "Signal Dispatcher"          daemon [_thread_blocked, id=10636, stack(0x000000622f600000,0x000000622f700000) (1024K)]
  0x000001a39775be80 JavaThread "Attach Listener"            daemon [_thread_blocked, id=1084, stack(0x000000622f700000,0x000000622f800000) (1024K)]
  0x000001a39775ff10 JavaThread "Service Thread"             daemon [_thread_blocked, id=6292, stack(0x000000622f800000,0x000000622f900000) (1024K)]
  0x000001a39776a3f0 JavaThread "Monitor Deflation Thread"   daemon [_thread_blocked, id=6220, stack(0x000000622f900000,0x000000622fa00000) (1024K)]
=>0x000001a39776bd90 JavaThread "C2 CompilerThread0"         daemon [_thread_in_native, id=7124, stack(0x000000622fa00000,0x000000622fb00000) (1024K)]
  0x000001a397770c40 JavaThread "C1 CompilerThread0"         daemon [_thread_blocked, id=3904, stack(0x000000622fb00000,0x000000622fc00000) (1024K)]
  0x000001a397a36600 JavaThread "Notification Thread"        daemon [_thread_blocked, id=1856, stack(0x000000622fc00000,0x000000622fd00000) (1024K)]
  0x000001a397a38d60 JavaThread "Common-Cleaner"             daemon [_thread_blocked, id=4404, stack(0x000000622fd00000,0x000000622fe00000) (1024K)]
  0x000001a3df6ce0a0 JavaThread "scala-execution-context-global-31" daemon [_thread_blocked, id=10776, stack(0x0000006230700000,0x0000006230800000) (1024K)]
  0x000001a3df6cb2b0 JavaThread "scala-execution-context-global-32" daemon [_thread_blocked, id=4300, stack(0x0000006230800000,0x0000006230900000) (1024K)]
  0x000001a3df6ca590 JavaThread "scala-execution-context-global-33" daemon [_thread_blocked, id=2528, stack(0x0000006230900000,0x0000006230a00000) (1024K)]
  0x000001a3df6cb940 JavaThread "scala-execution-context-global-34" daemon [_thread_blocked, id=3156, stack(0x0000006230a00000,0x0000006230b00000) (1024K)]
  0x000001a3df6ce730 JavaThread "scala-execution-context-global-35" daemon [_thread_blocked, id=2796, stack(0x0000006230b00000,0x0000006230c00000) (1024K)]
  0x000001a3df6cbfd0 JavaThread "scala-execution-context-global-36" daemon [_thread_blocked, id=7012, stack(0x0000006230c00000,0x0000006230d00000) (1024K)]
  0x000001a3df6c84c0 JavaThread "qtp864210792-38"                   [_thread_in_native, id=2316, stack(0x0000006230100000,0x0000006230200000) (1024K)]
  0x000001a3df6cd380 JavaThread "qtp864210792-39"                   [_thread_in_native, id=992, stack(0x0000006230d00000,0x0000006230e00000) (1024K)]
  0x000001a3df6cedc0 JavaThread "qtp864210792-40"                   [_thread_in_native, id=5048, stack(0x0000006230e00000,0x0000006230f00000) (1024K)]
  0x000001a3df6cac20 JavaThread "qtp864210792-41"                   [_thread_blocked, id=8840, stack(0x0000006230f00000,0x0000006231000000) (1024K)]
  0x000001a3df6c7e30 JavaThread "qtp864210792-42-acceptor-0@143170bc-ServerConnector@1af69c4a{HTTP/1.1, (http/1.1)}{127.0.0.1:8090}"        [_thread_in_native, id=7572, stack(0x0000006231000000,0x0000006231100000) (1024K)]
  0x000001a3df6cf450 JavaThread "qtp864210792-43"                   [_thread_in_native, id=10820, stack(0x0000006231100000,0x0000006231200000) (1024K)]
  0x000001a3df6cda10 JavaThread "qtp864210792-44"                   [_thread_in_native, id=11044, stack(0x0000006231200000,0x0000006231300000) (1024K)]
  0x000001a3df6c8b50 JavaThread "qtp864210792-45"                   [_thread_in_native, id=3956, stack(0x0000006231300000,0x0000006231400000) (1024K)]
  0x000001a3df6c91e0 JavaThread "qtp864210792-46"                   [_thread_in_native, id=10572, stack(0x0000006231400000,0x0000006231500000) (1024K)]
  0x000001a3df6c9870 JavaThread "qtp864210792-47-acceptor-0@34bb9c6d-ServerConnector@3a7c648a{HTTP/1.1, (http/1.1)}{::1:8090}"        [_thread_in_native, id=9676, stack(0x0000006231500000,0x0000006231600000) (1024K)]
  0x000001a3df6c9f00 JavaThread "qtp864210792-48"                   [_thread_in_Java, id=1032, stack(0x0000006231600000,0x0000006231700000) (1024K)]
  0x000001a3e12c7f90 JavaThread "Scheduler-1198952052-1"            [_thread_blocked, id=7036, stack(0x0000006231700000,0x0000006231800000) (1024K)]
  0x000001a3e12cdb70 JavaThread "qtp864210792-50"                   [_thread_in_native, id=10304, stack(0x0000006231800000,0x0000006231900000) (1024K)]
  0x000001a3e12cb410 JavaThread "Thread-14"                         [_thread_blocked, id=11256, stack(0x0000006231900000,0x0000006231a00000) (1024K)]
  0x000001a3e12cce50 JavaThread "Thread-0"                          [_thread_blocked, id=4016, stack(0x0000006231a00000,0x0000006231b00000) (1024K)]
Total: 32

Other Threads:
  0x000001a3f9f390c0 VMThread "VM Thread"                           [id=7376, stack(0x000000622f300000,0x000000622f400000) (1024K)]
  0x000001a39773ab40 WatcherThread "VM Periodic Task Thread"        [id=10660, stack(0x000000622f200000,0x000000622f300000) (1024K)]
  0x000001a3f9ea53a0 WorkerThread "GC Thread#0"                     [id=5668, stack(0x000000622ed00000,0x000000622ee00000) (1024K)]
  0x000001a3dd1b8650 WorkerThread "GC Thread#1"                     [id=512, stack(0x000000622fe00000,0x000000622ff00000) (1024K)]
  0x000001a3dd1ba6f0 WorkerThread "GC Thread#2"                     [id=10208, stack(0x000000622ff00000,0x0000006230000000) (1024K)]
  0x000001a3dd1b6cf0 WorkerThread "GC Thread#3"                     [id=9072, stack(0x0000006230000000,0x0000006230100000) (1024K)]
  0x000001a3dd568d40 WorkerThread "GC Thread#4"                     [id=3536, stack(0x0000006230300000,0x0000006230400000) (1024K)]
  0x000001a3dd5690e0 WorkerThread "GC Thread#5"                     [id=11076, stack(0x0000006230400000,0x0000006230500000) (1024K)]
  0x000001a3dd56aa40 WorkerThread "GC Thread#6"                     [id=10732, stack(0x0000006230500000,0x0000006230600000) (1024K)]
  0x000001a3df0f7e70 WorkerThread "GC Thread#7"                     [id=9588, stack(0x0000006230200000,0x0000006230300000) (1024K)]
  0x000001a3f9eaecd0 ConcurrentGCThread "G1 Main Marker"            [id=10140, stack(0x000000622ee00000,0x000000622ef00000) (1024K)]
  0x000001a3f9eaf7d0 WorkerThread "G1 Conc#0"                       [id=624, stack(0x000000622ef00000,0x000000622f000000) (1024K)]
  0x000001a3df0f4f50 WorkerThread "G1 Conc#1"                       [id=2428, stack(0x0000006230600000,0x0000006230700000) (1024K)]
  0x000001a3f9f185c0 ConcurrentGCThread "G1 Refine#0"               [id=1496, stack(0x000000622f000000,0x000000622f100000) (1024K)]
  0x000001a3f9f19130 ConcurrentGCThread "G1 Service"                [id=8576, stack(0x000000622f100000,0x000000622f200000) (1024K)]
Total: 15

Threads with active compile tasks:
C2 CompilerThread0  9575 3957   !   4       java.net.URLClassLoader$1::run (81 bytes)
Total: 1

VM state: not at safepoint (normal execution)

VM Mutex/Monitor currently owned by a thread: None

Heap address: 0x00000000c0000000, size: 1024 MB, Compressed Oops mode: 32-bit

CDS archive(s) mapped at: [0x000001a398000000-0x000001a398c80000-0x000001a398c80000), size 13107200, SharedBaseAddress: 0x000001a398000000, ArchiveRelocationMode: 1.
Compressed class space mapped at: 0x000001a399000000-0x000001a3d9000000, reserved size: 1073741824
Narrow klass base: 0x000001a398000000, Narrow klass shift: 0, Narrow klass range: 0x100000000

GC Precious Log:
 CardTable entry size: 512
 Card Set container configuration: InlinePtr #cards 5 size 8 Array Of Cards #cards 12 size 40 Howl #buckets 4 coarsen threshold 1843 Howl Bitmap #cards 512 size 80 coarsen threshold 460 Card regions per heap region 1 cards per card region 2048
 CPUs: 8 total, 8 available
 Memory: 4095M
 Large Page Support: Disabled
 NUMA Support: Disabled
 Compressed Oops: Enabled (32-bit)
 Heap Region Size: 1M
 Heap Min Capacity: 8M
 Heap Initial Capacity: 64M
 Heap Max Capacity: 1G
 Pre-touch: Disabled
 Parallel Workers: 8
 Concurrent Workers: 2
 Concurrent Refinement Workers: 8
 Periodic GC: Disabled

Heap:
 garbage-first heap   total 70656K, used 30939K [0x00000000c0000000, 0x0000000100000000)
  region size 1024K, 6 young (6144K), 3 survivors (3072K)
 Metaspace       used 53616K, committed 54208K, reserved 1114112K
  class space    used 5925K, committed 6208K, reserved 1048576K

Heap Regions: E=young(eden), S=young(survivor), O=old, HS=humongous(starts), HC=humongous(continues), CS=collection set, F=free, TAMS=top-at-mark-start, PB=parsable bottom
|   0|0x00000000c0000000, 0x00000000c0100000, 0x00000000c0100000|100%| O|  |TAMS 0x00000000c0000000| PB 0x00000000c0000000| Untracked 
|   1|0x00000000c0100000, 0x00000000c0200000, 0x00000000c0200000|100%|HS|  |TAMS 0x00000000c0100000| PB 0x00000000c0100000| Complete 
|   2|0x00000000c0200000, 0x00000000c0300000, 0x00000000c0300000|100%| O|  |TAMS 0x00000000c0200000| PB 0x00000000c0200000| Untracked 
|   3|0x00000000c0300000, 0x00000000c0400000, 0x00000000c0400000|100%| O|  |TAMS 0x00000000c0300000| PB 0x00000000c0300000| Untracked 
|   4|0x00000000c0400000, 0x00000000c0500000, 0x00000000c0500000|100%| O|  |TAMS 0x00000000c0400000| PB 0x00000000c0400000| Untracked 
|   5|0x00000000c0500000, 0x00000000c0600000, 0x00000000c0600000|100%| O|  |TAMS 0x00000000c0500000| PB 0x00000000c0500000| Untracked 
|   6|0x00000000c0600000, 0x00000000c0700000, 0x00000000c0700000|100%| O|  |TAMS 0x00000000c0600000| PB 0x00000000c0600000| Untracked 
|   7|0x00000000c0700000, 0x00000000c0800000, 0x00000000c0800000|100%| O|  |TAMS 0x00000000c0700000| PB 0x00000000c0700000| Untracked 
|   8|0x00000000c0800000, 0x00000000c0900000, 0x00000000c0900000|100%| O|  |TAMS 0x00000000c0800000| PB 0x00000000c0800000| Untracked 
|   9|0x00000000c0900000, 0x00000000c0a00000, 0x00000000c0a00000|100%|HS|  |TAMS 0x00000000c0900000| PB 0x00000000c0900000| Complete 
|  10|0x00000000c0a00000, 0x00000000c0b00000, 0x00000000c0b00000|100%| O|  |TAMS 0x00000000c0a00000| PB 0x00000000c0a00000| Untracked 
|  11|0x00000000c0b00000, 0x00000000c0c00000, 0x00000000c0c00000|100%| O|  |TAMS 0x00000000c0b00000| PB 0x00000000c0b00000| Untracked 
|  12|0x00000000c0c00000, 0x00000000c0d00000, 0x00000000c0d00000|100%| O|  |TAMS 0x00000000c0c00000| PB 0x00000000c0c00000| Untracked 
|  13|0x00000000c0d00000, 0x00000000c0e00000, 0x00000000c0e00000|100%| O|  |TAMS 0x00000000c0d00000| PB 0x00000000c0d00000| Untracked 
|  14|0x00000000c0e00000, 0x00000000c0f00000, 0x00000000c0f00000|100%| O|  |TAMS 0x00000000c0e00000| PB 0x00000000c0e00000| Untracked 
|  15|0x00000000c0f00000, 0x00000000c1000000, 0x00000000c1000000|100%| O|  |TAMS 0x00000000c0f00000| PB 0x00000000c0f00000| Untracked 
|  16|0x00000000c1000000, 0x00000000c1100000, 0x00000000c1100000|100%| O|  |TAMS 0x00000000c1000000| PB 0x00000000c1000000| Untracked 
|  17|0x00000000c1100000, 0x00000000c1200000, 0x00000000c1200000|100%| O|  |TAMS 0x00000000c1100000| PB 0x00000000c1100000| Untracked 
|  18|0x00000000c1200000, 0x00000000c1300000, 0x00000000c1300000|100%| O|  |TAMS 0x00000000c1200000| PB 0x00000000c1200000| Untracked 
|  19|0x00000000c1300000, 0x00000000c1400000, 0x00000000c1400000|100%| O|  |TAMS 0x00000000c1300000| PB 0x00000000c1300000| Untracked 
|  20|0x00000000c1400000, 0x00000000c14aa130, 0x00000000c1500000| 66%| O|  |TAMS 0x00000000c1400000| PB 0x00000000c1400000| Untracked 
|  21|0x00000000c1500000, 0x00000000c1500000, 0x00000000c1600000|  0%| F|  |TAMS 0x00000000c1500000| PB 0x00000000c1500000| Untracked 
|  22|0x00000000c1600000, 0x00000000c1600000, 0x00000000c1700000|  0%| F|  |TAMS 0x00000000c1600000| PB 0x00000000c1600000| Untracked 
|  23|0x00000000c1700000, 0x00000000c178cad0, 0x00000000c1800000| 54%| S|CS|TAMS 0x00000000c1700000| PB 0x00000000c1700000| Complete 
|  24|0x00000000c1800000, 0x00000000c1900000, 0x00000000c1900000|100%| S|CS|TAMS 0x00000000c1800000| PB 0x00000000c1800000| Complete 
|  25|0x00000000c1900000, 0x00000000c1900000, 0x00000000c1a00000|  0%| F|  |TAMS 0x00000000c1900000| PB 0x00000000c1900000| Untracked 
|  26|0x00000000c1a00000, 0x00000000c1a00000, 0x00000000c1b00000|  0%| F|  |TAMS 0x00000000c1a00000| PB 0x00000000c1a00000| Untracked 
|  27|0x00000000c1b00000, 0x00000000c1b00000, 0x00000000c1c00000|  0%| F|  |TAMS 0x00000000c1b00000| PB 0x00000000c1b00000| Untracked 
|  28|0x00000000c1c00000, 0x00000000c1d00000, 0x00000000c1d00000|100%| S|CS|TAMS 0x00000000c1c00000| PB 0x00000000c1c00000| Complete 
|  29|0x00000000c1d00000, 0x00000000c1d00000, 0x00000000c1e00000|  0%| F|  |TAMS 0x00000000c1d00000| PB 0x00000000c1d00000| Untracked 
|  30|0x00000000c1e00000, 0x00000000c1e00000, 0x00000000c1f00000|  0%| F|  |TAMS 0x00000000c1e00000| PB 0x00000000c1e00000| Untracked 
|  31|0x00000000c1f00000, 0x00000000c1f00000, 0x00000000c2000000|  0%| F|  |TAMS 0x00000000c1f00000| PB 0x00000000c1f00000| Untracked 
|  32|0x00000000c2000000, 0x00000000c2000000, 0x00000000c2100000|  0%| F|  |TAMS 0x00000000c2000000| PB 0x00000000c2000000| Untracked 
|  33|0x00000000c2100000, 0x00000000c2100000, 0x00000000c2200000|  0%| F|  |TAMS 0x00000000c2100000| PB 0x00000000c2100000| Untracked 
|  34|0x00000000c2200000, 0x00000000c2200000, 0x00000000c2300000|  0%| F|  |TAMS 0x00000000c2200000| PB 0x00000000c2200000| Untracked 
|  35|0x00000000c2300000, 0x00000000c2300000, 0x00000000c2400000|  0%| F|  |TAMS 0x00000000c2300000| PB 0x00000000c2300000| Untracked 
|  36|0x00000000c2400000, 0x00000000c2400000, 0x00000000c2500000|  0%| F|  |TAMS 0x00000000c2400000| PB 0x00000000c2400000| Untracked 
|  37|0x00000000c2500000, 0x00000000c2500000, 0x00000000c2600000|  0%| F|  |TAMS 0x00000000c2500000| PB 0x00000000c2500000| Untracked 
|  38|0x00000000c2600000, 0x00000000c2600000, 0x00000000c2700000|  0%| F|  |TAMS 0x00000000c2600000| PB 0x00000000c2600000| Untracked 
|  39|0x00000000c2700000, 0x00000000c2700000, 0x00000000c2800000|  0%| F|  |TAMS 0x00000000c2700000| PB 0x00000000c2700000| Untracked 
|  40|0x00000000c2800000, 0x00000000c2800000, 0x00000000c2900000|  0%| F|  |TAMS 0x00000000c2800000| PB 0x00000000c2800000| Untracked 
|  41|0x00000000c2900000, 0x00000000c2900000, 0x00000000c2a00000|  0%| F|  |TAMS 0x00000000c2900000| PB 0x00000000c2900000| Untracked 
|  42|0x00000000c2a00000, 0x00000000c2a00000, 0x00000000c2b00000|  0%| F|  |TAMS 0x00000000c2a00000| PB 0x00000000c2a00000| Untracked 
|  43|0x00000000c2b00000, 0x00000000c2b00000, 0x00000000c2c00000|  0%| F|  |TAMS 0x00000000c2b00000| PB 0x00000000c2b00000| Untracked 
|  44|0x00000000c2c00000, 0x00000000c2c00000, 0x00000000c2d00000|  0%| F|  |TAMS 0x00000000c2c00000| PB 0x00000000c2c00000| Untracked 
|  45|0x00000000c2d00000, 0x00000000c2d00000, 0x00000000c2e00000|  0%| F|  |TAMS 0x00000000c2d00000| PB 0x00000000c2d00000| Untracked 
|  46|0x00000000c2e00000, 0x00000000c2e00000, 0x00000000c2f00000|  0%| F|  |TAMS 0x00000000c2e00000| PB 0x00000000c2e00000| Untracked 
|  47|0x00000000c2f00000, 0x00000000c2f00000, 0x00000000c3000000|  0%| F|  |TAMS 0x00000000c2f00000| PB 0x00000000c2f00000| Untracked 
|  48|0x00000000c3000000, 0x00000000c3000000, 0x00000000c3100000|  0%| F|  |TAMS 0x00000000c3000000| PB 0x00000000c3000000| Untracked 
|  49|0x00000000c3100000, 0x00000000c3100000, 0x00000000c3200000|  0%| F|  |TAMS 0x00000000c3100000| PB 0x00000000c3100000| Untracked 
|  50|0x00000000c3200000, 0x00000000c3200000, 0x00000000c3300000|  0%| F|  |TAMS 0x00000000c3200000| PB 0x00000000c3200000| Untracked 
|  51|0x00000000c3300000, 0x00000000c3300000, 0x00000000c3400000|  0%| F|  |TAMS 0x00000000c3300000| PB 0x00000000c3300000| Untracked 
|  52|0x00000000c3400000, 0x00000000c3400000, 0x00000000c3500000|  0%| F|  |TAMS 0x00000000c3400000| PB 0x00000000c3400000| Untracked 
|  53|0x00000000c3500000, 0x00000000c3500000, 0x00000000c3600000|  0%| F|  |TAMS 0x00000000c3500000| PB 0x00000000c3500000| Untracked 
|  54|0x00000000c3600000, 0x00000000c3600000, 0x00000000c3700000|  0%| F|  |TAMS 0x00000000c3600000| PB 0x00000000c3600000| Untracked 
|  55|0x00000000c3700000, 0x00000000c3700000, 0x00000000c3800000|  0%| F|  |TAMS 0x00000000c3700000| PB 0x00000000c3700000| Untracked 
|  56|0x00000000c3800000, 0x00000000c3800000, 0x00000000c3900000|  0%| F|  |TAMS 0x00000000c3800000| PB 0x00000000c3800000| Untracked 
|  57|0x00000000c3900000, 0x00000000c3900000, 0x00000000c3a00000|  0%| F|  |TAMS 0x00000000c3900000| PB 0x00000000c3900000| Untracked 
|  58|0x00000000c3a00000, 0x00000000c3a00000, 0x00000000c3b00000|  0%| F|  |TAMS 0x00000000c3a00000| PB 0x00000000c3a00000| Untracked 
|  59|0x00000000c3b00000, 0x00000000c3b00000, 0x00000000c3c00000|  0%| F|  |TAMS 0x00000000c3b00000| PB 0x00000000c3b00000| Untracked 
|  60|0x00000000c3c00000, 0x00000000c3c00000, 0x00000000c3d00000|  0%| F|  |TAMS 0x00000000c3c00000| PB 0x00000000c3c00000| Untracked 
|  61|0x00000000c3d00000, 0x00000000c3d7d4b8, 0x00000000c3e00000| 48%| E|  |TAMS 0x00000000c3d00000| PB 0x00000000c3d00000| Complete 
|  62|0x00000000c3e00000, 0x00000000c3f00000, 0x00000000c3f00000|100%| E|CS|TAMS 0x00000000c3e00000| PB 0x00000000c3e00000| Complete 
|  63|0x00000000c3f00000, 0x00000000c4000000, 0x00000000c4000000|100%| E|CS|TAMS 0x00000000c3f00000| PB 0x00000000c3f00000| Complete 
|1019|0x00000000ffb00000, 0x00000000ffc00000, 0x00000000ffc00000|100%| O|  |TAMS 0x00000000ffb00000| PB 0x00000000ffb00000| Untracked 
|1020|0x00000000ffc00000, 0x00000000ffd00000, 0x00000000ffd00000|100%| O|  |TAMS 0x00000000ffc00000| PB 0x00000000ffc00000| Untracked 
|1021|0x00000000ffd00000, 0x00000000ffe00000, 0x00000000ffe00000|100%| O|  |TAMS 0x00000000ffd00000| PB 0x00000000ffd00000| Untracked 
|1022|0x00000000ffe00000, 0x00000000fff00000, 0x00000000fff00000|100%| O|  |TAMS 0x00000000ffe00000| PB 0x00000000ffe00000| Untracked 
|1023|0x00000000fff00000, 0x0000000100000000, 0x0000000100000000|100%| O|  |TAMS 0x00000000fff00000| PB 0x00000000fff00000| Untracked 

Card table byte_map: [0x000001a3fa470000,0x000001a3fa670000] _byte_map_base: 0x000001a3f9e70000

Marking Bits: (CMBitMap*) 0x000001a3f9ea5aa0
 Bits: [0x000001a3fa670000, 0x000001a3fb670000)

Polling page: 0x000001a3f7e80000

Metaspace:

Usage:
  Non-class:     46.60 MB used.
      Class:      5.79 MB used.
       Both:     52.39 MB used.

Virtual space:
  Non-class space:       64.00 MB reserved,      46.88 MB ( 73%) committed,  1 nodes.
      Class space:        1.00 GB reserved,       6.06 MB ( <1%) committed,  1 nodes.
             Both:        1.06 GB reserved,      52.94 MB (  5%) committed. 

Chunk freelists:
   Non-Class:  848.00 KB
       Class:  9.91 MB
        Both:  10.73 MB

MaxMetaspaceSize: unlimited
CompressedClassSpaceSize: 1.00 GB
Initial GC threshold: 21.00 MB
Current GC threshold: 58.69 MB
CDS: on
 - commit_granule_bytes: 65536.
 - commit_granule_words: 8192.
 - virtual_space_node_default_size: 8388608.
 - enlarge_chunks_in_place: 1.
 - use_allocation_guard: 0.


Internal statistics:

num_allocs_failed_limit: 6.
num_arena_births: 706.
num_arena_deaths: 0.
num_vsnodes_births: 2.
num_vsnodes_deaths: 0.
num_space_committed: 847.
num_space_uncommitted: 0.
num_chunks_returned_to_freelist: 6.
num_chunks_taken_from_freelist: 2564.
num_chunk_merges: 3.
num_chunk_splits: 1868.
num_chunks_enlarged: 1409.
num_inconsistent_stats: 0.

CodeHeap 'non-profiled nmethods': size=120000Kb used=1960Kb max_used=1960Kb free=118039Kb
 bounds [0x000001a3900f0000, 0x000001a390360000, 0x000001a397620000]
CodeHeap 'profiled nmethods': size=120000Kb used=7283Kb max_used=7283Kb free=112716Kb
 bounds [0x000001a388620000, 0x000001a388d40000, 0x000001a38fb50000]
CodeHeap 'non-nmethods': size=5760Kb used=1709Kb max_used=1736Kb free=4050Kb
 bounds [0x000001a38fb50000, 0x000001a38fdc0000, 0x000001a3900f0000]
 total_blobs=4572 nmethods=3835 adapters=639
 compilation: enabled
              stopped_count=0, restarted_count=0
 full_count=0

Compilation events (20 events):
Event: 9.427 Thread 0x000001a397770c40 4080       1       scala.collection.mutable.HashMap$Node::value (5 bytes)
Event: 9.428 Thread 0x000001a397770c40 nmethod 4080 0x000001a3902d9210 code [0x000001a3902d93a0, 0x000001a3902d9468]
Event: 9.432 Thread 0x000001a397770c40 4082       1       com.mendix.configuration.Configuration$Parameter::name (5 bytes)
Event: 9.432 Thread 0x000001a397770c40 nmethod 4082 0x000001a3902d9510 code [0x000001a3902d96a0, 0x000001a3902d9768]
Event: 9.432 Thread 0x000001a397770c40 4083       1       com.mendix.configuration.Configuration$Parameter::configType (5 bytes)
Event: 9.432 Thread 0x000001a397770c40 nmethod 4083 0x000001a3902d9810 code [0x000001a3902d99a0, 0x000001a3902d9a68]
Event: 9.433 Thread 0x000001a397770c40 4084       3       scala.collection.mutable.HashMap::contains (53 bytes)
Event: 9.434 Thread 0x000001a397770c40 nmethod 4084 0x000001a388d3a410 code [0x000001a388d3a620, 0x000001a388d3ac30]
Event: 9.434 Thread 0x000001a397770c40 4085       1       scala.collection.MapOps$KeySet::scala$collection$MapOps$KeySet$$$outer (5 bytes)
Event: 9.434 Thread 0x000001a397770c40 nmethod 4085 0x000001a3902d9b10 code [0x000001a3902d9ca0, 0x000001a3902d9d68]
Event: 9.434 Thread 0x000001a397770c40 4086       1       com.mendix.configuration.Configuration$Parameter::owner (5 bytes)
Event: 9.435 Thread 0x000001a397770c40 nmethod 4086 0x000001a3902d9e10 code [0x000001a3902d9fa0, 0x000001a3902da068]
Event: 9.438 Thread 0x000001a397770c40 4087       3       scala.collection.Iterator$$anon$9::hasNext (10 bytes)
Event: 9.438 Thread 0x000001a397770c40 nmethod 4087 0x000001a388d3ae10 code [0x000001a388d3afc0, 0x000001a388d3b198]
Event: 9.439 Thread 0x000001a397770c40 4088       3       scala.collection.Iterator$$anon$9::next (19 bytes)
Event: 9.439 Thread 0x000001a397770c40 nmethod 4088 0x000001a388d3b290 code [0x000001a388d3b460, 0x000001a388d3b710]
Event: 9.443 Thread 0x000001a397770c40 4089       3       java.lang.invoke.DelegatingMethodHandle$Holder::reinvoke_L (20 bytes)
Event: 9.445 Thread 0x000001a397770c40 nmethod 4089 0x000001a388d3b810 code [0x000001a388d3b9e0, 0x000001a388d3be40]
Event: 9.469 Thread 0x000001a397770c40 4090       3       java.util.concurrent.locks.AbstractQueuedSynchronizer$ConditionObject::signal (34 bytes)
Event: 9.469 Thread 0x000001a397770c40 nmethod 4090 0x000001a388d3bf90 code [0x000001a388d3c160, 0x000001a388d3c4b0]

GC Heap History (18 events):
Event: 0.660 GC heap before
{Heap before GC invocations=0 (full 0):
 garbage-first heap   total 65536K, used 25600K [0x00000000c0000000, 0x0000000100000000)
  region size 1024K, 23 young (23552K), 0 survivors (0K)
 Metaspace       used 8439K, committed 8576K, reserved 1114112K
  class space    used 662K, committed 768K, reserved 1048576K
}
Event: 0.663 GC heap after
{Heap after GC invocations=1 (full 0):
 garbage-first heap   total 65536K, used 2176K [0x00000000c0000000, 0x0000000100000000)
  region size 1024K, 2 young (2048K), 2 survivors (2048K)
 Metaspace       used 8439K, committed 8576K, reserved 1114112K
  class space    used 662K, committed 768K, reserved 1048576K
}
Event: 1.514 GC heap before
{Heap before GC invocations=1 (full 0):
 garbage-first heap   total 65536K, used 36992K [0x00000000c0000000, 0x0000000100000000)
  region size 1024K, 36 young (36864K), 2 survivors (2048K)
 Metaspace       used 19571K, committed 19776K, reserved 1114112K
  class space    used 1835K, committed 1920K, reserved 1048576K
}
Event: 1.522 GC heap after
{Heap after GC invocations=2 (full 0):
 garbage-first heap   total 65536K, used 4672K [0x00000000c0000000, 0x0000000100000000)
  region size 1024K, 4 young (4096K), 4 survivors (4096K)
 Metaspace       used 19571K, committed 19776K, reserved 1114112K
  class space    used 1835K, committed 1920K, reserved 1048576K
}
Event: 2.787 GC heap before
{Heap before GC invocations=2 (full 0):
 garbage-first heap   total 65536K, used 32320K [0x00000000c0000000, 0x0000000100000000)
  region size 1024K, 33 young (33792K), 4 survivors (4096K)
 Metaspace       used 21314K, committed 21504K, reserved 1114112K
  class space    used 1936K, committed 2048K, reserved 1048576K
}
Event: 2.800 GC heap after
{Heap after GC invocations=3 (full 0):
 garbage-first heap   total 65536K, used 13570K [0x00000000c0000000, 0x0000000100000000)
  region size 1024K, 5 young (5120K), 5 survivors (5120K)
 Metaspace       used 21314K, committed 21504K, reserved 1114112K
  class space    used 1936K, committed 2048K, reserved 1048576K
}
Event: 3.648 GC heap before
{Heap before GC invocations=4 (full 0):
 garbage-first heap   total 48128K, used 46338K [0x00000000c0000000, 0x0000000100000000)
  region size 1024K, 35 young (35840K), 5 survivors (5120K)
 Metaspace       used 25275K, committed 25536K, reserved 1114112K
  class space    used 2386K, committed 2496K, reserved 1048576K
}
Event: 3.657 GC heap after
{Heap after GC invocations=5 (full 0):
 garbage-first heap   total 58368K, used 19362K [0x00000000c0000000, 0x0000000100000000)
  region size 1024K, 5 young (5120K), 5 survivors (5120K)
 Metaspace       used 25275K, committed 25536K, reserved 1114112K
  class space    used 2386K, committed 2496K, reserved 1048576K
}
Event: 4.553 GC heap before
{Heap before GC invocations=5 (full 0):
 garbage-first heap   total 58368K, used 44962K [0x00000000c0000000, 0x0000000100000000)
  region size 1024K, 30 young (30720K), 5 survivors (5120K)
 Metaspace       used 32405K, committed 32704K, reserved 1114112K
  class space    used 3290K, committed 3456K, reserved 1048576K
}
Event: 4.565 GC heap after
{Heap after GC invocations=6 (full 0):
 garbage-first heap   total 58368K, used 19905K [0x00000000c0000000, 0x0000000100000000)
  region size 1024K, 1 young (1024K), 1 survivors (1024K)
 Metaspace       used 32405K, committed 32704K, reserved 1114112K
  class space    used 3290K, committed 3456K, reserved 1048576K
}
Event: 5.152 GC heap before
{Heap before GC invocations=6 (full 0):
 garbage-first heap   total 58368K, used 30145K [0x00000000c0000000, 0x0000000100000000)
  region size 1024K, 13 young (13312K), 1 survivors (1024K)
 Metaspace       used 35688K, committed 35968K, reserved 1114112K
  class space    used 3609K, committed 3776K, reserved 1048576K
}
Event: 5.168 GC heap after
{Heap after GC invocations=7 (full 0):
 garbage-first heap   total 58368K, used 21365K [0x00000000c0000000, 0x0000000100000000)
  region size 1024K, 3 young (3072K), 3 survivors (3072K)
 Metaspace       used 35688K, committed 35968K, reserved 1114112K
  class space    used 3609K, committed 3776K, reserved 1048576K
}
Event: 6.488 GC heap before
{Heap before GC invocations=8 (full 0):
 garbage-first heap   total 58368K, used 45941K [0x00000000c0000000, 0x0000000100000000)
  region size 1024K, 28 young (28672K), 3 survivors (3072K)
 Metaspace       used 42306K, committed 42624K, reserved 1114112K
  class space    used 4379K, committed 4544K, reserved 1048576K
}
Event: 6.497 GC heap after
{Heap after GC invocations=9 (full 0):
 garbage-first heap   total 58368K, used 23988K [0x00000000c0000000, 0x0000000100000000)
  region size 1024K, 4 young (4096K), 4 survivors (4096K)
 Metaspace       used 42306K, committed 42624K, reserved 1114112K
  class space    used 4379K, committed 4544K, reserved 1048576K
}
Event: 7.506 GC heap before
{Heap before GC invocations=9 (full 0):
 garbage-first heap   total 58368K, used 47540K [0x00000000c0000000, 0x0000000100000000)
  region size 1024K, 28 young (28672K), 4 survivors (4096K)
 Metaspace       used 46379K, committed 46848K, reserved 1114112K
  class space    used 4900K, committed 5120K, reserved 1048576K
}
Event: 7.519 GC heap after
{Heap after GC invocations=10 (full 0):
 garbage-first heap   total 58368K, used 26261K [0x00000000c0000000, 0x0000000100000000)
  region size 1024K, 3 young (3072K), 3 survivors (3072K)
 Metaspace       used 46379K, committed 46848K, reserved 1114112K
  class space    used 4900K, committed 5120K, reserved 1048576K
}
Event: 9.278 GC heap before
{Heap before GC invocations=10 (full 0):
 garbage-first heap   total 58368K, used 48789K [0x00000000c0000000, 0x0000000100000000)
  region size 1024K, 26 young (26624K), 3 survivors (3072K)
 Metaspace       used 53028K, committed 53568K, reserved 1114112K
  class space    used 5804K, committed 6080K, reserved 1048576K
}
Event: 9.284 GC heap after
{Heap after GC invocations=11 (full 0):
 garbage-first heap   total 70656K, used 28891K [0x00000000c0000000, 0x0000000100000000)
  region size 1024K, 3 young (3072K), 3 survivors (3072K)
 Metaspace       used 53028K, committed 53568K, reserved 1114112K
  class space    used 5804K, committed 6080K, reserved 1048576K
}

Dll operation events (11 events):
Event: 0.033 Loaded shared library C:\Program Files\Eclipse Adoptium\jdk-21.0.5.11-hotspot\bin\java.dll
Event: 0.072 Loaded shared library C:\Program Files\Eclipse Adoptium\jdk-21.0.5.11-hotspot\bin\jsvml.dll
Event: 0.096 Loaded shared library C:\Program Files\Eclipse Adoptium\jdk-21.0.5.11-hotspot\bin\net.dll
Event: 0.099 Loaded shared library C:\Program Files\Eclipse Adoptium\jdk-21.0.5.11-hotspot\bin\nio.dll
Event: 0.111 Loaded shared library C:\Program Files\Eclipse Adoptium\jdk-21.0.5.11-hotspot\bin\zip.dll
Event: 0.725 Loaded shared library C:\Program Files\Eclipse Adoptium\jdk-21.0.5.11-hotspot\bin\jimage.dll
Event: 4.002 Loaded shared library C:\Program Files\Eclipse Adoptium\jdk-21.0.5.11-hotspot\bin\verify.dll
Event: 6.339 Loaded shared library C:\Program Files\Eclipse Adoptium\jdk-21.0.5.11-hotspot\bin\management.dll
Event: 6.419 Loaded shared library C:\Program Files\Eclipse Adoptium\jdk-21.0.5.11-hotspot\bin\management_ext.dll
Event: 7.578 Loaded shared library C:\Program Files\Eclipse Adoptium\jdk-21.0.5.11-hotspot\bin\extnet.dll
Event: 8.169 Loaded shared library C:\Program Files\Eclipse Adoptium\jdk-21.0.5.11-hotspot\bin\sunmscapi.dll

Deoptimization events (20 events):
Event: 9.147 Thread 0x000001a3df6c9f00 Uncommon trap: trap_request=0xffffffde fr.pc=0x000001a39024e0bc relative=0x00000000000003bc
Event: 9.147 Thread 0x000001a3df6c9f00 Uncommon trap: reason=class_check action=maybe_recompile pc=0x000001a39024e0bc method=java.lang.StringConcatHelper.stringOf(Ljava/lang/Object;)Ljava/lang/String; @ 5 c2
Event: 9.147 Thread 0x000001a3df6c9f00 DEOPT PACKING pc=0x000001a39024e0bc sp=0x00000062316fdcd0
Event: 9.147 Thread 0x000001a3df6c9f00 DEOPT UNPACKING pc=0x000001a38fba46a2 sp=0x00000062316fdc10 mode 2
Event: 9.243 Thread 0x000001a3e12cdb70 Uncommon trap: trap_request=0xffffffde fr.pc=0x000001a390112ac8 relative=0x00000000000001a8
Event: 9.243 Thread 0x000001a3e12cdb70 Uncommon trap: reason=class_check action=maybe_recompile pc=0x000001a390112ac8 method=java.lang.String.equals(Ljava/lang/Object;)Z @ 8 c2
Event: 9.243 Thread 0x000001a3e12cdb70 DEOPT PACKING pc=0x000001a390112ac8 sp=0x00000062318fde10
Event: 9.243 Thread 0x000001a3e12cdb70 DEOPT UNPACKING pc=0x000001a38fba46a2 sp=0x00000062318fdd98 mode 2
Event: 9.243 Thread 0x000001a3e12cdb70 Uncommon trap: trap_request=0xffffffde fr.pc=0x000001a390112ac8 relative=0x00000000000001a8
Event: 9.243 Thread 0x000001a3e12cdb70 Uncommon trap: reason=class_check action=maybe_recompile pc=0x000001a390112ac8 method=java.lang.String.equals(Ljava/lang/Object;)Z @ 8 c2
Event: 9.243 Thread 0x000001a3e12cdb70 DEOPT PACKING pc=0x000001a390112ac8 sp=0x00000062318fde10
Event: 9.243 Thread 0x000001a3e12cdb70 DEOPT UNPACKING pc=0x000001a38fba46a2 sp=0x00000062318fdd98 mode 2
Event: 9.243 Thread 0x000001a3e12cdb70 Uncommon trap: trap_request=0xffffffde fr.pc=0x000001a390112ac8 relative=0x00000000000001a8
Event: 9.243 Thread 0x000001a3e12cdb70 Uncommon trap: reason=class_check action=maybe_recompile pc=0x000001a390112ac8 method=java.lang.String.equals(Ljava/lang/Object;)Z @ 8 c2
Event: 9.243 Thread 0x000001a3e12cdb70 DEOPT PACKING pc=0x000001a390112ac8 sp=0x00000062318fde10
Event: 9.243 Thread 0x000001a3e12cdb70 DEOPT UNPACKING pc=0x000001a38fba46a2 sp=0x00000062318fdd98 mode 2
Event: 9.243 Thread 0x000001a3e12cdb70 Uncommon trap: trap_request=0xffffffde fr.pc=0x000001a390112ac8 relative=0x00000000000001a8
Event: 9.243 Thread 0x000001a3e12cdb70 Uncommon trap: reason=class_check action=maybe_recompile pc=0x000001a390112ac8 method=java.lang.String.equals(Ljava/lang/Object;)Z @ 8 c2
Event: 9.243 Thread 0x000001a3e12cdb70 DEOPT PACKING pc=0x000001a390112ac8 sp=0x00000062318fd9c0
Event: 9.243 Thread 0x000001a3e12cdb70 DEOPT UNPACKING pc=0x000001a38fba46a2 sp=0x00000062318fd948 mode 2

Classes loaded (20 events):
Event: 9.051 Loading class java/net/Proxy
Event: 9.051 Loading class java/net/Proxy done
Event: 9.052 Loading class java/net/Proxy$Type
Event: 9.052 Loading class java/net/Proxy$Type done
Event: 9.052 Loading class sun/net/spi/DefaultProxySelector$1
Event: 9.053 Loading class sun/net/spi/DefaultProxySelector$1 done
Event: 9.053 Loading class sun/net/spi/DefaultProxySelector$NonProxyInfo
Event: 9.054 Loading class sun/net/spi/DefaultProxySelector$NonProxyInfo done
Event: 9.054 Loading class sun/net/spi/DefaultProxySelector$3
Event: 9.054 Loading class sun/net/spi/DefaultProxySelector$3 done
Event: 9.055 Loading class java/net/Socket$SocketOutputStream
Event: 9.055 Loading class java/net/Socket$SocketOutputStream done
Event: 9.055 Loading class sun/nio/ch/NioSocketImpl$2
Event: 9.056 Loading class sun/nio/ch/NioSocketImpl$2 done
Event: 9.056 Loading class sun/nio/cs/UTF_8$Encoder
Event: 9.057 Loading class sun/nio/cs/UTF_8$Encoder done
Event: 9.230 Loading class javax/management/NotCompliantMBeanException
Event: 9.231 Loading class javax/management/NotCompliantMBeanException done
Event: 9.440 Loading class java/io/File$TempDirectory
Event: 9.441 Loading class java/io/File$TempDirectory done

Classes unloaded (0 events):
No events

Classes redefined (0 events):
No events

Internal exceptions (20 events):
Event: 8.075 Thread 0x000001a3f7d4a930 Exception <a 'java/lang/NoSuchMethodError'{0x00000000c2cf2f20}: 'void java.lang.invoke.DirectMethodHandle$Holder.invokeInterface(java.lang.Object, java.lang.Object, java.lang.Object)'> (0x00000000c2cf2f20) 
thrown [s\src\hotspot\share\interpreter\linkResolver.cpp, line 773]
Event: 8.086 Thread 0x000001a3f7d4a930 Exception <a 'java/lang/NoSuchMethodError'{0x00000000c2b1bb60}: 'java.lang.Object java.lang.invoke.DirectMethodHandle$Holder.invokeInterface(java.lang.Object, java.lang.Object, java.lang.Object)'> (0x00000000c2b1bb60) 
thrown [s\src\hotspot\share\interpreter\linkResolver.cpp, line 773]
Event: 8.201 Thread 0x000001a3f7d4a930 Exception <a 'java/lang/NoSuchMethodError'{0x00000000c2a02470}: 'void java.lang.invoke.DirectMethodHandle$Holder.invokeInterface(java.lang.Object, java.lang.Object)'> (0x00000000c2a02470) 
thrown [s\src\hotspot\share\interpreter\linkResolver.cpp, line 773]
Event: 8.235 Thread 0x000001a3f7d4a930 Exception <a 'java/lang/NoSuchMethodError'{0x00000000c2a33070}: 'long java.lang.invoke.DirectMethodHandle$Holder.invokeInterface(java.lang.Object, java.lang.Object)'> (0x00000000c2a33070) 
thrown [s\src\hotspot\share\interpreter\linkResolver.cpp, line 773]
Event: 8.235 Thread 0x000001a3f7d4a930 Exception <a 'java/lang/NoSuchMethodError'{0x00000000c2a37250}: 'long java.lang.invoke.DelegatingMethodHandle$Holder.reinvoke_L(java.lang.Object, java.lang.Object)'> (0x00000000c2a37250) 
thrown [s\src\hotspot\share\interpreter\linkResolver.cpp, line 773]
Event: 8.251 Thread 0x000001a3f7d4a930 Exception <a 'java/lang/NoSuchMethodError'{0x00000000c2ac78e8}: 'java.lang.Object java.lang.invoke.DirectMethodHandle$Holder.newInvokeSpecial(java.lang.Object, long)'> (0x00000000c2ac78e8) 
thrown [s\src\hotspot\share\interpreter\linkResolver.cpp, line 773]
Event: 8.494 Thread 0x000001a3df6c9f00 Exception <a 'java/lang/NoSuchMethodError'{0x00000000c2705ee8}: 'java.lang.Object java.lang.invoke.DirectMethodHandle$Holder.invokeVirtual(java.lang.Object, java.lang.Object, long)'> (0x00000000c2705ee8) 
thrown [s\src\hotspot\share\interpreter\linkResolver.cpp, line 773]
Event: 8.765 Thread 0x000001a3e12cdb70 Exception <a 'java/lang/NoSuchMethodError'{0x00000000c24e2c98}: 'void java.lang.invoke.DirectMethodHandle$Holder.invokeStaticInit(java.lang.Object, java.lang.Object, java.lang.Object)'> (0x00000000c24e2c98) 
thrown [s\src\hotspot\share\interpreter\linkResolver.cpp, line 773]
Event: 8.772 Thread 0x000001a3e12cdb70 Exception <a 'java/lang/NoSuchMethodError'{0x00000000c24f9f30}: 'int java.lang.invoke.DirectMethodHandle$Holder.invokeVirtual(java.lang.Object, java.lang.Object, java.lang.Object)'> (0x00000000c24f9f30) 
thrown [s\src\hotspot\share\interpreter\linkResolver.cpp, line 773]
Event: 8.883 Thread 0x000001a3e12cdb70 Exception <a 'java/lang/NoSuchMethodError'{0x00000000c223e2a0}: 'long java.lang.invoke.DirectMethodHandle$Holder.invokeStatic(java.lang.Object, java.lang.Object)'> (0x00000000c223e2a0) 
thrown [s\src\hotspot\share\interpreter\linkResolver.cpp, line 773]
Event: 8.885 Thread 0x000001a3e12cdb70 Exception <a 'java/lang/IncompatibleClassChangeError'{0x00000000c2243e50}: Found class java.lang.Object, but interface was expected> (0x00000000c2243e50) 
thrown [s\src\hotspot\share\interpreter\linkResolver.cpp, line 840]
Event: 8.890 Thread 0x000001a3e12cdb70 Exception <a 'java/lang/IncompatibleClassChangeError'{0x00000000c2259e88}: Found class java.lang.Object, but interface was expected> (0x00000000c2259e88) 
thrown [s\src\hotspot\share\interpreter\linkResolver.cpp, line 840]
Event: 8.990 Thread 0x000001a3df6cac20 Exception <a 'java/lang/NoSuchMethodError'{0x00000000c22da640}: 'long java.lang.invoke.DirectMethodHandle$Holder.invokeStatic(java.lang.Object)'> (0x00000000c22da640) 
thrown [s\src\hotspot\share\interpreter\linkResolver.cpp, line 773]
Event: 8.991 Thread 0x000001a3df6cac20 Exception <a 'java/lang/NoSuchMethodError'{0x00000000c22dda58}: 'long java.lang.invoke.DirectMethodHandle$Holder.invokeStaticInit(java.lang.Object)'> (0x00000000c22dda58) 
thrown [s\src\hotspot\share\interpreter\linkResolver.cpp, line 773]
Event: 8.995 Thread 0x000001a3df6cac20 Exception <a 'java/lang/NoSuchMethodError'{0x00000000c22f05d0}: 'long java.lang.invoke.DirectMethodHandle$Holder.invokeStatic(java.lang.Object, long)'> (0x00000000c22f05d0) 
thrown [s\src\hotspot\share\interpreter\linkResolver.cpp, line 773]
Event: 8.996 Thread 0x000001a3df6cac20 Exception <a 'java/lang/NoSuchMethodError'{0x00000000c22f3a48}: 'long java.lang.invoke.DirectMethodHandle$Holder.invokeStaticInit(java.lang.Object, long)'> (0x00000000c22f3a48) 
thrown [s\src\hotspot\share\interpreter\linkResolver.cpp, line 773]
Event: 9.015 Thread 0x000001a3df6cac20 Exception <a 'java/lang/NoSuchMethodError'{0x00000000c2143b50}: 'java.lang.Object java.lang.invoke.DirectMethodHandle$Holder.newInvokeSpecial(java.lang.Object, java.lang.Object, java.lang.Object, int, java.lang.Object)'> (0x00000000c2143b50) 
thrown [s\src\hotspot\share\interpreter\linkResolver.cpp, line 773]
Event: 9.016 Thread 0x000001a3df6cac20 Exception <a 'java/lang/NoSuchMethodError'{0x00000000c214b200}: 'java.lang.Object java.lang.invoke.Invokers$Holder.linkToTargetMethod(java.lang.Object, java.lang.Object, int, java.lang.Object, java.lang.Object)'> (0x00000000c214b200) 
thrown [s\src\hotspot\share\interpreter\linkResolver.cpp, line 773]
Event: 9.023 Thread 0x000001a3df6cac20 Exception <a 'java/lang/NoSuchMethodError'{0x00000000c219b948}: 'java.lang.Object java.lang.invoke.DirectMethodHandle$Holder.invokeStatic(java.lang.Object, int, int)'> (0x00000000c219b948) 
thrown [s\src\hotspot\share\interpreter\linkResolver.cpp, line 773]
Event: 9.140 Thread 0x000001a3e12cce50 Exception <a 'java/lang/NoSuchMethodError'{0x00000000c1f95b60}: 'int java.lang.invoke.DirectMethodHandle$Holder.invokeStatic(java.lang.Object)'> (0x00000000c1f95b60) 
thrown [s\src\hotspot\share\interpreter\linkResolver.cpp, line 773]

ZGC Phase Switch (0 events):
No events

VM Operations (20 events):
Event: 7.417 Executing VM operation: HandshakeAllThreads (Deoptimize)
Event: 7.417 Executing VM operation: HandshakeAllThreads (Deoptimize) done
Event: 7.504 Executing VM operation: HandshakeAllThreads (Deoptimize)
Event: 7.504 Executing VM operation: HandshakeAllThreads (Deoptimize) done
Event: 7.506 Executing VM operation: G1CollectForAllocation (G1 Evacuation Pause)
Event: 7.519 Executing VM operation: G1CollectForAllocation (G1 Evacuation Pause) done
Event: 8.051 Executing VM operation: HandshakeAllThreads (Deoptimize)
Event: 8.052 Executing VM operation: HandshakeAllThreads (Deoptimize) done
Event: 8.224 Executing VM operation: HandshakeAllThreads (Deoptimize)
Event: 8.224 Executing VM operation: HandshakeAllThreads (Deoptimize) done
Event: 8.527 Executing VM operation: HandshakeAllThreads (Deoptimize)
Event: 8.527 Executing VM operation: HandshakeAllThreads (Deoptimize) done
Event: 8.527 Executing VM operation: Cleanup
Event: 8.527 Executing VM operation: Cleanup done
Event: 8.814 Executing VM operation: HandshakeAllThreads (Deoptimize)
Event: 8.814 Executing VM operation: HandshakeAllThreads (Deoptimize) done
Event: 9.116 Executing VM operation: HandshakeAllThreads (Deoptimize)
Event: 9.116 Executing VM operation: HandshakeAllThreads (Deoptimize) done
Event: 9.278 Executing VM operation: G1CollectForAllocation (G1 Evacuation Pause)
Event: 9.284 Executing VM operation: G1CollectForAllocation (G1 Evacuation Pause) done

Memory protections (0 events):
No events

Nmethod flushes (20 events):
Event: 5.188 Thread 0x000001a3f9f390c0 flushing  nmethod 0x000001a388867d90
Event: 5.188 Thread 0x000001a3f9f390c0 flushing  nmethod 0x000001a38886f510
Event: 5.188 Thread 0x000001a3f9f390c0 flushing  nmethod 0x000001a38886fd90
Event: 5.188 Thread 0x000001a3f9f390c0 flushing  nmethod 0x000001a388870510
Event: 5.188 Thread 0x000001a3f9f390c0 flushing  nmethod 0x000001a388871990
Event: 5.188 Thread 0x000001a3f9f390c0 flushing  nmethod 0x000001a388872310
Event: 5.188 Thread 0x000001a3f9f390c0 flushing  nmethod 0x000001a388874610
Event: 5.188 Thread 0x000001a3f9f390c0 flushing  nmethod 0x000001a388877310
Event: 5.188 Thread 0x000001a3f9f390c0 flushing  nmethod 0x000001a38888a890
Event: 5.188 Thread 0x000001a3f9f390c0 flushing  nmethod 0x000001a3888a2990
Event: 5.188 Thread 0x000001a3f9f390c0 flushing  nmethod 0x000001a3888a2f90
Event: 5.188 Thread 0x000001a3f9f390c0 flushing  nmethod 0x000001a3888a6e10
Event: 5.189 Thread 0x000001a3f9f390c0 flushing  nmethod 0x000001a3888c1910
Event: 5.189 Thread 0x000001a3f9f390c0 flushing  nmethod 0x000001a3888c8290
Event: 5.189 Thread 0x000001a3f9f390c0 flushing  nmethod 0x000001a3888ce710
Event: 5.189 Thread 0x000001a3f9f390c0 flushing  nmethod 0x000001a3888cfa10
Event: 5.189 Thread 0x000001a3f9f390c0 flushing  nmethod 0x000001a3888fbc90
Event: 5.189 Thread 0x000001a3f9f390c0 flushing  nmethod 0x000001a388984810
Event: 5.189 Thread 0x000001a3f9f390c0 flushing  nmethod 0x000001a3889fb090
Event: 5.189 Thread 0x000001a3f9f390c0 flushing  nmethod 0x000001a3889fb810

Events (20 events):
Event: 4.150 Thread 0x000001a3df6cb940 Thread added: 0x000001a3df6ce730
Event: 4.150 Thread 0x000001a3df6ce730 Thread added: 0x000001a3df6cbfd0
Event: 4.378 Thread 0x000001a3dfa74c20 Thread exited: 0x000001a3dfa74c20
Event: 5.127 Thread 0x000001a397770c40 Thread added: 0x000001a3dfa8e410
Event: 5.457 Thread 0x000001a3dfa8e410 Thread exited: 0x000001a3dfa8e410
Event: 8.038 Thread 0x000001a3f7d4a930 Thread added: 0x000001a3df6c84c0
Event: 8.038 Thread 0x000001a3f7d4a930 Thread added: 0x000001a3df6cd380
Event: 8.039 Thread 0x000001a3f7d4a930 Thread added: 0x000001a3df6cedc0
Event: 8.039 Thread 0x000001a3f7d4a930 Thread added: 0x000001a3df6cac20
Event: 8.039 Thread 0x000001a3f7d4a930 Thread added: 0x000001a3df6c7e30
Event: 8.040 Thread 0x000001a3f7d4a930 Thread added: 0x000001a3df6cf450
Event: 8.040 Thread 0x000001a3f7d4a930 Thread added: 0x000001a3df6cda10
Event: 8.040 Thread 0x000001a3f7d4a930 Thread added: 0x000001a3df6c8b50
Event: 8.228 Thread 0x000001a3f7d4a930 Thread added: 0x000001a3df6c91e0
Event: 8.229 Thread 0x000001a3f7d4a930 Thread added: 0x000001a3df6c9870
Event: 8.386 Thread 0x000001a3df6cac20 Thread added: 0x000001a3df6c9f00
Event: 8.434 Thread 0x000001a3df6c9f00 Thread added: 0x000001a3e12c7f90
Event: 8.571 Thread 0x000001a3df6cac20 Thread added: 0x000001a3e12cdb70
Event: 9.069 Thread 0x000001a3df6cac20 Thread added: 0x000001a3e12cb410
Event: 9.130 Thread 0x000001a3df6cac20 Thread added: 0x000001a3e12cce50


Dynamic libraries:
0x00007ff710df0000 - 0x00007ff710dfe000 	C:\Program Files\Eclipse Adoptium\jdk-21.0.5.11-hotspot\bin\javaw.exe
0x00007ff99b010000 - 0x00007ff99b208000 	C:\Windows\SYSTEM32\ntdll.dll
0x00007ff999bf0000 - 0x00007ff999cb2000 	C:\Windows\System32\KERNEL32.DLL
0x00007ff9989e0000 - 0x00007ff998cd6000 	C:\Windows\System32\KERNELBASE.dll
0x00007ff998840000 - 0x00007ff998940000 	C:\Windows\System32\ucrtbase.dll
0x00007ff993ed0000 - 0x00007ff993ee8000 	C:\Program Files\Eclipse Adoptium\jdk-21.0.5.11-hotspot\bin\jli.dll
0x00007ff993ea0000 - 0x00007ff993ebe000 	C:\Program Files\Eclipse Adoptium\jdk-21.0.5.11-hotspot\bin\VCRUNTIME140.dll
0x00007ff999800000 - 0x00007ff9999a1000 	C:\Windows\System32\USER32.dll
0x00007ff984930000 - 0x00007ff984bcb000 	C:\Windows\WinSxS\amd64_microsoft.windows.common-controls_6595b64144ccf1df_6.0.19041.6456_none_60b8a6cb71f64256\COMCTL32.dll
0x00007ff9986a0000 - 0x00007ff9986c2000 	C:\Windows\System32\win32u.dll
0x00007ff999df0000 - 0x00007ff999e1b000 	C:\Windows\System32\GDI32.dll
0x00007ff99af30000 - 0x00007ff99afce000 	C:\Windows\System32\msvcrt.dll
0x00007ff998720000 - 0x00007ff998839000 	C:\Windows\System32\gdi32full.dll
0x00007ff998940000 - 0x00007ff9989dd000 	C:\Windows\System32\msvcp_win.dll
0x00007ff9999b0000 - 0x00007ff9999df000 	C:\Windows\System32\IMM32.DLL
0x00007ff993e90000 - 0x00007ff993e9c000 	C:\Program Files\Eclipse Adoptium\jdk-21.0.5.11-hotspot\bin\vcruntime140_1.dll
0x00007ff98c5f0000 - 0x00007ff98c67d000 	C:\Program Files\Eclipse Adoptium\jdk-21.0.5.11-hotspot\bin\msvcp140.dll
0x00007ff980350000 - 0x00007ff9810df000 	C:\Program Files\Eclipse Adoptium\jdk-21.0.5.11-hotspot\bin\server\jvm.dll
0x00007ff999e20000 - 0x00007ff999ed1000 	C:\Windows\System32\ADVAPI32.dll
0x00007ff99a110000 - 0x00007ff99a1af000 	C:\Windows\System32\sechost.dll
0x00007ff99ab10000 - 0x00007ff99ac30000 	C:\Windows\System32\RPCRT4.dll
0x00007ff999000000 - 0x00007ff999027000 	C:\Windows\System32\bcrypt.dll
0x00007ff999d80000 - 0x00007ff999deb000 	C:\Windows\System32\WS2_32.dll
0x00007ff988510000 - 0x00007ff988537000 	C:\Windows\SYSTEM32\WINMM.dll
0x00007ff998500000 - 0x00007ff99854b000 	C:\Windows\SYSTEM32\POWRPROF.dll
0x00007ff98f6d0000 - 0x00007ff98f6da000 	C:\Windows\SYSTEM32\VERSION.dll
0x00007ff9984e0000 - 0x00007ff9984f2000 	C:\Windows\SYSTEM32\UMPDC.dll
0x00007ff996510000 - 0x00007ff996522000 	C:\Windows\SYSTEM32\kernel.appcore.dll
0x00007ff993e80000 - 0x00007ff993e8a000 	C:\Program Files\Eclipse Adoptium\jdk-21.0.5.11-hotspot\bin\jimage.dll
0x00007ff9894c0000 - 0x00007ff9896c1000 	C:\Windows\SYSTEM32\DBGHELP.DLL
0x00007ff989480000 - 0x00007ff9894b4000 	C:\Windows\SYSTEM32\dbgcore.DLL
0x00007ff998e40000 - 0x00007ff998ec2000 	C:\Windows\System32\bcryptPrimitives.dll
0x00007ff993e50000 - 0x00007ff993e6f000 	C:\Program Files\Eclipse Adoptium\jdk-21.0.5.11-hotspot\bin\java.dll
0x00007ff99a2a0000 - 0x00007ff99aa10000 	C:\Windows\System32\SHELL32.dll
0x00007ff996710000 - 0x00007ff996eb5000 	C:\Windows\SYSTEM32\windows.storage.dll
0x00007ff999030000 - 0x00007ff999384000 	C:\Windows\System32\combase.dll
0x00007ff997ff0000 - 0x00007ff99801b000 	C:\Windows\SYSTEM32\Wldp.dll
0x00007ff99adb0000 - 0x00007ff99ae7d000 	C:\Windows\System32\OLEAUT32.dll
0x00007ff999cd0000 - 0x00007ff999d7d000 	C:\Windows\System32\SHCORE.dll
0x00007ff999b90000 - 0x00007ff999beb000 	C:\Windows\System32\shlwapi.dll
0x00007ff9985d0000 - 0x00007ff9985f4000 	C:\Windows\SYSTEM32\profapi.dll
0x00007ff98a220000 - 0x00007ff98a2f7000 	C:\Program Files\Eclipse Adoptium\jdk-21.0.5.11-hotspot\bin\jsvml.dll
0x00007ff993e40000 - 0x00007ff993e50000 	C:\Program Files\Eclipse Adoptium\jdk-21.0.5.11-hotspot\bin\net.dll
0x00007ff990590000 - 0x00007ff99069a000 	C:\Windows\SYSTEM32\WINHTTP.dll
0x00007ff997d50000 - 0x00007ff997dba000 	C:\Windows\system32\mswsock.dll
0x00007ff98aa30000 - 0x00007ff98aa46000 	C:\Program Files\Eclipse Adoptium\jdk-21.0.5.11-hotspot\bin\nio.dll
0x00007ff98b5b0000 - 0x00007ff98b5c8000 	C:\Program Files\Eclipse Adoptium\jdk-21.0.5.11-hotspot\bin\zip.dll
0x00007ff997f50000 - 0x00007ff997f68000 	C:\Windows\SYSTEM32\CRYPTSP.dll
0x00007ff997670000 - 0x00007ff9976a8000 	C:\Windows\system32\rsaenh.dll
0x00007ff998550000 - 0x00007ff99857e000 	C:\Windows\SYSTEM32\USERENV.dll
0x00007ff997f40000 - 0x00007ff997f4c000 	C:\Windows\SYSTEM32\CRYPTBASE.dll
0x00007ff997a30000 - 0x00007ff997a6b000 	C:\Windows\SYSTEM32\IPHLPAPI.DLL
0x00007ff999cc0000 - 0x00007ff999cc8000 	C:\Windows\System32\NSI.dll
0x00007ff993520000 - 0x00007ff993530000 	C:\Program Files\Eclipse Adoptium\jdk-21.0.5.11-hotspot\bin\verify.dll
0x00007ff993500000 - 0x00007ff99350a000 	C:\Program Files\Eclipse Adoptium\jdk-21.0.5.11-hotspot\bin\management.dll
0x00007ff98c730000 - 0x00007ff98c73b000 	C:\Program Files\Eclipse Adoptium\jdk-21.0.5.11-hotspot\bin\management_ext.dll
0x00007ff99a290000 - 0x00007ff99a298000 	C:\Windows\System32\PSAPI.DLL
0x00007ff997a80000 - 0x00007ff997b4a000 	C:\Windows\SYSTEM32\DNSAPI.dll
0x00007ff991d00000 - 0x00007ff991d0a000 	C:\Windows\System32\rasadhlp.dll
0x00007ff98fdc0000 - 0x00007ff98fe40000 	C:\Windows\System32\fwpuclnt.dll
0x00007ff98c5a0000 - 0x00007ff98c5a9000 	C:\Program Files\Eclipse Adoptium\jdk-21.0.5.11-hotspot\bin\extnet.dll
0x00007ff98a990000 - 0x00007ff98a99e000 	C:\Program Files\Eclipse Adoptium\jdk-21.0.5.11-hotspot\bin\sunmscapi.dll
0x00007ff998ce0000 - 0x00007ff998e3d000 	C:\Windows\System32\CRYPT32.dll
0x00007ff998060000 - 0x00007ff998087000 	C:\Windows\SYSTEM32\ncrypt.dll
0x00007ff998020000 - 0x00007ff99805b000 	C:\Windows\SYSTEM32\NTASN1.dll
0x00007ff98c770000 - 0x00007ff98c777000 	C:\Windows\system32\wshunix.dll

dbghelp: loaded successfully - version: 4.0.5 - missing functions: none
symbol engine: initialized successfully - sym options: 0x614 - pdb path: .;C:\Program Files\Eclipse Adoptium\jdk-21.0.5.11-hotspot\bin;C:\Windows\SYSTEM32;C:\Windows\WinSxS\amd64_microsoft.windows.common-controls_6595b64144ccf1df_6.0.19041.6456_none_60b8a6cb71f64256;C:\Program Files\Eclipse Adoptium\jdk-21.0.5.11-hotspot\bin\server

VM Arguments:
jvm_args: -DMX_LOG_LEVEL=INFO -Djava.library.path=C:/Users/Admin/Mendix/LearnNow Training management-main/deployment/model/lib/userlib -Dfile.encoding=UTF-8 -Djava.io.tmpdir=C:/Users/Admin/Mendix/LearnNow Training management-main/deployment/data/tmp -Dmendix.live-preview=enabled 
java_command: C:\Program Files\Mendix\10.24.9.81004\runtime\launcher\runtimelauncher.jar C:\Users\Admin\Mendix\LearnNow Training management-main\deployment
java_class_path (initial): C:\Program Files\Mendix\10.24.9.81004\runtime\launcher\runtimelauncher.jar
Launcher Type: SUN_STANDARD

[Global flags]
     intx CICompilerCount                          = 4                                         {product} {ergonomic}
     uint ConcGCThreads                            = 2                                         {product} {ergonomic}
     uint G1ConcRefinementThreads                  = 8                                         {product} {ergonomic}
   size_t G1HeapRegionSize                         = 1048576                                   {product} {ergonomic}
    uintx GCDrainStackTargetSize                   = 64                                        {product} {ergonomic}
   size_t InitialHeapSize                          = 67108864                                  {product} {ergonomic}
   size_t MarkStackSize                            = 4194304                                   {product} {ergonomic}
   size_t MaxHeapSize                              = 1073741824                                {product} {ergonomic}
   size_t MaxNewSize                               = 643825664                                 {product} {ergonomic}
   size_t MinHeapDeltaBytes                        = 1048576                                   {product} {ergonomic}
   size_t MinHeapSize                              = 8388608                                   {product} {ergonomic}
    uintx NonNMethodCodeHeapSize                   = 5839372                                {pd product} {ergonomic}
    uintx NonProfiledCodeHeapSize                  = 122909434                              {pd product} {ergonomic}
    uintx ProfiledCodeHeapSize                     = 122909434                              {pd product} {ergonomic}
    uintx ReservedCodeCacheSize                    = 251658240                              {pd product} {ergonomic}
     bool SegmentedCodeCache                       = true                                      {product} {ergonomic}
   size_t SoftMaxHeapSize                          = 1073741824                             {manageable} {ergonomic}
     bool UseCompressedOops                        = true                           {product lp64_product} {ergonomic}
     bool UseG1GC                                  = true                                      {product} {ergonomic}
     bool UseLargePagesIndividualAllocation        = false                                  {pd product} {ergonomic}

Logging:
Log output configuration:
 #0: stdout all=warning uptime,level,tags foldmultilines=false
 #1: stderr all=off uptime,level,tags foldmultilines=false

Environment Variables:
PATH=C:\Windows\system32;C:\Windows;C:\Windows\System32\Wbem;C:\Windows\System32\WindowsPowerShell\v1.0\;C:\Windows\System32\OpenSSH\;C:\Program Files\dotnet\;C:\Program Files\Git\cmd;C:\Users\Admin\AppData\Local\Microsoft\WindowsApps;
USERNAME=Admin
OS=Windows_NT
PROCESSOR_IDENTIFIER=Intel64 Family 6 Model 186 Stepping 3, GenuineIntel
TMP=C:\Users\Admin\AppData\Local\Temp
TEMP=C:\Users\Admin\AppData\Local\Temp




Periodic native trim disabled

---------------  S Y S T E M  ---------------

OS:
 Windows 10 , 64 bit Build 19041 (10.0.19041.5915)
OS uptime: 0 days 1:31 hours

CPU: total 8 (initial active 8) (8 cores per cpu, 1 threads per core) family 6 model 186 stepping 3 microcode 0x4128, cx8, cmov, fxsr, mmx, 3dnowpref, sse, sse2, sse3, ssse3, sse4.1, sse4.2, popcnt, lzcnt, tsc, tscinvbit, avx, avx2, aes, clmul, bmi1, bmi2, adx, sha, fma, vzeroupper, clflush, clflushopt, hv, rdtscp, f16c
Processor Information for all 8 processors :
  Max Mhz: 2626, Current Mhz: 2626, Mhz Limit: 2626

Memory: 4k page, system-wide physical 4095M (199M free)
TotalPageFile size 6603M (AvailPageFile size 0M)
current process WorkingSet (physical memory assigned to process): 217M, peak: 226M
current process commit charge ("private bytes"): 277M, peak: 280M

vm_info: OpenJDK 64-Bit Server VM (21.0.5+11-LTS) for windows-amd64 JRE (21.0.5+11-LTS), built on 2024-10-15T00:00:00Z by "admin" with MS VC++ 17.7 (VS2022)

END.
