#
# There is insufficient memory for the Java Runtime Environment to continue.
# Native memory allocation (mmap) failed to map 15728640 bytes. Error detail: G1 virtual space
# Possible reasons:
#   The system is out of physical RAM or swap space
#   This process is running with CompressedOops enabled, and the Java Heap may be blocking the growth of the native heap
# Possible solutions:
#   Reduce memory load on the system
#   Increase physical memory or swap space
#   Check if swap backing store is full
#   Decrease Java heap size (-Xmx/-Xms)
#   Decrease number of Java threads
#   Decrease Java thread stack sizes (-Xss)
#   Set larger code cache with -XX:ReservedCodeCacheSize=
#   JVM is running with Unscaled Compressed Oops mode in which the Java heap is
#     placed in the first 4GB address space. The Java Heap base address is the
#     maximum limit for the native heap growth. Please use -XX:HeapBaseMinAddress
#     to set the Java Heap base and to place the Java Heap above 4GB virtual address.
# This output file may be truncated or incomplete.
#
#  Out of Memory Error (os_windows.cpp:3616), pid=10064, tid=4904
#
# JRE version: OpenJDK Runtime Environment Temurin-21.0.5+11 (21.0.5+11) (build 21.0.5+11-LTS)
# Java VM: OpenJDK 64-Bit Server VM Temurin-21.0.5+11 (21.0.5+11-LTS, mixed mode, sharing, tiered, compressed oops, compressed class ptrs, g1 gc, windows-amd64)
# No core dump will be written. Minidumps are not enabled by default on client versions of Windows
#

---------------  S U M M A R Y ------------

Command Line: -DMX_LOG_LEVEL=INFO -Djava.library.path=C:/Users/Admin/Mendix/LearnNow Training management-main/deployment/model/lib/userlib -Dfile.encoding=UTF-8 -Djava.io.tmpdir=C:/Users/Admin/Mendix/LearnNow Training management-main/deployment/data/tmp -Dmendix.live-preview=enabled C:\Program Files\Mendix\10.24.9.81004\runtime\launcher\runtimelauncher.jar C:\Users\Admin\Mendix\LearnNow Training management-main\deployment

Host: 13th Gen Intel(R) Core(TM) i7-1355U, 8 cores, 3G,  Windows 10 , 64 bit Build 19041 (10.0.19041.5915)
Time: Mon Dec  1 16:00:04 2025 Central Standard Time (Mexico) elapsed time: 14.830532 seconds (0d 0h 0m 14s)

---------------  T H R E A D  ---------------

Current thread (0x0000019c5df0b8c0):  VMThread "VM Thread"          [id=4904, stack(0x000000883ef00000,0x000000883f000000) (1024K)]

Stack: [0x000000883ef00000,0x000000883f000000]
Native frames: (J=compiled Java code, j=interpreted, Vv=VM code, C=native code)
V  [jvm.dll+0x6cd4e9]
V  [jvm.dll+0x8a7941]
V  [jvm.dll+0x8a9e6e]
V  [jvm.dll+0x8aa543]
V  [jvm.dll+0x27f6d6]
V  [jvm.dll+0x6c9c25]
V  [jvm.dll+0x6be84a]
V  [jvm.dll+0x355c6a]
V  [jvm.dll+0x35d836]
V  [jvm.dll+0x3af40e]
V  [jvm.dll+0x3af6b8]
V  [jvm.dll+0x329dfc]
V  [jvm.dll+0x329e87]
V  [jvm.dll+0x36dc4c]
V  [jvm.dll+0x36c498]
V  [jvm.dll+0x3295c1]
V  [jvm.dll+0x36bb0a]
V  [jvm.dll+0x8b025f]
V  [jvm.dll+0x8b15e4]
V  [jvm.dll+0x8b1b20]
V  [jvm.dll+0x8b1dc3]
V  [jvm.dll+0x8514fb]
V  [jvm.dll+0x6cbbed]
C  [ucrtbase.dll+0x21bb2]
C  [KERNEL32.DLL+0x17374]
C  [ntdll.dll+0x4cc91]

VM_Operation (0x00000088413f6c60): G1CollectForAllocation, mode: safepoint, requested by thread 0x0000019c43604970


---------------  P R O C E S S  ---------------

Threads class SMR info:
_java_thread_list=0x0000019c43e57b30, length=36, elements={
0x0000019c5bbbb000, 0x0000019c796316d0, 0x0000019c796325e0, 0x0000019c79637060,
0x0000019c79637ab0, 0x0000019c79643530, 0x0000019c7964a190, 0x0000019c79652340,
0x0000019c79654de0, 0x0000019c79648de0, 0x0000019c7964a820, 0x0000019c41a1fce0,
0x0000019c41a22440, 0x0000019c41a1c860, 0x0000019c41a1dc10, 0x0000019c41a20a00,
0x0000019c41a1f650, 0x0000019c41a1d580, 0x0000019c41a1e2a0, 0x0000019c41a21720,
0x0000019c41a21db0, 0x0000019c41a1cef0, 0x0000019c41a1b4b0, 0x0000019c41a22ad0,
0x0000019c41a1c1d0, 0x0000019c41a1e930, 0x0000019c41a1efc0, 0x0000019c43604970,
0x0000019c43606a40, 0x0000019c43605000, 0x0000019c43607760, 0x0000019c436070d0,
0x0000019c43605d20, 0x0000019c43605690, 0x0000019c436063b0, 0x0000019c43f5aff0
}

Java Threads: ( => current thread )
  0x0000019c5bbbb000 JavaThread "main"                              [_thread_blocked, id=11180, stack(0x000000883e800000,0x000000883e900000) (1024K)]
  0x0000019c796316d0 JavaThread "Reference Handler"          daemon [_thread_blocked, id=6228, stack(0x000000883f000000,0x000000883f100000) (1024K)]
  0x0000019c796325e0 JavaThread "Finalizer"                  daemon [_thread_blocked, id=2996, stack(0x000000883f100000,0x000000883f200000) (1024K)]
  0x0000019c79637060 JavaThread "Signal Dispatcher"          daemon [_thread_blocked, id=8964, stack(0x000000883f200000,0x000000883f300000) (1024K)]
  0x0000019c79637ab0 JavaThread "Attach Listener"            daemon [_thread_blocked, id=5244, stack(0x000000883f300000,0x000000883f400000) (1024K)]
  0x0000019c79643530 JavaThread "Service Thread"             daemon [_thread_blocked, id=6936, stack(0x000000883f400000,0x000000883f500000) (1024K)]
  0x0000019c7964a190 JavaThread "Monitor Deflation Thread"   daemon [_thread_blocked, id=7872, stack(0x000000883f500000,0x000000883f600000) (1024K)]
  0x0000019c79652340 JavaThread "C2 CompilerThread0"         daemon [_thread_blocked, id=9380, stack(0x000000883f600000,0x000000883f700000) (1024K)]
  0x0000019c79654de0 JavaThread "C1 CompilerThread0"         daemon [_thread_blocked, id=3924, stack(0x000000883f700000,0x000000883f800000) (1024K)]
  0x0000019c79648de0 JavaThread "Notification Thread"        daemon [_thread_blocked, id=7660, stack(0x000000883f800000,0x000000883f900000) (1024K)]
  0x0000019c7964a820 JavaThread "Common-Cleaner"             daemon [_thread_blocked, id=1704, stack(0x000000883f900000,0x000000883fa00000) (1024K)]
  0x0000019c41a1fce0 JavaThread "scala-execution-context-global-31" daemon [_thread_blocked, id=7064, stack(0x0000008840300000,0x0000008840400000) (1024K)]
  0x0000019c41a22440 JavaThread "scala-execution-context-global-32" daemon [_thread_blocked, id=8624, stack(0x0000008840400000,0x0000008840500000) (1024K)]
  0x0000019c41a1c860 JavaThread "scala-execution-context-global-33" daemon [_thread_blocked, id=6020, stack(0x0000008840500000,0x0000008840600000) (1024K)]
  0x0000019c41a1dc10 JavaThread "scala-execution-context-global-34" daemon [_thread_blocked, id=6008, stack(0x0000008840600000,0x0000008840700000) (1024K)]
  0x0000019c41a20a00 JavaThread "scala-execution-context-global-35" daemon [_thread_blocked, id=7560, stack(0x0000008840700000,0x0000008840800000) (1024K)]
  0x0000019c41a1f650 JavaThread "scala-execution-context-global-36" daemon [_thread_blocked, id=7400, stack(0x0000008840800000,0x0000008840900000) (1024K)]
  0x0000019c41a1d580 JavaThread "qtp864210792-38"                   [_thread_in_native, id=928, stack(0x0000008840900000,0x0000008840a00000) (1024K)]
  0x0000019c41a1e2a0 JavaThread "qtp864210792-39"                   [_thread_in_native, id=5520, stack(0x0000008840a00000,0x0000008840b00000) (1024K)]
  0x0000019c41a21720 JavaThread "qtp864210792-40"                   [_thread_in_native, id=4252, stack(0x0000008840b00000,0x0000008840c00000) (1024K)]
  0x0000019c41a21db0 JavaThread "qtp864210792-41"                   [_thread_in_native, id=5716, stack(0x0000008840c00000,0x0000008840d00000) (1024K)]
  0x0000019c41a1cef0 JavaThread "qtp864210792-42"                   [_thread_in_native, id=8728, stack(0x0000008840d00000,0x0000008840e00000) (1024K)]
  0x0000019c41a1b4b0 JavaThread "qtp864210792-43-acceptor-0@1e5f2390-ServerConnector@1098de2b{HTTP/1.1, (http/1.1)}{127.0.0.1:8090}"        [_thread_in_native, id=5248, stack(0x0000008840e00000,0x0000008840f00000) (1024K)]
  0x0000019c41a22ad0 JavaThread "qtp864210792-44"                   [_thread_in_native, id=8848, stack(0x0000008840f00000,0x0000008841000000) (1024K)]
  0x0000019c41a1c1d0 JavaThread "qtp864210792-45"                   [_thread_in_native, id=2444, stack(0x0000008841000000,0x0000008841100000) (1024K)]
  0x0000019c41a1e930 JavaThread "qtp864210792-46"                   [_thread_in_native, id=3896, stack(0x0000008841100000,0x0000008841200000) (1024K)]
  0x0000019c41a1efc0 JavaThread "qtp864210792-47-acceptor-0@34bb9c6d-ServerConnector@3a7c648a{HTTP/1.1, (http/1.1)}{::1:8090}"        [_thread_in_native, id=10236, stack(0x0000008841200000,0x0000008841300000) (1024K)]
  0x0000019c43604970 JavaThread "qtp864210792-48"                   [_thread_blocked, id=4760, stack(0x0000008841300000,0x0000008841400000) (1024K)]
  0x0000019c43606a40 JavaThread "Scheduler-1198952052-1"            [_thread_blocked, id=7508, stack(0x0000008841400000,0x0000008841500000) (1024K)]
  0x0000019c43605000 JavaThread "qtp864210792-50"                   [_thread_blocked, id=10944, stack(0x0000008841500000,0x0000008841600000) (1024K)]
  0x0000019c43607760 JavaThread "Thread-14"                         [_thread_blocked, id=10740, stack(0x0000008841600000,0x0000008841700000) (1024K)]
  0x0000019c436070d0 JavaThread "Thread-0"                          [_thread_blocked, id=260, stack(0x0000008841700000,0x0000008841800000) (1024K)]
  0x0000019c43605d20 JavaThread "qtp864210792-52"                   [_thread_blocked, id=4504, stack(0x0000008841800000,0x0000008841900000) (1024K)]
  0x0000019c43605690 JavaThread "commons-pool-metrics-updater" daemon [_thread_blocked, id=10288, stack(0x0000008841900000,0x0000008841a00000) (1024K)]
  0x0000019c436063b0 JavaThread "commons-pool-evictor"       daemon [_thread_blocked, id=9376, stack(0x0000008841a00000,0x0000008841b00000) (1024K)]
  0x0000019c43f5aff0 JavaThread "HSQLDB Timer @2279b8ee"     daemon [_thread_blocked, id=9776, stack(0x0000008841b00000,0x0000008841c00000) (1024K)]
Total: 36

Other Threads:
=>0x0000019c5df0b8c0 VMThread "VM Thread"                           [id=4904, stack(0x000000883ef00000,0x000000883f000000) (1024K)]
  0x0000019c5defe130 WatcherThread "VM Periodic Task Thread"        [id=8980, stack(0x000000883ee00000,0x000000883ef00000) (1024K)]
  0x0000019c5de733b0 WorkerThread "GC Thread#0"                     [id=7304, stack(0x000000883e900000,0x000000883ea00000) (1024K)]
  0x0000019c7e1557b0 WorkerThread "GC Thread#1"                     [id=2580, stack(0x000000883fa00000,0x000000883fb00000) (1024K)]
  0x0000019c7e153e50 WorkerThread "GC Thread#2"                     [id=2280, stack(0x000000883fb00000,0x000000883fc00000) (1024K)]
  0x0000019c7e154590 WorkerThread "GC Thread#3"                     [id=5344, stack(0x000000883fc00000,0x000000883fd00000) (1024K)]
  0x0000019c7e5b0440 WorkerThread "GC Thread#4"                     [id=7244, stack(0x000000883fe00000,0x000000883ff00000) (1024K)]
  0x0000019c7e5b12c0 WorkerThread "GC Thread#5"                     [id=1444, stack(0x000000883ff00000,0x0000008840000000) (1024K)]
  0x0000019c7e5af220 WorkerThread "GC Thread#6"                     [id=6496, stack(0x0000008840000000,0x0000008840100000) (1024K)]
  0x0000019c7f574350 WorkerThread "GC Thread#7"                     [id=8816, stack(0x0000008840200000,0x0000008840300000) (1024K)]
  0x0000019c5de7cd50 ConcurrentGCThread "G1 Main Marker"            [id=1324, stack(0x000000883ea00000,0x000000883eb00000) (1024K)]
  0x0000019c5de7dff0 WorkerThread "G1 Conc#0"                       [id=4824, stack(0x000000883eb00000,0x000000883ec00000) (1024K)]
  0x0000019c7f5717d0 WorkerThread "G1 Conc#1"                       [id=7892, stack(0x0000008840100000,0x0000008840200000) (1024K)]
  0x0000019c5deec190 ConcurrentGCThread "G1 Refine#0"               [id=5092, stack(0x000000883ec00000,0x000000883ed00000) (1024K)]
  0x0000019c5deecd00 ConcurrentGCThread "G1 Service"                [id=6684, stack(0x000000883ed00000,0x000000883ee00000) (1024K)]
Total: 15

Threads with active compile tasks:
Total: 0

VM state: at safepoint (normal execution)

VM Mutex/Monitor currently owned by a thread:  ([mutex/lock_event])
[0x00007ff980ffd380] Threads_lock - owner thread: 0x0000019c5df0b8c0
[0x00007ff980ffd480] Heap_lock - owner thread: 0x0000019c43604970

Heap address: 0x00000000c0000000, size: 1024 MB, Compressed Oops mode: 32-bit

CDS archive(s) mapped at: [0x0000019c00000000-0x0000019c00c80000-0x0000019c00c80000), size 13107200, SharedBaseAddress: 0x0000019c00000000, ArchiveRelocationMode: 1.
Compressed class space mapped at: 0x0000019c01000000-0x0000019c41000000, reserved size: 1073741824
Narrow klass base: 0x0000019c00000000, Narrow klass shift: 0, Narrow klass range: 0x100000000

GC Precious Log:
 CardTable entry size: 512
 Card Set container configuration: InlinePtr #cards 5 size 8 Array Of Cards #cards 12 size 40 Howl #buckets 4 coarsen threshold 1843 Howl Bitmap #cards 512 size 80 coarsen threshold 460 Card regions per heap region 1 cards per card region 2048
 CPUs: 8 total, 8 available
 Memory: 4095M
 Large Page Support: Disabled
 NUMA Support: Disabled
 Compressed Oops: Enabled (32-bit)
 Heap Region Size: 1M
 Heap Min Capacity: 8M
 Heap Initial Capacity: 64M
 Heap Max Capacity: 1G
 Pre-touch: Disabled
 Parallel Workers: 8
 Concurrent Workers: 2
 Concurrent Refinement Workers: 8
 Periodic GC: Disabled

Heap:
 garbage-first heap   total 76800K, used 44357K [0x00000000c0000000, 0x0000000100000000)
  region size 1024K, 2 young (2048K), 2 survivors (2048K)
 Metaspace       used 84547K, committed 85248K, reserved 1179648K
  class space    used 9459K, committed 9792K, reserved 1048576K

Heap Regions: E=young(eden), S=young(survivor), O=old, HS=humongous(starts), HC=humongous(continues), CS=collection set, F=free, TAMS=top-at-mark-start, PB=parsable bottom
|   0|0x00000000c0000000, 0x00000000c0100000, 0x00000000c0100000|100%| O|  |TAMS 0x00000000c0000000| PB 0x00000000c0000000| Untracked 
|   1|0x00000000c0100000, 0x00000000c0200000, 0x00000000c0200000|100%|HS|  |TAMS 0x00000000c0100000| PB 0x00000000c0100000| Complete 
|   2|0x00000000c0200000, 0x00000000c0300000, 0x00000000c0300000|100%| O|  |TAMS 0x00000000c0200000| PB 0x00000000c0200000| Untracked 
|   3|0x00000000c0300000, 0x00000000c0400000, 0x00000000c0400000|100%| O|  |TAMS 0x00000000c0300000| PB 0x00000000c0300000| Untracked 
|   4|0x00000000c0400000, 0x00000000c0500000, 0x00000000c0500000|100%| O|  |TAMS 0x00000000c0400000| PB 0x00000000c0400000| Untracked 
|   5|0x00000000c0500000, 0x00000000c0600000, 0x00000000c0600000|100%| O|  |TAMS 0x00000000c0500000| PB 0x00000000c0500000| Untracked 
|   6|0x00000000c0600000, 0x00000000c0700000, 0x00000000c0700000|100%| O|  |TAMS 0x00000000c0600000| PB 0x00000000c0600000| Untracked 
|   7|0x00000000c0700000, 0x00000000c0800000, 0x00000000c0800000|100%| O|  |TAMS 0x00000000c0700000| PB 0x00000000c0700000| Untracked 
|   8|0x00000000c0800000, 0x00000000c0900000, 0x00000000c0900000|100%| O|  |TAMS 0x00000000c0800000| PB 0x00000000c0800000| Untracked 
|   9|0x00000000c0900000, 0x00000000c0a00000, 0x00000000c0a00000|100%|HS|  |TAMS 0x00000000c0900000| PB 0x00000000c0900000| Complete 
|  10|0x00000000c0a00000, 0x00000000c0b00000, 0x00000000c0b00000|100%| O|  |TAMS 0x00000000c0a00000| PB 0x00000000c0a00000| Untracked 
|  11|0x00000000c0b00000, 0x00000000c0c00000, 0x00000000c0c00000|100%| O|  |TAMS 0x00000000c0b00000| PB 0x00000000c0b00000| Untracked 
|  12|0x00000000c0c00000, 0x00000000c0d00000, 0x00000000c0d00000|100%| O|  |TAMS 0x00000000c0c00000| PB 0x00000000c0c00000| Untracked 
|  13|0x00000000c0d00000, 0x00000000c0e00000, 0x00000000c0e00000|100%| O|  |TAMS 0x00000000c0d00000| PB 0x00000000c0d00000| Untracked 
|  14|0x00000000c0e00000, 0x00000000c0e00000, 0x00000000c0f00000|  0%| F|  |TAMS 0x00000000c0e00000| PB 0x00000000c0e00000| Untracked 
|  15|0x00000000c0f00000, 0x00000000c1000000, 0x00000000c1000000|100%| O|  |TAMS 0x00000000c0f00000| PB 0x00000000c0f00000| Untracked 
|  16|0x00000000c1000000, 0x00000000c1100000, 0x00000000c1100000|100%| O|  |TAMS 0x00000000c1000000| PB 0x00000000c1000000| Untracked 
|  17|0x00000000c1100000, 0x00000000c1200000, 0x00000000c1200000|100%| O|  |TAMS 0x00000000c1100000| PB 0x00000000c1100000| Untracked 
|  18|0x00000000c1200000, 0x00000000c1300000, 0x00000000c1300000|100%| O|  |TAMS 0x00000000c1200000| PB 0x00000000c1200000| Untracked 
|  19|0x00000000c1300000, 0x00000000c1400000, 0x00000000c1400000|100%| O|  |TAMS 0x00000000c1300000| PB 0x00000000c1300000| Untracked 
|  20|0x00000000c1400000, 0x00000000c1400000, 0x00000000c1500000|  0%| F|  |TAMS 0x00000000c1400000| PB 0x00000000c1400000| Untracked 
|  21|0x00000000c1500000, 0x00000000c1600000, 0x00000000c1600000|100%|HS|  |TAMS 0x00000000c1500000| PB 0x00000000c1500000| Complete 
|  22|0x00000000c1600000, 0x00000000c1700000, 0x00000000c1700000|100%|HS|  |TAMS 0x00000000c1600000| PB 0x00000000c1600000| Complete 
|  23|0x00000000c1700000, 0x00000000c1800000, 0x00000000c1800000|100%|HS|  |TAMS 0x00000000c1700000| PB 0x00000000c1700000| Complete 
|  24|0x00000000c1800000, 0x00000000c1900000, 0x00000000c1900000|100%|HC|  |TAMS 0x00000000c1800000| PB 0x00000000c1800000| Complete 
|  25|0x00000000c1900000, 0x00000000c1a00000, 0x00000000c1a00000|100%| O|  |TAMS 0x00000000c1900000| PB 0x00000000c1900000| Untracked 
|  26|0x00000000c1a00000, 0x00000000c1b00000, 0x00000000c1b00000|100%| O|  |TAMS 0x00000000c1a00000| PB 0x00000000c1a00000| Untracked 
|  27|0x00000000c1b00000, 0x00000000c1c00000, 0x00000000c1c00000|100%| O|  |TAMS 0x00000000c1b00000| PB 0x00000000c1b00000| Untracked 
|  28|0x00000000c1c00000, 0x00000000c1d00000, 0x00000000c1d00000|100%| O|  |TAMS 0x00000000c1c00000| PB 0x00000000c1c00000| Untracked 
|  29|0x00000000c1d00000, 0x00000000c1e00000, 0x00000000c1e00000|100%| O|  |TAMS 0x00000000c1d00000| PB 0x00000000c1d00000| Untracked 
|  30|0x00000000c1e00000, 0x00000000c1f00000, 0x00000000c1f00000|100%| O|  |TAMS 0x00000000c1e00000| PB 0x00000000c1e00000| Untracked 
|  31|0x00000000c1f00000, 0x00000000c2000000, 0x00000000c2000000|100%| O|  |TAMS 0x00000000c1f00000| PB 0x00000000c1f00000| Untracked 
|  32|0x00000000c2000000, 0x00000000c2100000, 0x00000000c2100000|100%| O|  |TAMS 0x00000000c2000000| PB 0x00000000c2000000| Untracked 
|  33|0x00000000c2100000, 0x00000000c2200000, 0x00000000c2200000|100%| O|  |TAMS 0x00000000c2100000| PB 0x00000000c2100000| Untracked 
|  34|0x00000000c2200000, 0x00000000c2300000, 0x00000000c2300000|100%| O|  |TAMS 0x00000000c2200000| PB 0x00000000c2200000| Untracked 
|  35|0x00000000c2300000, 0x00000000c2400000, 0x00000000c2400000|100%| O|  |TAMS 0x00000000c2300000| PB 0x00000000c2300000| Untracked 
|  36|0x00000000c2400000, 0x00000000c2500000, 0x00000000c2500000|100%| O|  |TAMS 0x00000000c2400000| PB 0x00000000c2400000| Untracked 
|  37|0x00000000c2500000, 0x00000000c2600000, 0x00000000c2600000|100%| O|  |TAMS 0x00000000c2500000| PB 0x00000000c2500000| Untracked 
|  38|0x00000000c2600000, 0x00000000c2700000, 0x00000000c2700000|100%| O|  |TAMS 0x00000000c2600000| PB 0x00000000c2600000| Untracked 
|  39|0x00000000c2700000, 0x00000000c2700000, 0x00000000c2800000|  0%| F|  |TAMS 0x00000000c2700000| PB 0x00000000c2700000| Untracked 
|  40|0x00000000c2800000, 0x00000000c2800000, 0x00000000c2900000|  0%| F|  |TAMS 0x00000000c2800000| PB 0x00000000c2800000| Untracked 
|  41|0x00000000c2900000, 0x00000000c2900000, 0x00000000c2a00000|  0%| F|  |TAMS 0x00000000c2900000| PB 0x00000000c2900000| Untracked 
|  42|0x00000000c2a00000, 0x00000000c2a00000, 0x00000000c2b00000|  0%| F|  |TAMS 0x00000000c2a00000| PB 0x00000000c2a00000| Untracked 
|  43|0x00000000c2b00000, 0x00000000c2b00000, 0x00000000c2c00000|  0%| F|  |TAMS 0x00000000c2b00000| PB 0x00000000c2b00000| Untracked 
|  44|0x00000000c2c00000, 0x00000000c2c00000, 0x00000000c2d00000|  0%| F|  |TAMS 0x00000000c2c00000| PB 0x00000000c2c00000| Untracked 
|  45|0x00000000c2d00000, 0x00000000c2d00000, 0x00000000c2e00000|  0%| F|  |TAMS 0x00000000c2d00000| PB 0x00000000c2d00000| Untracked 
|  46|0x00000000c2e00000, 0x00000000c2e00000, 0x00000000c2f00000|  0%| F|  |TAMS 0x00000000c2e00000| PB 0x00000000c2e00000| Untracked 
|  47|0x00000000c2f00000, 0x00000000c2f515f8, 0x00000000c3000000| 31%| S|CS|TAMS 0x00000000c2f00000| PB 0x00000000c2f00000| Complete 
|  48|0x00000000c3000000, 0x00000000c3100000, 0x00000000c3100000|100%| S|CS|TAMS 0x00000000c3000000| PB 0x00000000c3000000| Complete 
|  49|0x00000000c3100000, 0x00000000c3100000, 0x00000000c3200000|  0%| F|  |TAMS 0x00000000c3100000| PB 0x00000000c3100000| Untracked 
|  50|0x00000000c3200000, 0x00000000c3200000, 0x00000000c3300000|  0%| F|  |TAMS 0x00000000c3200000| PB 0x00000000c3200000| Untracked 
|  51|0x00000000c3300000, 0x00000000c3300000, 0x00000000c3400000|  0%| F|  |TAMS 0x00000000c3300000| PB 0x00000000c3300000| Untracked 
|  52|0x00000000c3400000, 0x00000000c3400000, 0x00000000c3500000|  0%| F|  |TAMS 0x00000000c3400000| PB 0x00000000c3400000| Untracked 
|  53|0x00000000c3500000, 0x00000000c3500000, 0x00000000c3600000|  0%| F|  |TAMS 0x00000000c3500000| PB 0x00000000c3500000| Untracked 
|  54|0x00000000c3600000, 0x00000000c3600000, 0x00000000c3700000|  0%| F|  |TAMS 0x00000000c3600000| PB 0x00000000c3600000| Untracked 
|  55|0x00000000c3700000, 0x00000000c3700000, 0x00000000c3800000|  0%| F|  |TAMS 0x00000000c3700000| PB 0x00000000c3700000| Untracked 
|  56|0x00000000c3800000, 0x00000000c3800000, 0x00000000c3900000|  0%| F|  |TAMS 0x00000000c3800000| PB 0x00000000c3800000| Untracked 
|  57|0x00000000c3900000, 0x00000000c3900000, 0x00000000c3a00000|  0%| F|  |TAMS 0x00000000c3900000| PB 0x00000000c3900000| Untracked 
|  58|0x00000000c3a00000, 0x00000000c3a00000, 0x00000000c3b00000|  0%| F|  |TAMS 0x00000000c3a00000| PB 0x00000000c3a00000| Untracked 
|  59|0x00000000c3b00000, 0x00000000c3b00000, 0x00000000c3c00000|  0%| F|  |TAMS 0x00000000c3b00000| PB 0x00000000c3b00000| Untracked 
|  60|0x00000000c3c00000, 0x00000000c3c00000, 0x00000000c3d00000|  0%| F|  |TAMS 0x00000000c3c00000| PB 0x00000000c3c00000| Untracked 
|  61|0x00000000c3d00000, 0x00000000c3d00000, 0x00000000c3e00000|  0%| F|  |TAMS 0x00000000c3d00000| PB 0x00000000c3d00000| Untracked 
|  62|0x00000000c3e00000, 0x00000000c3e00000, 0x00000000c3f00000|  0%| F|  |TAMS 0x00000000c3e00000| PB 0x00000000c3e00000| Untracked 
|  63|0x00000000c3f00000, 0x00000000c3f00000, 0x00000000c4000000|  0%| F|  |TAMS 0x00000000c3f00000| PB 0x00000000c3f00000| Untracked 
|  64|0x00000000c4000000, 0x00000000c4000000, 0x00000000c4100000|  0%| F|  |TAMS 0x00000000c4000000| PB 0x00000000c4000000| Untracked 
|  65|0x00000000c4100000, 0x00000000c4100000, 0x00000000c4200000|  0%| F|  |TAMS 0x00000000c4100000| PB 0x00000000c4100000| Untracked 
|  66|0x00000000c4200000, 0x00000000c4200000, 0x00000000c4300000|  0%| F|  |TAMS 0x00000000c4200000| PB 0x00000000c4200000| Untracked 
|  67|0x00000000c4300000, 0x00000000c4300000, 0x00000000c4400000|  0%| F|  |TAMS 0x00000000c4300000| PB 0x00000000c4300000| Untracked 
|  68|0x00000000c4400000, 0x00000000c4400000, 0x00000000c4500000|  0%| F|  |TAMS 0x00000000c4400000| PB 0x00000000c4400000| Untracked 
|  69|0x00000000c4500000, 0x00000000c4500000, 0x00000000c4600000|  0%| F|  |TAMS 0x00000000c4500000| PB 0x00000000c4500000| Untracked 
|1019|0x00000000ffb00000, 0x00000000ffc00000, 0x00000000ffc00000|100%| O|  |TAMS 0x00000000ffb00000| PB 0x00000000ffb00000| Untracked 
|1020|0x00000000ffc00000, 0x00000000ffd00000, 0x00000000ffd00000|100%| O|  |TAMS 0x00000000ffc00000| PB 0x00000000ffc00000| Untracked 
|1021|0x00000000ffd00000, 0x00000000ffe00000, 0x00000000ffe00000|100%| O|  |TAMS 0x00000000ffd00000| PB 0x00000000ffd00000| Untracked 
|1022|0x00000000ffe00000, 0x00000000fff00000, 0x00000000fff00000|100%| O|  |TAMS 0x00000000ffe00000| PB 0x00000000ffe00000| Untracked 
|1023|0x00000000fff00000, 0x0000000100000000, 0x0000000100000000|100%| O|  |TAMS 0x00000000fff00000| PB 0x00000000fff00000| Untracked 

Card table byte_map: [0x0000019c75a60000,0x0000019c75c60000] _byte_map_base: 0x0000019c75460000

Marking Bits: (CMBitMap*) 0x0000019c5de742c0
 Bits: [0x0000019c75c60000, 0x0000019c76c60000)

Polling page: 0x0000019c5bde0000

Metaspace:

Usage:
  Non-class:     73.33 MB used.
      Class:      9.24 MB used.
       Both:     82.57 MB used.

Virtual space:
  Non-class space:      128.00 MB reserved,      73.69 MB ( 58%) committed,  2 nodes.
      Class space:        1.00 GB reserved,       9.56 MB ( <1%) committed,  1 nodes.
             Both:        1.12 GB reserved,      83.25 MB (  7%) committed. 

Chunk freelists:
   Non-Class:  5.39 MB
       Class:  6.28 MB
        Both:  11.67 MB

MaxMetaspaceSize: unlimited
CompressedClassSpaceSize: 1.00 GB
Initial GC threshold: 21.00 MB
Current GC threshold: 121.69 MB
CDS: on
 - commit_granule_bytes: 65536.
 - commit_granule_words: 8192.
 - virtual_space_node_default_size: 8388608.
 - enlarge_chunks_in_place: 1.
 - use_allocation_guard: 0.


Internal statistics:

num_allocs_failed_limit: 9.
num_arena_births: 926.
num_arena_deaths: 0.
num_vsnodes_births: 3.
num_vsnodes_deaths: 0.
num_space_committed: 1332.
num_space_uncommitted: 0.
num_chunks_returned_to_freelist: 9.
num_chunks_taken_from_freelist: 3956.
num_chunk_merges: 9.
num_chunk_splits: 2940.
num_chunks_enlarged: 2262.
num_inconsistent_stats: 0.

CodeHeap 'non-profiled nmethods': size=120000Kb used=3546Kb max_used=3641Kb free=116453Kb
 bounds [0x0000019c6e000000, 0x0000019c6e390000, 0x0000019c75530000]
CodeHeap 'profiled nmethods': size=120000Kb used=11834Kb max_used=12162Kb free=108165Kb
 bounds [0x0000019c66530000, 0x0000019c67120000, 0x0000019c6da60000]
CodeHeap 'non-nmethods': size=5760Kb used=1849Kb max_used=1883Kb free=3910Kb
 bounds [0x0000019c6da60000, 0x0000019c6dcd0000, 0x0000019c6e000000]
 total_blobs=7340 nmethods=6504 adapters=739
 compilation: enabled
              stopped_count=0, restarted_count=0
 full_count=0

Compilation events (20 events):
Event: 13.736 Thread 0x0000019c79654de0 7212       3       scala.collection.mutable.Growable::$plus$plus$eq$ (6 bytes)
Event: 13.736 Thread 0x0000019c79654de0 nmethod 7212 0x0000019c6662c910 code [0x0000019c6662cac0, 0x0000019c6662cd30]
Event: 13.736 Thread 0x0000019c79654de0 7213       3       scala.collection.mutable.Growable::$plus$plus$eq (8 bytes)
Event: 13.736 Thread 0x0000019c79654de0 nmethod 7213 0x0000019c669fca90 code [0x0000019c669fcc40, 0x0000019c669fce08]
Event: 13.744 Thread 0x0000019c79654de0 7214       1       scala.collection.mutable.ListBuffer::first_$eq (6 bytes)
Event: 13.744 Thread 0x0000019c79654de0 nmethod 7214 0x0000019c6e156010 code [0x0000019c6e1561a0, 0x0000019c6e1562b0]
Event: 13.808 Thread 0x0000019c79652340 7215       4       java.net.URLClassLoader::getAndVerifyPackage (109 bytes)
Event: 13.863 Thread 0x0000019c79652340 nmethod 7215 0x0000019c6e16e910 code [0x0000019c6e16ec60, 0x0000019c6e1704f0]
Event: 13.998 Thread 0x0000019c79652340 7216       4       java.lang.ref.Reference::enqueueFromPending (19 bytes)
Event: 14.001 Thread 0x0000019c79654de0 7217       3       java.util.Collections$UnmodifiableCollection::<init> (22 bytes)
Event: 14.002 Thread 0x0000019c79654de0 nmethod 7217 0x0000019c669d4610 code [0x0000019c669d47e0, 0x0000019c669d4a98]
Event: 14.004 Thread 0x0000019c79654de0 7218       3       jdk.internal.reflect.DirectMethodHandleAccessor::checkArgumentCount (53 bytes)
Event: 14.006 Thread 0x0000019c79654de0 nmethod 7218 0x0000019c66671e10 code [0x0000019c66672080, 0x0000019c666727d8]
Event: 14.068 Thread 0x0000019c79652340 nmethod 7216 0x0000019c6e145310 code [0x0000019c6e1455a0, 0x0000019c6e146678]
Event: 14.120 Thread 0x0000019c79652340 7219       4       java.io.WinNTFileSystem::resolve (326 bytes)
Event: 14.138 Thread 0x0000019c79652340 nmethod 7219 0x0000019c6e143290 code [0x0000019c6e143500, 0x0000019c6e1446c8]
Event: 14.183 Thread 0x0000019c79652340 7220       4       java.io.File::exists (34 bytes)
Event: 14.188 Thread 0x0000019c79652340 nmethod 7220 0x0000019c6e142910 code [0x0000019c6e142ae0, 0x0000019c6e142f18]
Event: 14.407 Thread 0x0000019c79652340 7221       4       java.lang.ref.ReferenceQueue::poll0 (65 bytes)
Event: 14.412 Thread 0x0000019c79652340 nmethod 7221 0x0000019c6e155810 code [0x0000019c6e1559a0, 0x0000019c6e155cf8]

GC Heap History (20 events):
Event: 4.633 GC heap after
{Heap after GC invocations=7 (full 0):
 garbage-first heap   total 58368K, used 20992K [0x00000000c0000000, 0x0000000100000000)
  region size 1024K, 2 young (2048K), 2 survivors (2048K)
 Metaspace       used 35735K, committed 35968K, reserved 1114112K
  class space    used 3615K, committed 3776K, reserved 1048576K
}
Event: 5.558 GC heap before
{Heap before GC invocations=8 (full 0):
 garbage-first heap   total 58368K, used 47616K [0x00000000c0000000, 0x0000000100000000)
  region size 1024K, 28 young (28672K), 2 survivors (2048K)
 Metaspace       used 42325K, committed 42688K, reserved 1114112K
  class space    used 4376K, committed 4544K, reserved 1048576K
}
Event: 5.566 GC heap after
{Heap after GC invocations=9 (full 0):
 garbage-first heap   total 58368K, used 23725K [0x00000000c0000000, 0x0000000100000000)
  region size 1024K, 4 young (4096K), 4 survivors (4096K)
 Metaspace       used 42325K, committed 42688K, reserved 1114112K
  class space    used 4376K, committed 4544K, reserved 1048576K
}
Event: 6.195 GC heap before
{Heap before GC invocations=9 (full 0):
 garbage-first heap   total 58368K, used 48301K [0x00000000c0000000, 0x0000000100000000)
  region size 1024K, 28 young (28672K), 4 survivors (4096K)
 Metaspace       used 46320K, committed 46784K, reserved 1114112K
  class space    used 4891K, committed 5120K, reserved 1048576K
}
Event: 6.204 GC heap after
{Heap after GC invocations=10 (full 0):
 garbage-first heap   total 58368K, used 26043K [0x00000000c0000000, 0x0000000100000000)
  region size 1024K, 3 young (3072K), 3 survivors (3072K)
 Metaspace       used 46320K, committed 46784K, reserved 1114112K
  class space    used 4891K, committed 5120K, reserved 1048576K
}
Event: 7.268 GC heap before
{Heap before GC invocations=10 (full 0):
 garbage-first heap   total 58368K, used 48571K [0x00000000c0000000, 0x0000000100000000)
  region size 1024K, 26 young (26624K), 3 survivors (3072K)
 Metaspace       used 52901K, committed 53504K, reserved 1114112K
  class space    used 5796K, committed 6080K, reserved 1048576K
}
Event: 7.278 GC heap after
{Heap after GC invocations=11 (full 0):
 garbage-first heap   total 76800K, used 28732K [0x00000000c0000000, 0x0000000100000000)
  region size 1024K, 3 young (3072K), 3 survivors (3072K)
 Metaspace       used 52901K, committed 53504K, reserved 1114112K
  class space    used 5796K, committed 6080K, reserved 1048576K
}
Event: 7.953 GC heap before
{Heap before GC invocations=11 (full 0):
 garbage-first heap   total 76800K, used 53308K [0x00000000c0000000, 0x0000000100000000)
  region size 1024K, 22 young (22528K), 3 survivors (3072K)
 Metaspace       used 55888K, committed 56512K, reserved 1114112K
  class space    used 6200K, committed 6528K, reserved 1048576K
}
Event: 7.959 GC heap after
{Heap after GC invocations=12 (full 0):
 garbage-first heap   total 76800K, used 37662K [0x00000000c0000000, 0x0000000100000000)
  region size 1024K, 5 young (5120K), 5 survivors (5120K)
 Metaspace       used 55888K, committed 56512K, reserved 1114112K
  class space    used 6200K, committed 6528K, reserved 1048576K
}
Event: 8.819 GC heap before
{Heap before GC invocations=12 (full 0):
 garbage-first heap   total 76800K, used 61214K [0x00000000c0000000, 0x0000000100000000)
  region size 1024K, 27 young (27648K), 5 survivors (5120K)
 Metaspace       used 59485K, committed 60096K, reserved 1114112K
  class space    used 6633K, committed 6912K, reserved 1048576K
}
Event: 8.823 GC heap after
{Heap after GC invocations=13 (full 0):
 garbage-first heap   total 76800K, used 37318K [0x00000000c0000000, 0x0000000100000000)
  region size 1024K, 2 young (2048K), 2 survivors (2048K)
 Metaspace       used 59485K, committed 60096K, reserved 1114112K
  class space    used 6633K, committed 6912K, reserved 1048576K
}
Event: 10.548 GC heap before
{Heap before GC invocations=14 (full 0):
 garbage-first heap   total 76800K, used 64966K [0x00000000c0000000, 0x0000000100000000)
  region size 1024K, 30 young (30720K), 2 survivors (2048K)
 Metaspace       used 65398K, committed 66048K, reserved 1114112K
  class space    used 7175K, committed 7424K, reserved 1048576K
}
Event: 10.572 GC heap after
{Heap after GC invocations=15 (full 0):
 garbage-first heap   total 76800K, used 41778K [0x00000000c0000000, 0x0000000100000000)
  region size 1024K, 4 young (4096K), 4 survivors (4096K)
 Metaspace       used 65398K, committed 66048K, reserved 1114112K
  class space    used 7175K, committed 7424K, reserved 1048576K
}
Event: 11.667 GC heap before
{Heap before GC invocations=15 (full 0):
 garbage-first heap   total 76800K, used 65330K [0x00000000c0000000, 0x0000000100000000)
  region size 1024K, 28 young (28672K), 4 survivors (4096K)
 Metaspace       used 69685K, committed 70400K, reserved 1114112K
  class space    used 7678K, committed 8000K, reserved 1048576K
}
Event: 11.684 GC heap after
{Heap after GC invocations=16 (full 0):
 garbage-first heap   total 76800K, used 42507K [0x00000000c0000000, 0x0000000100000000)
  region size 1024K, 2 young (2048K), 2 survivors (2048K)
 Metaspace       used 69685K, committed 70400K, reserved 1114112K
  class space    used 7678K, committed 8000K, reserved 1048576K
}
Event: 12.650 GC heap before
{Heap before GC invocations=16 (full 0):
 garbage-first heap   total 76800K, used 66059K [0x00000000c0000000, 0x0000000100000000)
  region size 1024K, 26 young (26624K), 2 survivors (2048K)
 Metaspace       used 73910K, committed 74624K, reserved 1179648K
  class space    used 8309K, committed 8640K, reserved 1048576K
}
Event: 12.661 GC heap after
{Heap after GC invocations=17 (full 0):
 garbage-first heap   total 76800K, used 43672K [0x00000000c0000000, 0x0000000100000000)
  region size 1024K, 3 young (3072K), 3 survivors (3072K)
 Metaspace       used 73910K, committed 74624K, reserved 1179648K
  class space    used 8309K, committed 8640K, reserved 1048576K
}
Event: 13.943 GC heap before
{Heap before GC invocations=18 (full 0):
 garbage-first heap   total 76800K, used 68248K [0x00000000c0000000, 0x0000000100000000)
  region size 1024K, 27 young (27648K), 3 survivors (3072K)
 Metaspace       used 78033K, committed 78720K, reserved 1179648K
  class space    used 9025K, committed 9344K, reserved 1048576K
}
Event: 13.997 GC heap after
{Heap after GC invocations=19 (full 0):
 garbage-first heap   total 76800K, used 45636K [0x00000000c0000000, 0x0000000100000000)
  region size 1024K, 3 young (3072K), 3 survivors (3072K)
 Metaspace       used 78033K, committed 78720K, reserved 1179648K
  class space    used 9025K, committed 9344K, reserved 1048576K
}
Event: 14.788 GC heap before
{Heap before GC invocations=19 (full 0):
 garbage-first heap   total 76800K, used 66116K [0x00000000c0000000, 0x0000000100000000)
  region size 1024K, 24 young (24576K), 3 survivors (3072K)
 Metaspace       used 84547K, committed 85248K, reserved 1179648K
  class space    used 9459K, committed 9792K, reserved 1048576K
}

Dll operation events (11 events):
Event: 0.011 Loaded shared library C:\Program Files\Eclipse Adoptium\jdk-21.0.5.11-hotspot\bin\java.dll
Event: 0.054 Loaded shared library C:\Program Files\Eclipse Adoptium\jdk-21.0.5.11-hotspot\bin\jsvml.dll
Event: 0.078 Loaded shared library C:\Program Files\Eclipse Adoptium\jdk-21.0.5.11-hotspot\bin\net.dll
Event: 0.080 Loaded shared library C:\Program Files\Eclipse Adoptium\jdk-21.0.5.11-hotspot\bin\nio.dll
Event: 0.091 Loaded shared library C:\Program Files\Eclipse Adoptium\jdk-21.0.5.11-hotspot\bin\zip.dll
Event: 0.625 Loaded shared library C:\Program Files\Eclipse Adoptium\jdk-21.0.5.11-hotspot\bin\jimage.dll
Event: 3.608 Loaded shared library C:\Program Files\Eclipse Adoptium\jdk-21.0.5.11-hotspot\bin\verify.dll
Event: 5.475 Loaded shared library C:\Program Files\Eclipse Adoptium\jdk-21.0.5.11-hotspot\bin\management.dll
Event: 5.493 Loaded shared library C:\Program Files\Eclipse Adoptium\jdk-21.0.5.11-hotspot\bin\management_ext.dll
Event: 6.256 Loaded shared library C:\Program Files\Eclipse Adoptium\jdk-21.0.5.11-hotspot\bin\extnet.dll
Event: 6.538 Loaded shared library C:\Program Files\Eclipse Adoptium\jdk-21.0.5.11-hotspot\bin\sunmscapi.dll

Deoptimization events (20 events):
Event: 13.056 Thread 0x0000019c43604970 Uncommon trap: trap_request=0xffffff45 fr.pc=0x0000019c6e319fb4 relative=0x00000000000001f4
Event: 13.056 Thread 0x0000019c43604970 Uncommon trap: reason=unstable_if action=reinterpret pc=0x0000019c6e319fb4 method=java.lang.Integer.getChars(II[B)I @ 4 c2
Event: 13.056 Thread 0x0000019c43604970 DEOPT PACKING pc=0x0000019c6e319fb4 sp=0x00000088413fd590
Event: 13.056 Thread 0x0000019c43604970 DEOPT UNPACKING pc=0x0000019c6dab46a2 sp=0x00000088413fd508 mode 2
Event: 13.196 Thread 0x0000019c43604970 Uncommon trap: trap_request=0xffffffde fr.pc=0x0000019c6e35bb98 relative=0x0000000000000398
Event: 13.196 Thread 0x0000019c43604970 Uncommon trap: reason=class_check action=maybe_recompile pc=0x0000019c6e35bb98 method=java.util.regex.Matcher.match(II)Z @ 121 c2
Event: 13.196 Thread 0x0000019c43604970 DEOPT PACKING pc=0x0000019c6e35bb98 sp=0x00000088413fc110
Event: 13.196 Thread 0x0000019c43604970 DEOPT UNPACKING pc=0x0000019c6dab46a2 sp=0x00000088413fc098 mode 2
Event: 13.197 Thread 0x0000019c43604970 Uncommon trap: trap_request=0xffffffde fr.pc=0x0000019c6e35bb98 relative=0x0000000000000398
Event: 13.197 Thread 0x0000019c43604970 Uncommon trap: reason=class_check action=maybe_recompile pc=0x0000019c6e35bb98 method=java.util.regex.Matcher.match(II)Z @ 121 c2
Event: 13.197 Thread 0x0000019c43604970 DEOPT PACKING pc=0x0000019c6e35bb98 sp=0x00000088413fc100
Event: 13.197 Thread 0x0000019c43604970 DEOPT UNPACKING pc=0x0000019c6dab46a2 sp=0x00000088413fc088 mode 2
Event: 13.197 Thread 0x0000019c43604970 Uncommon trap: trap_request=0xffffffde fr.pc=0x0000019c6e35bb98 relative=0x0000000000000398
Event: 13.197 Thread 0x0000019c43604970 Uncommon trap: reason=class_check action=maybe_recompile pc=0x0000019c6e35bb98 method=java.util.regex.Matcher.match(II)Z @ 121 c2
Event: 13.198 Thread 0x0000019c43604970 DEOPT PACKING pc=0x0000019c6e35bb98 sp=0x00000088413fc100
Event: 13.198 Thread 0x0000019c43604970 DEOPT UNPACKING pc=0x0000019c6dab46a2 sp=0x00000088413fc088 mode 2
Event: 13.198 Thread 0x0000019c43604970 Uncommon trap: trap_request=0xffffffde fr.pc=0x0000019c6e35bb98 relative=0x0000000000000398
Event: 13.198 Thread 0x0000019c43604970 Uncommon trap: reason=class_check action=maybe_recompile pc=0x0000019c6e35bb98 method=java.util.regex.Matcher.match(II)Z @ 121 c2
Event: 13.198 Thread 0x0000019c43604970 DEOPT PACKING pc=0x0000019c6e35bb98 sp=0x00000088413fc100
Event: 13.198 Thread 0x0000019c43604970 DEOPT UNPACKING pc=0x0000019c6dab46a2 sp=0x00000088413fc088 mode 2

Classes loaded (20 events):
Event: 12.747 Loading class sun/nio/cs/Surrogate
Event: 12.747 Loading class sun/nio/cs/Surrogate done
Event: 12.748 Loading class sun/util/locale/provider/TimeZoneNameUtility
Event: 12.749 Loading class sun/util/locale/provider/TimeZoneNameUtility done
Event: 12.750 Loading class sun/util/locale/provider/TimeZoneNameUtility$TimeZoneNameGetter
Event: 12.750 Loading class sun/util/locale/provider/TimeZoneNameUtility$TimeZoneNameGetter done
Event: 12.754 Loading class sun/util/resources/cldr/TimeZoneNames
Event: 12.758 Loading class sun/util/resources/TimeZoneNamesBundle
Event: 12.759 Loading class sun/util/resources/OpenListResourceBundle
Event: 12.759 Loading class sun/util/resources/OpenListResourceBundle done
Event: 12.759 Loading class sun/util/resources/TimeZoneNamesBundle done
Event: 12.759 Loading class sun/util/resources/cldr/TimeZoneNames done
Event: 12.760 Loading class sun/util/resources/cldr/TimeZoneNames_en
Event: 12.763 Loading class sun/util/resources/cldr/TimeZoneNames_en done
Event: 12.764 Loading class sun/util/resources/cldr/TimeZoneNames_en_US
Event: 12.764 Loading class sun/util/resources/cldr/TimeZoneNames_en_US done
Event: 12.771 Loading class java/io/FileOutputStream$1
Event: 12.772 Loading class java/io/FileOutputStream$1 done
Event: 12.992 Loading class java/lang/Short$ShortCache
Event: 12.993 Loading class java/lang/Short$ShortCache done

Classes unloaded (0 events):
No events

Classes redefined (0 events):
No events

Internal exceptions (20 events):
Event: 8.903 Thread 0x0000019c43604970 Exception <a 'java/lang/NoSuchMethodError'{0x00000000c4492788}: 'java.lang.Object java.lang.invoke.DirectMethodHandle$Holder.invokeSpecial(java.lang.Object, java.lang.Object, int, java.lang.Object, int)'> (0x00000000c4492788) 
thrown [s\src\hotspot\share\interpreter\linkResolver.cpp, line 773]
Event: 9.696 Thread 0x0000019c43605690 Implicit null exception at 0x0000019c6e2b4cb2 to 0x0000019c6e2b6628
Event: 11.112 Thread 0x0000019c43604970 Exception <a 'java/lang/NoSuchMethodError'{0x00000000c38deae0}: 'java.lang.Object java.lang.invoke.DirectMethodHandle$Holder.invokeStaticInit(java.lang.Object, java.lang.Object, java.lang.Object, java.lang.Object, java.lang.Object, java.lang.Object)'> (0x00000000c38deae0) 
thrown [s\src\hotspot\share\interpreter\linkResolver.cpp, line 773]
Event: 12.093 Thread 0x0000019c43604970 Exception <a 'java/lang/NoSuchMethodError'{0x00000000c3d19500}: 'java.lang.Object java.lang.invoke.DirectMethodHandle$Holder.newInvokeSpecial(java.lang.Object, java.lang.Object, java.lang.Object, java.lang.Object, java.lang.Object, java.lang.Object, java.lang.Object, java.lang.Object, java.lang.Object, java.lang.Object, java.lang.Object, java.lang.Object, java.lang.Object)'> (0x00000000c3d19500) 
thrown [s\src\hotspot\share\interpreter\linkResolver.cpp, line 773]
Event: 12.094 Thread 0x0000019c43604970 Exception <a 'java/lang/NoSuchMethodError'{0x00000000c3d1e7c8}: 'java.lang.Object java.lang.invoke.DirectMethodHandle$Holder.invokeSpecial(java.lang.Object, java.lang.Object, java.lang.Object, java.lang.Object, java.lang.Object, java.lang.Object, java.lang.Object, java.lang.Object, java.lang.Object, java.lang.Object, java.lang.Object, java.lang.Object, java.lang.Object, java.lang.Object)'> (0x00000000c3d1e7c8) 
thrown [s\src\hotspot\share\interpreter\linkResolver.cpp, line 773]
Event: 12.095 Thread 0x0000019c43604970 Exception <a 'java/lang/NoSuchMethodError'{0x00000000c3d22f70}: 'java.lang.Object java.lang.invoke.Invokers$Holder.linkToTargetMethod(java.lang.Object, java.lang.Object, java.lang.Object, java.lang.Object, java.lang.Object, java.lang.Object, java.lang.Object, java.lang.Object, java.lang.Object, java.lang.Object, java.lang.Object, java.lang.Object, java.lang.Object)'> (0x00000000c3d22f70) 
thrown [s\src\hotspot\share\interpreter\linkResolver.cpp, line 773]
Event: 12.130 Thread 0x0000019c43604970 Exception <a 'java/lang/NoSuchMethodError'{0x00000000c3dd8190}: 'java.lang.Object java.lang.invoke.DirectMethodHandle$Holder.newInvokeSpecial(java.lang.Object, java.lang.Object, java.lang.Object, java.lang.Object, java.lang.Object, java.lang.Object, java.lang.Object, java.lang.Object, java.lang.Object, java.lang.Object, java.lang.Object, java.lang.Object, java.lang.Object, java.lang.Object, java.lang.Object)'> (0x00000000c3dd8190) 
thrown [s\src\hotspot\share\interpreter\linkResolver.cpp, line 773]
Event: 12.131 Thread 0x0000019c43604970 Exception <a 'java/lang/NoSuchMethodError'{0x00000000c3ddda98}: 'java.lang.Object java.lang.invoke.DirectMethodHandle$Holder.invokeSpecial(java.lang.Object, java.lang.Object, java.lang.Object, java.lang.Object, java.lang.Object, java.lang.Object, java.lang.Object, java.lang.Object, java.lang.Object, java.lang.Object, java.lang.Object, java.lang.Object, java.lang.Object, java.lang.Object, java.lang.Object, java.lang.Object)'> (0x00000000c3ddda98) 
thrown [s\src\hotspot\share\interpreter\linkResolver.cpp, li
Event: 12.131 Thread 0x0000019c43604970 Exception <a 'java/lang/NoSuchMethodError'{0x00000000c3de2520}: 'java.lang.Object java.lang.invoke.Invokers$Holder.linkToTargetMethod(java.lang.Object, java.lang.Object, java.lang.Object, java.lang.Object, java.lang.Object, java.lang.Object, java.lang.Object, java.lang.Object, java.lang.Object, java.lang.Object, java.lang.Object, java.lang.Object, java.lang.Object, java.lang.Object, java.lang.Object)'> (0x00000000c3de2520) 
thrown [s\src\hotspot\share\interpreter\linkResolver.cpp, line 773]
Event: 12.710 Thread 0x0000019c43604970 Exception <a 'java/lang/NoSuchMethodError'{0x00000000c458f548}: 'java.lang.Object java.lang.invoke.DirectMethodHandle$Holder.invokeStatic(java.lang.Object, java.lang.Object, java.lang.Object, java.lang.Object, java.lang.Object, long, java.lang.Object)'> (0x00000000c458f548) 
thrown [s\src\hotspot\share\interpreter\linkResolver.cpp, line 773]
Event: 12.712 Thread 0x0000019c43604970 Exception <a 'java/lang/NoSuchMethodError'{0x00000000c4598d00}: 'java.lang.Object java.lang.invoke.DirectMethodHandle$Holder.newInvokeSpecial(java.lang.Object, java.lang.Object, java.lang.Object, java.lang.Object, java.lang.Object, long)'> (0x00000000c4598d00) 
thrown [s\src\hotspot\share\interpreter\linkResolver.cpp, line 773]
Event: 12.713 Thread 0x0000019c43604970 Exception <a 'java/lang/NoSuchMethodError'{0x00000000c459d2a0}: 'java.lang.Object java.lang.invoke.DirectMethodHandle$Holder.invokeSpecial(java.lang.Object, java.lang.Object, java.lang.Object, java.lang.Object, java.lang.Object, java.lang.Object, long)'> (0x00000000c459d2a0) 
thrown [s\src\hotspot\share\interpreter\linkResolver.cpp, line 773]
Event: 12.713 Thread 0x0000019c43604970 Exception <a 'java/lang/NoSuchMethodError'{0x00000000c45a1098}: 'java.lang.Object java.lang.invoke.Invokers$Holder.linkToTargetMethod(java.lang.Object, java.lang.Object, java.lang.Object, java.lang.Object, long, java.lang.Object)'> (0x00000000c45a1098) 
thrown [s\src\hotspot\share\interpreter\linkResolver.cpp, line 773]
Event: 12.957 Thread 0x0000019c43604970 Implicit null exception at 0x0000019c6e01a920 to 0x0000019c6e01af60
Event: 13.320 Thread 0x0000019c43604970 Exception <a 'java/lang/NoSuchMethodError'{0x00000000c3cd83c8}: 'int java.lang.invoke.DirectMethodHandle$Holder.invokeStatic(java.lang.Object, long)'> (0x00000000c3cd83c8) 
thrown [s\src\hotspot\share\interpreter\linkResolver.cpp, line 773]
Event: 13.333 Thread 0x0000019c43604970 Exception <a 'java/lang/NoSuchMethodError'{0x00000000c3b08820}: 'java.lang.Object java.lang.invoke.DirectMethodHandle$Holder.invokeSpecialIFC(java.lang.Object, java.lang.Object, java.lang.Object, int, java.lang.Object)'> (0x00000000c3b08820) 
thrown [s\src\hotspot\share\interpreter\linkResolver.cpp, line 773]
Event: 13.339 Thread 0x0000019c43604970 Exception <a 'java/lang/NoSuchMethodError'{0x00000000c3b14598}: 'java.lang.Object java.lang.invoke.DirectMethodHandle$Holder.invokeSpecial(java.lang.Object, java.lang.Object, java.lang.Object, java.lang.Object, java.lang.Object, java.lang.Object, java.lang.Object, java.lang.Object, java.lang.Object, java.lang.Object, java.lang.Object, java.lang.Object, java.lang.Object)'> (0x00000000c3b14598) 
thrown [s\src\hotspot\share\interpreter\linkResolver.cpp, line 773]
Event: 13.342 Thread 0x0000019c43604970 Exception <a 'java/lang/NoSuchMethodError'{0x00000000c3b1f688}: 'java.lang.Object java.lang.invoke.DirectMethodHandle$Holder.newInvokeSpecial(java.lang.Object, java.lang.Object, java.lang.Object, java.lang.Object, java.lang.Object, java.lang.Object, java.lang.Object, java.lang.Object, java.lang.Object, java.lang.Object, java.lang.Object)'> (0x00000000c3b1f688) 
thrown [s\src\hotspot\share\interpreter\linkResolver.cpp, line 773]
Event: 13.677 Thread 0x0000019c43604970 Exception <a 'java/lang/NoSuchMethodError'{0x00000000c34b1d18}: 'java.lang.Object java.lang.invoke.DirectMethodHandle$Holder.invokeStatic(java.lang.Object, int, java.lang.Object, java.lang.Object)'> (0x00000000c34b1d18) 
thrown [s\src\hotspot\share\interpreter\linkResolver.cpp, line 773]
Event: 13.677 Thread 0x0000019c43604970 Exception <a 'java/lang/NoSuchMethodError'{0x00000000c34ba8e0}: 'java.lang.Object java.lang.invoke.DirectMethodHandle$Holder.newInvokeSpecial(java.lang.Object, int, java.lang.Object)'> (0x00000000c34ba8e0) 
thrown [s\src\hotspot\share\interpreter\linkResolver.cpp, line 773]

ZGC Phase Switch (0 events):
No events

VM Operations (20 events):
Event: 11.978 Executing VM operation: HandshakeAllThreads (Deoptimize) done
Event: 11.996 Executing VM operation: HandshakeAllThreads (Deoptimize)
Event: 11.996 Executing VM operation: HandshakeAllThreads (Deoptimize) done
Event: 11.997 Executing VM operation: HandshakeAllThreads (Deoptimize)
Event: 11.997 Executing VM operation: HandshakeAllThreads (Deoptimize) done
Event: 12.471 Executing VM operation: ICBufferFull
Event: 12.471 Executing VM operation: ICBufferFull done
Event: 12.649 Executing VM operation: G1CollectForAllocation (G1 Evacuation Pause)
Event: 12.662 Executing VM operation: G1CollectForAllocation (G1 Evacuation Pause) done
Event: 12.726 Executing VM operation: G1PauseRemark
Event: 12.741 Executing VM operation: G1PauseRemark done
Event: 12.751 Executing VM operation: G1PauseCleanup
Event: 12.753 Executing VM operation: G1PauseCleanup done
Event: 13.754 Executing VM operation: Cleanup
Event: 13.754 Executing VM operation: Cleanup done
Event: 13.943 Executing VM operation: G1CollectForAllocation (G1 Evacuation Pause)
Event: 13.997 Executing VM operation: G1CollectForAllocation (G1 Evacuation Pause) done
Event: 14.760 Executing VM operation: HandshakeAllThreads (Deoptimize)
Event: 14.761 Executing VM operation: HandshakeAllThreads (Deoptimize) done
Event: 14.788 Executing VM operation: G1CollectForAllocation (G1 Evacuation Pause)

Memory protections (0 events):
No events

Nmethod flushes (20 events):
Event: 12.738 Thread 0x0000019c5df0b8c0 flushing  nmethod 0x0000019c669e7c90
Event: 12.738 Thread 0x0000019c5df0b8c0 flushing osr nmethod 0x0000019c669e8d90
Event: 12.738 Thread 0x0000019c5df0b8c0 flushing  nmethod 0x0000019c669f1590
Event: 12.738 Thread 0x0000019c5df0b8c0 flushing  nmethod 0x0000019c66ac6d10
Event: 12.738 Thread 0x0000019c5df0b8c0 flushing  nmethod 0x0000019c66ae3310
Event: 12.738 Thread 0x0000019c5df0b8c0 flushing  nmethod 0x0000019c66b7cf90
Event: 12.738 Thread 0x0000019c5df0b8c0 flushing  nmethod 0x0000019c66b7d310
Event: 12.738 Thread 0x0000019c5df0b8c0 flushing  nmethod 0x0000019c66ba3c10
Event: 12.738 Thread 0x0000019c5df0b8c0 flushing  nmethod 0x0000019c66ba7b90
Event: 12.738 Thread 0x0000019c5df0b8c0 flushing  nmethod 0x0000019c66cf4810
Event: 12.738 Thread 0x0000019c5df0b8c0 flushing  nmethod 0x0000019c66cf5390
Event: 12.738 Thread 0x0000019c5df0b8c0 flushing  nmethod 0x0000019c66d0f610
Event: 12.738 Thread 0x0000019c5df0b8c0 flushing  nmethod 0x0000019c6e109190
Event: 12.738 Thread 0x0000019c5df0b8c0 flushing  nmethod 0x0000019c6e10be10
Event: 12.738 Thread 0x0000019c5df0b8c0 flushing  nmethod 0x0000019c665c4f90
Event: 12.738 Thread 0x0000019c5df0b8c0 flushing  nmethod 0x0000019c665fed90
Event: 12.738 Thread 0x0000019c5df0b8c0 flushing  nmethod 0x0000019c665ff790
Event: 12.738 Thread 0x0000019c5df0b8c0 flushing  nmethod 0x0000019c66602190
Event: 12.738 Thread 0x0000019c5df0b8c0 flushing  nmethod 0x0000019c6660ca10
Event: 12.738 Thread 0x0000019c5df0b8c0 flushing  nmethod 0x0000019c666d8c10

Events (20 events):
Event: 6.451 Thread 0x0000019c5bbbb000 Thread added: 0x0000019c41a1d580
Event: 6.451 Thread 0x0000019c5bbbb000 Thread added: 0x0000019c41a1e2a0
Event: 6.451 Thread 0x0000019c5bbbb000 Thread added: 0x0000019c41a21720
Event: 6.451 Thread 0x0000019c5bbbb000 Thread added: 0x0000019c41a21db0
Event: 6.451 Thread 0x0000019c5bbbb000 Thread added: 0x0000019c41a1cef0
Event: 6.451 Thread 0x0000019c5bbbb000 Thread added: 0x0000019c41a1b4b0
Event: 6.451 Thread 0x0000019c5bbbb000 Thread added: 0x0000019c41a22ad0
Event: 6.451 Thread 0x0000019c5bbbb000 Thread added: 0x0000019c41a1c1d0
Event: 6.589 Thread 0x0000019c5bbbb000 Thread added: 0x0000019c41a1e930
Event: 6.590 Thread 0x0000019c5bbbb000 Thread added: 0x0000019c41a1efc0
Event: 6.669 Thread 0x0000019c41a21db0 Thread added: 0x0000019c43604970
Event: 6.686 Thread 0x0000019c43604970 Thread added: 0x0000019c43606a40
Event: 6.767 Thread 0x0000019c41a21db0 Thread added: 0x0000019c43605000
Event: 7.122 Thread 0x0000019c41a21db0 Thread added: 0x0000019c43607760
Event: 7.172 Thread 0x0000019c43604970 Thread added: 0x0000019c436070d0
Event: 8.418 Thread 0x0000019c41a21720 Thread added: 0x0000019c43605d20
Event: 8.678 Thread 0x0000019c43604970 Thread added: 0x0000019c43605690
Event: 8.694 Thread 0x0000019c43604970 Thread added: 0x0000019c436063b0
Event: 9.840 Thread 0x0000019c43604970 Thread added: 0x0000019c43f5aff0
Event: 10.226 Thread 0x0000019c41dfed10 Thread exited: 0x0000019c41dfed10


Dynamic libraries:
0x00007ff710df0000 - 0x00007ff710dfe000 	C:\Program Files\Eclipse Adoptium\jdk-21.0.5.11-hotspot\bin\javaw.exe
0x00007ff99b010000 - 0x00007ff99b208000 	C:\Windows\SYSTEM32\ntdll.dll
0x00007ff999bf0000 - 0x00007ff999cb2000 	C:\Windows\System32\KERNEL32.DLL
0x00007ff9989e0000 - 0x00007ff998cd6000 	C:\Windows\System32\KERNELBASE.dll
0x00007ff998840000 - 0x00007ff998940000 	C:\Windows\System32\ucrtbase.dll
0x00007ff993ea0000 - 0x00007ff993ebe000 	C:\Program Files\Eclipse Adoptium\jdk-21.0.5.11-hotspot\bin\VCRUNTIME140.dll
0x00007ff993ed0000 - 0x00007ff993ee8000 	C:\Program Files\Eclipse Adoptium\jdk-21.0.5.11-hotspot\bin\jli.dll
0x00007ff999800000 - 0x00007ff9999a1000 	C:\Windows\System32\USER32.dll
0x00007ff9986a0000 - 0x00007ff9986c2000 	C:\Windows\System32\win32u.dll
0x00007ff984930000 - 0x00007ff984bcb000 	C:\Windows\WinSxS\amd64_microsoft.windows.common-controls_6595b64144ccf1df_6.0.19041.6456_none_60b8a6cb71f64256\COMCTL32.dll
0x00007ff99af30000 - 0x00007ff99afce000 	C:\Windows\System32\msvcrt.dll
0x00007ff999df0000 - 0x00007ff999e1b000 	C:\Windows\System32\GDI32.dll
0x00007ff998720000 - 0x00007ff998839000 	C:\Windows\System32\gdi32full.dll
0x00007ff998940000 - 0x00007ff9989dd000 	C:\Windows\System32\msvcp_win.dll
0x00007ff9999b0000 - 0x00007ff9999df000 	C:\Windows\System32\IMM32.DLL
0x00007ff993e90000 - 0x00007ff993e9c000 	C:\Program Files\Eclipse Adoptium\jdk-21.0.5.11-hotspot\bin\vcruntime140_1.dll
0x00007ff98c5f0000 - 0x00007ff98c67d000 	C:\Program Files\Eclipse Adoptium\jdk-21.0.5.11-hotspot\bin\msvcp140.dll
0x00007ff980350000 - 0x00007ff9810df000 	C:\Program Files\Eclipse Adoptium\jdk-21.0.5.11-hotspot\bin\server\jvm.dll
0x00007ff999e20000 - 0x00007ff999ed1000 	C:\Windows\System32\ADVAPI32.dll
0x00007ff99a110000 - 0x00007ff99a1af000 	C:\Windows\System32\sechost.dll
0x00007ff99ab10000 - 0x00007ff99ac30000 	C:\Windows\System32\RPCRT4.dll
0x00007ff999000000 - 0x00007ff999027000 	C:\Windows\System32\bcrypt.dll
0x00007ff999d80000 - 0x00007ff999deb000 	C:\Windows\System32\WS2_32.dll
0x00007ff998500000 - 0x00007ff99854b000 	C:\Windows\SYSTEM32\POWRPROF.dll
0x00007ff988510000 - 0x00007ff988537000 	C:\Windows\SYSTEM32\WINMM.dll
0x00007ff98f6d0000 - 0x00007ff98f6da000 	C:\Windows\SYSTEM32\VERSION.dll
0x00007ff9984e0000 - 0x00007ff9984f2000 	C:\Windows\SYSTEM32\UMPDC.dll
0x00007ff996510000 - 0x00007ff996522000 	C:\Windows\SYSTEM32\kernel.appcore.dll
0x00007ff993e80000 - 0x00007ff993e8a000 	C:\Program Files\Eclipse Adoptium\jdk-21.0.5.11-hotspot\bin\jimage.dll
0x00007ff9894c0000 - 0x00007ff9896c1000 	C:\Windows\SYSTEM32\DBGHELP.DLL
0x00007ff989480000 - 0x00007ff9894b4000 	C:\Windows\SYSTEM32\dbgcore.DLL
0x00007ff998e40000 - 0x00007ff998ec2000 	C:\Windows\System32\bcryptPrimitives.dll
0x00007ff993e50000 - 0x00007ff993e6f000 	C:\Program Files\Eclipse Adoptium\jdk-21.0.5.11-hotspot\bin\java.dll
0x00007ff99a2a0000 - 0x00007ff99aa10000 	C:\Windows\System32\SHELL32.dll
0x00007ff996710000 - 0x00007ff996eb5000 	C:\Windows\SYSTEM32\windows.storage.dll
0x00007ff999030000 - 0x00007ff999384000 	C:\Windows\System32\combase.dll
0x00007ff997ff0000 - 0x00007ff99801b000 	C:\Windows\SYSTEM32\Wldp.dll
0x00007ff99adb0000 - 0x00007ff99ae7d000 	C:\Windows\System32\OLEAUT32.dll
0x00007ff999cd0000 - 0x00007ff999d7d000 	C:\Windows\System32\SHCORE.dll
0x00007ff999b90000 - 0x00007ff999beb000 	C:\Windows\System32\shlwapi.dll
0x00007ff9985d0000 - 0x00007ff9985f4000 	C:\Windows\SYSTEM32\profapi.dll
0x00007ff98a220000 - 0x00007ff98a2f7000 	C:\Program Files\Eclipse Adoptium\jdk-21.0.5.11-hotspot\bin\jsvml.dll
0x00007ff993e40000 - 0x00007ff993e50000 	C:\Program Files\Eclipse Adoptium\jdk-21.0.5.11-hotspot\bin\net.dll
0x00007ff990590000 - 0x00007ff99069a000 	C:\Windows\SYSTEM32\WINHTTP.dll
0x00007ff997d50000 - 0x00007ff997dba000 	C:\Windows\system32\mswsock.dll
0x00007ff98aa30000 - 0x00007ff98aa46000 	C:\Program Files\Eclipse Adoptium\jdk-21.0.5.11-hotspot\bin\nio.dll
0x00007ff98b5b0000 - 0x00007ff98b5c8000 	C:\Program Files\Eclipse Adoptium\jdk-21.0.5.11-hotspot\bin\zip.dll
0x00007ff997f50000 - 0x00007ff997f68000 	C:\Windows\SYSTEM32\CRYPTSP.dll
0x00007ff997670000 - 0x00007ff9976a8000 	C:\Windows\system32\rsaenh.dll
0x00007ff998550000 - 0x00007ff99857e000 	C:\Windows\SYSTEM32\USERENV.dll
0x00007ff997f40000 - 0x00007ff997f4c000 	C:\Windows\SYSTEM32\CRYPTBASE.dll
0x00007ff997a30000 - 0x00007ff997a6b000 	C:\Windows\SYSTEM32\IPHLPAPI.DLL
0x00007ff999cc0000 - 0x00007ff999cc8000 	C:\Windows\System32\NSI.dll
0x00007ff993520000 - 0x00007ff993530000 	C:\Program Files\Eclipse Adoptium\jdk-21.0.5.11-hotspot\bin\verify.dll
0x00007ff993500000 - 0x00007ff99350a000 	C:\Program Files\Eclipse Adoptium\jdk-21.0.5.11-hotspot\bin\management.dll
0x00007ff98c730000 - 0x00007ff98c73b000 	C:\Program Files\Eclipse Adoptium\jdk-21.0.5.11-hotspot\bin\management_ext.dll
0x00007ff99a290000 - 0x00007ff99a298000 	C:\Windows\System32\PSAPI.DLL
0x00007ff997a80000 - 0x00007ff997b4a000 	C:\Windows\SYSTEM32\DNSAPI.dll
0x00007ff991d00000 - 0x00007ff991d0a000 	C:\Windows\System32\rasadhlp.dll
0x00007ff98fdc0000 - 0x00007ff98fe40000 	C:\Windows\System32\fwpuclnt.dll
0x00007ff98c5a0000 - 0x00007ff98c5a9000 	C:\Program Files\Eclipse Adoptium\jdk-21.0.5.11-hotspot\bin\extnet.dll
0x00007ff98a990000 - 0x00007ff98a99e000 	C:\Program Files\Eclipse Adoptium\jdk-21.0.5.11-hotspot\bin\sunmscapi.dll
0x00007ff998ce0000 - 0x00007ff998e3d000 	C:\Windows\System32\CRYPT32.dll
0x00007ff998060000 - 0x00007ff998087000 	C:\Windows\SYSTEM32\ncrypt.dll
0x00007ff998020000 - 0x00007ff99805b000 	C:\Windows\SYSTEM32\NTASN1.dll
0x00007ff98c770000 - 0x00007ff98c777000 	C:\Windows\system32\wshunix.dll

dbghelp: loaded successfully - version: 4.0.5 - missing functions: none
symbol engine: initialized successfully - sym options: 0x614 - pdb path: .;C:\Program Files\Eclipse Adoptium\jdk-21.0.5.11-hotspot\bin;C:\Windows\SYSTEM32;C:\Windows\WinSxS\amd64_microsoft.windows.common-controls_6595b64144ccf1df_6.0.19041.6456_none_60b8a6cb71f64256;C:\Program Files\Eclipse Adoptium\jdk-21.0.5.11-hotspot\bin\server

VM Arguments:
jvm_args: -DMX_LOG_LEVEL=INFO -Djava.library.path=C:/Users/Admin/Mendix/LearnNow Training management-main/deployment/model/lib/userlib -Dfile.encoding=UTF-8 -Djava.io.tmpdir=C:/Users/Admin/Mendix/LearnNow Training management-main/deployment/data/tmp -Dmendix.live-preview=enabled 
java_command: C:\Program Files\Mendix\10.24.9.81004\runtime\launcher\runtimelauncher.jar C:\Users\Admin\Mendix\LearnNow Training management-main\deployment
java_class_path (initial): C:\Program Files\Mendix\10.24.9.81004\runtime\launcher\runtimelauncher.jar
Launcher Type: SUN_STANDARD

[Global flags]
     intx CICompilerCount                          = 4                                         {product} {ergonomic}
     uint ConcGCThreads                            = 2                                         {product} {ergonomic}
     uint G1ConcRefinementThreads                  = 8                                         {product} {ergonomic}
   size_t G1HeapRegionSize                         = 1048576                                   {product} {ergonomic}
    uintx GCDrainStackTargetSize                   = 64                                        {product} {ergonomic}
   size_t InitialHeapSize                          = 67108864                                  {product} {ergonomic}
   size_t MarkStackSize                            = 4194304                                   {product} {ergonomic}
   size_t MaxHeapSize                              = 1073741824                                {product} {ergonomic}
   size_t MaxNewSize                               = 643825664                                 {product} {ergonomic}
   size_t MinHeapDeltaBytes                        = 1048576                                   {product} {ergonomic}
   size_t MinHeapSize                              = 8388608                                   {product} {ergonomic}
    uintx NonNMethodCodeHeapSize                   = 5839372                                {pd product} {ergonomic}
    uintx NonProfiledCodeHeapSize                  = 122909434                              {pd product} {ergonomic}
    uintx ProfiledCodeHeapSize                     = 122909434                              {pd product} {ergonomic}
    uintx ReservedCodeCacheSize                    = 251658240                              {pd product} {ergonomic}
     bool SegmentedCodeCache                       = true                                      {product} {ergonomic}
   size_t SoftMaxHeapSize                          = 1073741824                             {manageable} {ergonomic}
     bool UseCompressedOops                        = true                           {product lp64_product} {ergonomic}
     bool UseG1GC                                  = true                                      {product} {ergonomic}
     bool UseLargePagesIndividualAllocation        = false                                  {pd product} {ergonomic}

Logging:
Log output configuration:
 #0: stdout all=warning uptime,level,tags foldmultilines=false
 #1: stderr all=off uptime,level,tags foldmultilines=false

Environment Variables:
PATH=C:\Windows\system32;C:\Windows;C:\Windows\System32\Wbem;C:\Windows\System32\WindowsPowerShell\v1.0\;C:\Windows\System32\OpenSSH\;C:\Program Files\dotnet\;C:\Program Files\Git\cmd;C:\Users\Admin\AppData\Local\Microsoft\WindowsApps;
USERNAME=Admin
OS=Windows_NT
PROCESSOR_IDENTIFIER=Intel64 Family 6 Model 186 Stepping 3, GenuineIntel
TMP=C:\Users\Admin\AppData\Local\Temp
TEMP=C:\Users\Admin\AppData\Local\Temp




Periodic native trim disabled

---------------  S Y S T E M  ---------------

OS:
 Windows 10 , 64 bit Build 19041 (10.0.19041.5915)
OS uptime: 0 days 1:23 hours

CPU: total 8 (initial active 8) (8 cores per cpu, 1 threads per core) family 6 model 186 stepping 3 microcode 0x4128, cx8, cmov, fxsr, mmx, 3dnowpref, sse, sse2, sse3, ssse3, sse4.1, sse4.2, popcnt, lzcnt, tsc, tscinvbit, avx, avx2, aes, clmul, bmi1, bmi2, adx, sha, fma, vzeroupper, clflush, clflushopt, hv, rdtscp, f16c
Processor Information for all 8 processors :
  Max Mhz: 2626, Current Mhz: 2626, Mhz Limit: 2626

Memory: 4k page, system-wide physical 4095M (63M free)
TotalPageFile size 6603M (AvailPageFile size 9M)
current process WorkingSet (physical memory assigned to process): 203M, peak: 275M
current process commit charge ("private bytes"): 329M, peak: 344M

vm_info: OpenJDK 64-Bit Server VM (21.0.5+11-LTS) for windows-amd64 JRE (21.0.5+11-LTS), built on 2024-10-15T00:00:00Z by "admin" with MS VC++ 17.7 (VS2022)

END.
